[0.056s] DEBUG:colcon:Command line arguments: ['/usr/bin/colcon', 'build']
[0.056s] DEBUG:colcon:Parsed command line arguments: Namespace(log_base=None, log_level=None, verb_name='build', build_base='build', install_base='install', merge_install=False, symlink_install=False, test_result_base=None, continue_on_error=False, executor='parallel', parallel_workers=14, event_handlers=None, ignore_user_meta=False, metas=['./colcon.meta'], base_paths=['.'], packages_ignore=None, packages_ignore_regex=None, paths=None, packages_up_to=None, packages_up_to_regex=None, packages_above=None, packages_above_and_dependencies=None, packages_above_depth=None, packages_select_by_dep=None, packages_skip_by_dep=None, packages_skip_up_to=None, packages_select_build_failed=False, packages_skip_build_finished=False, packages_select_test_failures=False, packages_skip_test_passed=False, packages_select=None, packages_skip=None, packages_select_regex=None, packages_skip_regex=None, packages_start=None, packages_end=None, cmake_args=None, cmake_target=None, cmake_target_skip_unavailable=False, cmake_clean_cache=False, cmake_clean_first=False, cmake_force_configure=False, ament_cmake_args=None, catkin_cmake_args=None, catkin_skip_building_tests=False, mixin_files=None, mixin=None, verb_parser=<colcon_mixin.mixin.mixin_argument.MixinArgumentDecorator object at 0x76a7bafaeff0>, verb_extension=<colcon_core.verb.build.BuildVerb object at 0x76a7bafaed20>, main=<bound method BuildVerb.main of <colcon_core.verb.build.BuildVerb object at 0x76a7bafaed20>>, mixin_verb=('build',))
[0.074s] Level 1:colcon.colcon_core.package_discovery:discover_packages(colcon_meta) check parameters
[0.075s] Level 1:colcon.colcon_core.package_discovery:discover_packages(recursive) check parameters
[0.075s] Level 1:colcon.colcon_core.package_discovery:discover_packages(ignore) check parameters
[0.075s] Level 1:colcon.colcon_core.package_discovery:discover_packages(path) check parameters
[0.075s] Level 1:colcon.colcon_core.package_discovery:discover_packages(colcon_meta) discover
[0.075s] Level 1:colcon.colcon_core.package_discovery:discover_packages(recursive) discover
[0.075s] INFO:colcon.colcon_core.package_discovery:Crawling recursively for packages in '/home/admin/ros_ws/src/eta_robots/Universal_Robots_ROS2_Driver'
[0.075s] Level 1:colcon.colcon_core.package_identification:_identify(.) by extensions ['ignore', 'ignore_ament_install']
[0.075s] Level 1:colcon.colcon_core.package_identification:_identify(.) by extension 'ignore'
[0.075s] Level 1:colcon.colcon_core.package_identification:_identify(.) by extension 'ignore_ament_install'
[0.075s] Level 1:colcon.colcon_core.package_identification:_identify(.) by extensions ['colcon_pkg']
[0.075s] Level 1:colcon.colcon_core.package_identification:_identify(.) by extension 'colcon_pkg'
[0.075s] Level 1:colcon.colcon_core.package_identification:_identify(.) by extensions ['colcon_meta']
[0.075s] Level 1:colcon.colcon_core.package_identification:_identify(.) by extension 'colcon_meta'
[0.075s] Level 1:colcon.colcon_core.package_identification:_identify(.) by extensions ['ros']
[0.075s] Level 1:colcon.colcon_core.package_identification:_identify(.) by extension 'ros'
[0.088s] Level 1:colcon.colcon_core.package_identification:_identify(.) by extensions ['cmake', 'python']
[0.088s] Level 1:colcon.colcon_core.package_identification:_identify(.) by extension 'cmake'
[0.088s] Level 1:colcon.colcon_core.package_identification:_identify(.) by extension 'python'
[0.088s] Level 1:colcon.colcon_core.package_identification:_identify(.) by extensions ['python_setup_py']
[0.088s] Level 1:colcon.colcon_core.package_identification:_identify(.) by extension 'python_setup_py'
[0.088s] Level 1:colcon.colcon_core.package_identification:_identify(build) by extensions ['ignore', 'ignore_ament_install']
[0.088s] Level 1:colcon.colcon_core.package_identification:_identify(build) by extension 'ignore'
[0.088s] Level 1:colcon.colcon_core.package_identification:_identify(build) ignored
[0.088s] Level 1:colcon.colcon_core.package_identification:_identify(install) by extensions ['ignore', 'ignore_ament_install']
[0.088s] Level 1:colcon.colcon_core.package_identification:_identify(install) by extension 'ignore'
[0.088s] Level 1:colcon.colcon_core.package_identification:_identify(install) ignored
[0.088s] Level 1:colcon.colcon_core.package_identification:_identify(log) by extensions ['ignore', 'ignore_ament_install']
[0.088s] Level 1:colcon.colcon_core.package_identification:_identify(log) by extension 'ignore'
[0.088s] Level 1:colcon.colcon_core.package_identification:_identify(log) ignored
[0.088s] Level 1:colcon.colcon_core.package_identification:_identify(my_ur_msgs) by extensions ['ignore', 'ignore_ament_install']
[0.088s] Level 1:colcon.colcon_core.package_identification:_identify(my_ur_msgs) by extension 'ignore'
[0.088s] Level 1:colcon.colcon_core.package_identification:_identify(my_ur_msgs) by extension 'ignore_ament_install'
[0.088s] Level 1:colcon.colcon_core.package_identification:_identify(my_ur_msgs) by extensions ['colcon_pkg']
[0.088s] Level 1:colcon.colcon_core.package_identification:_identify(my_ur_msgs) by extension 'colcon_pkg'
[0.088s] Level 1:colcon.colcon_core.package_identification:_identify(my_ur_msgs) by extensions ['colcon_meta']
[0.088s] Level 1:colcon.colcon_core.package_identification:_identify(my_ur_msgs) by extension 'colcon_meta'
[0.088s] Level 1:colcon.colcon_core.package_identification:_identify(my_ur_msgs) by extensions ['ros']
[0.088s] Level 1:colcon.colcon_core.package_identification:_identify(my_ur_msgs) by extension 'ros'
[0.090s] DEBUG:colcon.colcon_core.package_identification:Package 'my_ur_msgs' with type 'ros.ament_cmake' and name 'my_ur_msgs'
[0.090s] Level 1:colcon.colcon_core.package_identification:_identify(ur) by extensions ['ignore', 'ignore_ament_install']
[0.090s] Level 1:colcon.colcon_core.package_identification:_identify(ur) by extension 'ignore'
[0.090s] Level 1:colcon.colcon_core.package_identification:_identify(ur) by extension 'ignore_ament_install'
[0.090s] Level 1:colcon.colcon_core.package_identification:_identify(ur) by extensions ['colcon_pkg']
[0.090s] Level 1:colcon.colcon_core.package_identification:_identify(ur) by extension 'colcon_pkg'
[0.090s] Level 1:colcon.colcon_core.package_identification:_identify(ur) by extensions ['colcon_meta']
[0.090s] Level 1:colcon.colcon_core.package_identification:_identify(ur) by extension 'colcon_meta'
[0.090s] Level 1:colcon.colcon_core.package_identification:_identify(ur) by extensions ['ros']
[0.090s] Level 1:colcon.colcon_core.package_identification:_identify(ur) by extension 'ros'
[0.090s] DEBUG:colcon.colcon_core.package_identification:Package 'ur' with type 'ros.ament_cmake' and name 'ur'
[0.090s] Level 1:colcon.colcon_core.package_identification:_identify(ur_calibration) by extensions ['ignore', 'ignore_ament_install']
[0.090s] Level 1:colcon.colcon_core.package_identification:_identify(ur_calibration) by extension 'ignore'
[0.090s] Level 1:colcon.colcon_core.package_identification:_identify(ur_calibration) by extension 'ignore_ament_install'
[0.090s] Level 1:colcon.colcon_core.package_identification:_identify(ur_calibration) by extensions ['colcon_pkg']
[0.090s] Level 1:colcon.colcon_core.package_identification:_identify(ur_calibration) by extension 'colcon_pkg'
[0.090s] Level 1:colcon.colcon_core.package_identification:_identify(ur_calibration) by extensions ['colcon_meta']
[0.090s] Level 1:colcon.colcon_core.package_identification:_identify(ur_calibration) by extension 'colcon_meta'
[0.090s] Level 1:colcon.colcon_core.package_identification:_identify(ur_calibration) by extensions ['ros']
[0.090s] Level 1:colcon.colcon_core.package_identification:_identify(ur_calibration) by extension 'ros'
[0.091s] DEBUG:colcon.colcon_core.package_identification:Package 'ur_calibration' with type 'ros.ament_cmake' and name 'ur_calibration'
[0.091s] Level 1:colcon.colcon_core.package_identification:_identify(ur_controllers) by extensions ['ignore', 'ignore_ament_install']
[0.091s] Level 1:colcon.colcon_core.package_identification:_identify(ur_controllers) by extension 'ignore'
[0.091s] Level 1:colcon.colcon_core.package_identification:_identify(ur_controllers) by extension 'ignore_ament_install'
[0.091s] Level 1:colcon.colcon_core.package_identification:_identify(ur_controllers) by extensions ['colcon_pkg']
[0.091s] Level 1:colcon.colcon_core.package_identification:_identify(ur_controllers) by extension 'colcon_pkg'
[0.091s] Level 1:colcon.colcon_core.package_identification:_identify(ur_controllers) by extensions ['colcon_meta']
[0.091s] Level 1:colcon.colcon_core.package_identification:_identify(ur_controllers) by extension 'colcon_meta'
[0.091s] Level 1:colcon.colcon_core.package_identification:_identify(ur_controllers) by extensions ['ros']
[0.091s] Level 1:colcon.colcon_core.package_identification:_identify(ur_controllers) by extension 'ros'
[0.092s] DEBUG:colcon.colcon_core.package_identification:Package 'ur_controllers' with type 'ros.ament_cmake' and name 'ur_controllers'
[0.092s] Level 1:colcon.colcon_core.package_identification:_identify(ur_dashboard_msgs) by extensions ['ignore', 'ignore_ament_install']
[0.092s] Level 1:colcon.colcon_core.package_identification:_identify(ur_dashboard_msgs) by extension 'ignore'
[0.092s] Level 1:colcon.colcon_core.package_identification:_identify(ur_dashboard_msgs) by extension 'ignore_ament_install'
[0.092s] Level 1:colcon.colcon_core.package_identification:_identify(ur_dashboard_msgs) by extensions ['colcon_pkg']
[0.092s] Level 1:colcon.colcon_core.package_identification:_identify(ur_dashboard_msgs) by extension 'colcon_pkg'
[0.092s] Level 1:colcon.colcon_core.package_identification:_identify(ur_dashboard_msgs) by extensions ['colcon_meta']
[0.092s] Level 1:colcon.colcon_core.package_identification:_identify(ur_dashboard_msgs) by extension 'colcon_meta'
[0.092s] Level 1:colcon.colcon_core.package_identification:_identify(ur_dashboard_msgs) by extensions ['ros']
[0.092s] Level 1:colcon.colcon_core.package_identification:_identify(ur_dashboard_msgs) by extension 'ros'
[0.092s] DEBUG:colcon.colcon_core.package_identification:Package 'ur_dashboard_msgs' with type 'ros.ament_cmake' and name 'ur_dashboard_msgs'
[0.092s] Level 1:colcon.colcon_core.package_identification:_identify(ur_moveit_config) by extensions ['ignore', 'ignore_ament_install']
[0.092s] Level 1:colcon.colcon_core.package_identification:_identify(ur_moveit_config) by extension 'ignore'
[0.092s] Level 1:colcon.colcon_core.package_identification:_identify(ur_moveit_config) by extension 'ignore_ament_install'
[0.092s] Level 1:colcon.colcon_core.package_identification:_identify(ur_moveit_config) by extensions ['colcon_pkg']
[0.092s] Level 1:colcon.colcon_core.package_identification:_identify(ur_moveit_config) by extension 'colcon_pkg'
[0.092s] Level 1:colcon.colcon_core.package_identification:_identify(ur_moveit_config) by extensions ['colcon_meta']
[0.092s] Level 1:colcon.colcon_core.package_identification:_identify(ur_moveit_config) by extension 'colcon_meta'
[0.092s] Level 1:colcon.colcon_core.package_identification:_identify(ur_moveit_config) by extensions ['ros']
[0.092s] Level 1:colcon.colcon_core.package_identification:_identify(ur_moveit_config) by extension 'ros'
[0.092s] DEBUG:colcon.colcon_core.package_identification:Package 'ur_moveit_config' with type 'ros.ament_cmake' and name 'ur_moveit_config'
[0.093s] Level 1:colcon.colcon_core.package_identification:_identify(ur_robot_driver) by extensions ['ignore', 'ignore_ament_install']
[0.093s] Level 1:colcon.colcon_core.package_identification:_identify(ur_robot_driver) by extension 'ignore'
[0.093s] Level 1:colcon.colcon_core.package_identification:_identify(ur_robot_driver) by extension 'ignore_ament_install'
[0.093s] Level 1:colcon.colcon_core.package_identification:_identify(ur_robot_driver) by extensions ['colcon_pkg']
[0.093s] Level 1:colcon.colcon_core.package_identification:_identify(ur_robot_driver) by extension 'colcon_pkg'
[0.093s] Level 1:colcon.colcon_core.package_identification:_identify(ur_robot_driver) by extensions ['colcon_meta']
[0.093s] Level 1:colcon.colcon_core.package_identification:_identify(ur_robot_driver) by extension 'colcon_meta'
[0.093s] Level 1:colcon.colcon_core.package_identification:_identify(ur_robot_driver) by extensions ['ros']
[0.093s] Level 1:colcon.colcon_core.package_identification:_identify(ur_robot_driver) by extension 'ros'
[0.093s] DEBUG:colcon.colcon_core.package_identification:Package 'ur_robot_driver' with type 'ros.ament_cmake' and name 'ur_robot_driver'
[0.093s] Level 1:colcon.colcon_core.package_discovery:discover_packages(recursive) using defaults
[0.094s] Level 1:colcon.colcon_core.package_discovery:discover_packages(ignore) discover
[0.094s] Level 1:colcon.colcon_core.package_discovery:discover_packages(ignore) using defaults
[0.094s] Level 1:colcon.colcon_core.package_discovery:discover_packages(path) discover
[0.094s] Level 1:colcon.colcon_core.package_discovery:discover_packages(path) using defaults
[0.104s] Level 5:colcon.colcon_core.verb:set package 'my_ur_msgs' build argument 'cmake_args' from command line to 'None'
[0.105s] Level 5:colcon.colcon_core.verb:set package 'my_ur_msgs' build argument 'cmake_target' from command line to 'None'
[0.105s] Level 5:colcon.colcon_core.verb:set package 'my_ur_msgs' build argument 'cmake_target_skip_unavailable' from command line to 'False'
[0.105s] Level 5:colcon.colcon_core.verb:set package 'my_ur_msgs' build argument 'cmake_clean_cache' from command line to 'False'
[0.105s] Level 5:colcon.colcon_core.verb:set package 'my_ur_msgs' build argument 'cmake_clean_first' from command line to 'False'
[0.105s] Level 5:colcon.colcon_core.verb:set package 'my_ur_msgs' build argument 'cmake_force_configure' from command line to 'False'
[0.105s] Level 5:colcon.colcon_core.verb:set package 'my_ur_msgs' build argument 'ament_cmake_args' from command line to 'None'
[0.105s] Level 5:colcon.colcon_core.verb:set package 'my_ur_msgs' build argument 'catkin_cmake_args' from command line to 'None'
[0.105s] Level 5:colcon.colcon_core.verb:set package 'my_ur_msgs' build argument 'catkin_skip_building_tests' from command line to 'False'
[0.105s] DEBUG:colcon.colcon_core.verb:Building package 'my_ur_msgs' with the following arguments: {'ament_cmake_args': None, 'build_base': '/home/admin/ros_ws/src/eta_robots/Universal_Robots_ROS2_Driver/build/my_ur_msgs', 'catkin_cmake_args': None, 'catkin_skip_building_tests': False, 'cmake_args': None, 'cmake_clean_cache': False, 'cmake_clean_first': False, 'cmake_force_configure': False, 'cmake_target': None, 'cmake_target_skip_unavailable': False, 'install_base': '/home/admin/ros_ws/src/eta_robots/Universal_Robots_ROS2_Driver/install/my_ur_msgs', 'merge_install': False, 'path': '/home/admin/ros_ws/src/eta_robots/Universal_Robots_ROS2_Driver/my_ur_msgs', 'symlink_install': False, 'test_result_base': None}
[0.105s] Level 5:colcon.colcon_core.verb:set package 'ur_dashboard_msgs' build argument 'cmake_args' from command line to 'None'
[0.105s] Level 5:colcon.colcon_core.verb:set package 'ur_dashboard_msgs' build argument 'cmake_target' from command line to 'None'
[0.105s] Level 5:colcon.colcon_core.verb:set package 'ur_dashboard_msgs' build argument 'cmake_target_skip_unavailable' from command line to 'False'
[0.105s] Level 5:colcon.colcon_core.verb:set package 'ur_dashboard_msgs' build argument 'cmake_clean_cache' from command line to 'False'
[0.105s] Level 5:colcon.colcon_core.verb:set package 'ur_dashboard_msgs' build argument 'cmake_clean_first' from command line to 'False'
[0.105s] Level 5:colcon.colcon_core.verb:set package 'ur_dashboard_msgs' build argument 'cmake_force_configure' from command line to 'False'
[0.105s] Level 5:colcon.colcon_core.verb:set package 'ur_dashboard_msgs' build argument 'ament_cmake_args' from command line to 'None'
[0.105s] Level 5:colcon.colcon_core.verb:set package 'ur_dashboard_msgs' build argument 'catkin_cmake_args' from command line to 'None'
[0.105s] Level 5:colcon.colcon_core.verb:set package 'ur_dashboard_msgs' build argument 'catkin_skip_building_tests' from command line to 'False'
[0.105s] DEBUG:colcon.colcon_core.verb:Building package 'ur_dashboard_msgs' with the following arguments: {'ament_cmake_args': None, 'build_base': '/home/admin/ros_ws/src/eta_robots/Universal_Robots_ROS2_Driver/build/ur_dashboard_msgs', 'catkin_cmake_args': None, 'catkin_skip_building_tests': False, 'cmake_args': None, 'cmake_clean_cache': False, 'cmake_clean_first': False, 'cmake_force_configure': False, 'cmake_target': None, 'cmake_target_skip_unavailable': False, 'install_base': '/home/admin/ros_ws/src/eta_robots/Universal_Robots_ROS2_Driver/install/ur_dashboard_msgs', 'merge_install': False, 'path': '/home/admin/ros_ws/src/eta_robots/Universal_Robots_ROS2_Driver/ur_dashboard_msgs', 'symlink_install': False, 'test_result_base': None}
[0.105s] Level 5:colcon.colcon_core.verb:set package 'ur_moveit_config' build argument 'cmake_args' from command line to 'None'
[0.105s] Level 5:colcon.colcon_core.verb:set package 'ur_moveit_config' build argument 'cmake_target' from command line to 'None'
[0.105s] Level 5:colcon.colcon_core.verb:set package 'ur_moveit_config' build argument 'cmake_target_skip_unavailable' from command line to 'False'
[0.105s] Level 5:colcon.colcon_core.verb:set package 'ur_moveit_config' build argument 'cmake_clean_cache' from command line to 'False'
[0.105s] Level 5:colcon.colcon_core.verb:set package 'ur_moveit_config' build argument 'cmake_clean_first' from command line to 'False'
[0.105s] Level 5:colcon.colcon_core.verb:set package 'ur_moveit_config' build argument 'cmake_force_configure' from command line to 'False'
[0.105s] Level 5:colcon.colcon_core.verb:set package 'ur_moveit_config' build argument 'ament_cmake_args' from command line to 'None'
[0.105s] Level 5:colcon.colcon_core.verb:set package 'ur_moveit_config' build argument 'catkin_cmake_args' from command line to 'None'
[0.105s] Level 5:colcon.colcon_core.verb:set package 'ur_moveit_config' build argument 'catkin_skip_building_tests' from command line to 'False'
[0.105s] DEBUG:colcon.colcon_core.verb:Building package 'ur_moveit_config' with the following arguments: {'ament_cmake_args': None, 'build_base': '/home/admin/ros_ws/src/eta_robots/Universal_Robots_ROS2_Driver/build/ur_moveit_config', 'catkin_cmake_args': None, 'catkin_skip_building_tests': False, 'cmake_args': None, 'cmake_clean_cache': False, 'cmake_clean_first': False, 'cmake_force_configure': False, 'cmake_target': None, 'cmake_target_skip_unavailable': False, 'install_base': '/home/admin/ros_ws/src/eta_robots/Universal_Robots_ROS2_Driver/install/ur_moveit_config', 'merge_install': False, 'path': '/home/admin/ros_ws/src/eta_robots/Universal_Robots_ROS2_Driver/ur_moveit_config', 'symlink_install': False, 'test_result_base': None}
[0.105s] Level 5:colcon.colcon_core.verb:set package 'ur_controllers' build argument 'cmake_args' from command line to 'None'
[0.105s] Level 5:colcon.colcon_core.verb:set package 'ur_controllers' build argument 'cmake_target' from command line to 'None'
[0.105s] Level 5:colcon.colcon_core.verb:set package 'ur_controllers' build argument 'cmake_target_skip_unavailable' from command line to 'False'
[0.105s] Level 5:colcon.colcon_core.verb:set package 'ur_controllers' build argument 'cmake_clean_cache' from command line to 'False'
[0.105s] Level 5:colcon.colcon_core.verb:set package 'ur_controllers' build argument 'cmake_clean_first' from command line to 'False'
[0.105s] Level 5:colcon.colcon_core.verb:set package 'ur_controllers' build argument 'cmake_force_configure' from command line to 'False'
[0.105s] Level 5:colcon.colcon_core.verb:set package 'ur_controllers' build argument 'ament_cmake_args' from command line to 'None'
[0.105s] Level 5:colcon.colcon_core.verb:set package 'ur_controllers' build argument 'catkin_cmake_args' from command line to 'None'
[0.105s] Level 5:colcon.colcon_core.verb:set package 'ur_controllers' build argument 'catkin_skip_building_tests' from command line to 'False'
[0.105s] DEBUG:colcon.colcon_core.verb:Building package 'ur_controllers' with the following arguments: {'ament_cmake_args': None, 'build_base': '/home/admin/ros_ws/src/eta_robots/Universal_Robots_ROS2_Driver/build/ur_controllers', 'catkin_cmake_args': None, 'catkin_skip_building_tests': False, 'cmake_args': None, 'cmake_clean_cache': False, 'cmake_clean_first': False, 'cmake_force_configure': False, 'cmake_target': None, 'cmake_target_skip_unavailable': False, 'install_base': '/home/admin/ros_ws/src/eta_robots/Universal_Robots_ROS2_Driver/install/ur_controllers', 'merge_install': False, 'path': '/home/admin/ros_ws/src/eta_robots/Universal_Robots_ROS2_Driver/ur_controllers', 'symlink_install': False, 'test_result_base': None}
[0.105s] Level 5:colcon.colcon_core.verb:set package 'ur_robot_driver' build argument 'cmake_args' from command line to 'None'
[0.105s] Level 5:colcon.colcon_core.verb:set package 'ur_robot_driver' build argument 'cmake_target' from command line to 'None'
[0.105s] Level 5:colcon.colcon_core.verb:set package 'ur_robot_driver' build argument 'cmake_target_skip_unavailable' from command line to 'False'
[0.105s] Level 5:colcon.colcon_core.verb:set package 'ur_robot_driver' build argument 'cmake_clean_cache' from command line to 'False'
[0.105s] Level 5:colcon.colcon_core.verb:set package 'ur_robot_driver' build argument 'cmake_clean_first' from command line to 'False'
[0.105s] Level 5:colcon.colcon_core.verb:set package 'ur_robot_driver' build argument 'cmake_force_configure' from command line to 'False'
[0.105s] Level 5:colcon.colcon_core.verb:set package 'ur_robot_driver' build argument 'ament_cmake_args' from command line to 'None'
[0.105s] Level 5:colcon.colcon_core.verb:set package 'ur_robot_driver' build argument 'catkin_cmake_args' from command line to 'None'
[0.105s] Level 5:colcon.colcon_core.verb:set package 'ur_robot_driver' build argument 'catkin_skip_building_tests' from command line to 'False'
[0.105s] DEBUG:colcon.colcon_core.verb:Building package 'ur_robot_driver' with the following arguments: {'ament_cmake_args': None, 'build_base': '/home/admin/ros_ws/src/eta_robots/Universal_Robots_ROS2_Driver/build/ur_robot_driver', 'catkin_cmake_args': None, 'catkin_skip_building_tests': False, 'cmake_args': None, 'cmake_clean_cache': False, 'cmake_clean_first': False, 'cmake_force_configure': False, 'cmake_target': None, 'cmake_target_skip_unavailable': False, 'install_base': '/home/admin/ros_ws/src/eta_robots/Universal_Robots_ROS2_Driver/install/ur_robot_driver', 'merge_install': False, 'path': '/home/admin/ros_ws/src/eta_robots/Universal_Robots_ROS2_Driver/ur_robot_driver', 'symlink_install': False, 'test_result_base': None}
[0.105s] Level 5:colcon.colcon_core.verb:set package 'ur_calibration' build argument 'cmake_args' from command line to 'None'
[0.106s] Level 5:colcon.colcon_core.verb:set package 'ur_calibration' build argument 'cmake_target' from command line to 'None'
[0.106s] Level 5:colcon.colcon_core.verb:set package 'ur_calibration' build argument 'cmake_target_skip_unavailable' from command line to 'False'
[0.106s] Level 5:colcon.colcon_core.verb:set package 'ur_calibration' build argument 'cmake_clean_cache' from command line to 'False'
[0.106s] Level 5:colcon.colcon_core.verb:set package 'ur_calibration' build argument 'cmake_clean_first' from command line to 'False'
[0.106s] Level 5:colcon.colcon_core.verb:set package 'ur_calibration' build argument 'cmake_force_configure' from command line to 'False'
[0.106s] Level 5:colcon.colcon_core.verb:set package 'ur_calibration' build argument 'ament_cmake_args' from command line to 'None'
[0.106s] Level 5:colcon.colcon_core.verb:set package 'ur_calibration' build argument 'catkin_cmake_args' from command line to 'None'
[0.106s] Level 5:colcon.colcon_core.verb:set package 'ur_calibration' build argument 'catkin_skip_building_tests' from command line to 'False'
[0.106s] DEBUG:colcon.colcon_core.verb:Building package 'ur_calibration' with the following arguments: {'ament_cmake_args': None, 'build_base': '/home/admin/ros_ws/src/eta_robots/Universal_Robots_ROS2_Driver/build/ur_calibration', 'catkin_cmake_args': None, 'catkin_skip_building_tests': False, 'cmake_args': None, 'cmake_clean_cache': False, 'cmake_clean_first': False, 'cmake_force_configure': False, 'cmake_target': None, 'cmake_target_skip_unavailable': False, 'install_base': '/home/admin/ros_ws/src/eta_robots/Universal_Robots_ROS2_Driver/install/ur_calibration', 'merge_install': False, 'path': '/home/admin/ros_ws/src/eta_robots/Universal_Robots_ROS2_Driver/ur_calibration', 'symlink_install': False, 'test_result_base': None}
[0.106s] Level 5:colcon.colcon_core.verb:set package 'ur' build argument 'cmake_args' from command line to 'None'
[0.106s] Level 5:colcon.colcon_core.verb:set package 'ur' build argument 'cmake_target' from command line to 'None'
[0.106s] Level 5:colcon.colcon_core.verb:set package 'ur' build argument 'cmake_target_skip_unavailable' from command line to 'False'
[0.106s] Level 5:colcon.colcon_core.verb:set package 'ur' build argument 'cmake_clean_cache' from command line to 'False'
[0.106s] Level 5:colcon.colcon_core.verb:set package 'ur' build argument 'cmake_clean_first' from command line to 'False'
[0.106s] Level 5:colcon.colcon_core.verb:set package 'ur' build argument 'cmake_force_configure' from command line to 'False'
[0.106s] Level 5:colcon.colcon_core.verb:set package 'ur' build argument 'ament_cmake_args' from command line to 'None'
[0.106s] Level 5:colcon.colcon_core.verb:set package 'ur' build argument 'catkin_cmake_args' from command line to 'None'
[0.106s] Level 5:colcon.colcon_core.verb:set package 'ur' build argument 'catkin_skip_building_tests' from command line to 'False'
[0.106s] DEBUG:colcon.colcon_core.verb:Building package 'ur' with the following arguments: {'ament_cmake_args': None, 'build_base': '/home/admin/ros_ws/src/eta_robots/Universal_Robots_ROS2_Driver/build/ur', 'catkin_cmake_args': None, 'catkin_skip_building_tests': False, 'cmake_args': None, 'cmake_clean_cache': False, 'cmake_clean_first': False, 'cmake_force_configure': False, 'cmake_target': None, 'cmake_target_skip_unavailable': False, 'install_base': '/home/admin/ros_ws/src/eta_robots/Universal_Robots_ROS2_Driver/install/ur', 'merge_install': False, 'path': '/home/admin/ros_ws/src/eta_robots/Universal_Robots_ROS2_Driver/ur', 'symlink_install': False, 'test_result_base': None}
[0.106s] INFO:colcon.colcon_core.executor:Executing jobs using 'parallel' executor
[0.107s] DEBUG:colcon.colcon_parallel_executor.executor.parallel:run_until_complete
[0.107s] INFO:colcon.colcon_ros.task.ament_cmake.build:Building ROS package in '/home/admin/ros_ws/src/eta_robots/Universal_Robots_ROS2_Driver/my_ur_msgs' with build type 'ament_cmake'
[0.107s] INFO:colcon.colcon_cmake.task.cmake.build:Building CMake package in '/home/admin/ros_ws/src/eta_robots/Universal_Robots_ROS2_Driver/my_ur_msgs'
[0.108s] INFO:colcon.colcon_core.plugin_system:Skipping extension 'colcon_core.shell.bat': Not used on non-Windows systems
[0.108s] INFO:colcon.colcon_core.shell:Skip shell extension 'powershell' for command environment: Not usable outside of PowerShell
[0.108s] DEBUG:colcon.colcon_core.shell:Skip shell extension 'dsv' for command environment
[0.109s] WARNING:colcon.colcon_ros.prefix_path.ament:The path '/home/admin/ros_ws/install/eta_slam' in the environment variable AMENT_PREFIX_PATH doesn't exist
[0.109s] WARNING:colcon.colcon_ros.prefix_path.ament:The path '/home/admin/ros_ws/install/eta_navigation' in the environment variable AMENT_PREFIX_PATH doesn't exist
[0.109s] WARNING:colcon.colcon_ros.prefix_path.ament:The path '/home/admin/ros_ws/install/eta_hardware' in the environment variable AMENT_PREFIX_PATH doesn't exist
[0.109s] WARNING:colcon.colcon_ros.prefix_path.ament:The path '/home/admin/ros_ws/install/eta_firmware' in the environment variable AMENT_PREFIX_PATH doesn't exist
[0.109s] WARNING:colcon.colcon_ros.prefix_path.ament:The path '/home/admin/ros_ws/install/eta_bringup' in the environment variable AMENT_PREFIX_PATH doesn't exist
[0.109s] WARNING:colcon.colcon_ros.prefix_path.ament:The path '/home/admin/ros_ws/install/eta_control' in the environment variable AMENT_PREFIX_PATH doesn't exist
[0.109s] WARNING:colcon.colcon_ros.prefix_path.ament:The path '/home/admin/ros_ws/install/eta_description' in the environment variable AMENT_PREFIX_PATH doesn't exist
[0.109s] WARNING:colcon.colcon_ros.prefix_path.ament:The path '/home/admin/ros_ws/install/eta_base' in the environment variable AMENT_PREFIX_PATH doesn't exist
[0.109s] WARNING:colcon.colcon_ros.prefix_path.catkin:The path '/home/admin/ros_ws/install/eta_slam' in the environment variable CMAKE_PREFIX_PATH doesn't exist
[0.109s] WARNING:colcon.colcon_ros.prefix_path.catkin:The path '/home/admin/ros_ws/install/eta_navigation' in the environment variable CMAKE_PREFIX_PATH doesn't exist
[0.109s] WARNING:colcon.colcon_ros.prefix_path.catkin:The path '/home/admin/ros_ws/install/eta_hardware' in the environment variable CMAKE_PREFIX_PATH doesn't exist
[0.109s] WARNING:colcon.colcon_ros.prefix_path.catkin:The path '/home/admin/ros_ws/install/eta_firmware' in the environment variable CMAKE_PREFIX_PATH doesn't exist
[0.109s] WARNING:colcon.colcon_ros.prefix_path.catkin:The path '/home/admin/ros_ws/install/eta_bringup' in the environment variable CMAKE_PREFIX_PATH doesn't exist
[0.109s] WARNING:colcon.colcon_ros.prefix_path.catkin:The path '/home/admin/ros_ws/install/eta_control' in the environment variable CMAKE_PREFIX_PATH doesn't exist
[0.109s] WARNING:colcon.colcon_ros.prefix_path.catkin:The path '/home/admin/ros_ws/install/eta_description' in the environment variable CMAKE_PREFIX_PATH doesn't exist
[0.109s] WARNING:colcon.colcon_ros.prefix_path.catkin:The path '/home/admin/ros_ws/install/eta_base' in the environment variable CMAKE_PREFIX_PATH doesn't exist
[0.112s] INFO:colcon.colcon_ros.task.ament_cmake.build:Building ROS package in '/home/admin/ros_ws/src/eta_robots/Universal_Robots_ROS2_Driver/ur_dashboard_msgs' with build type 'ament_cmake'
[0.112s] INFO:colcon.colcon_cmake.task.cmake.build:Building CMake package in '/home/admin/ros_ws/src/eta_robots/Universal_Robots_ROS2_Driver/ur_dashboard_msgs'
[0.112s] INFO:colcon.colcon_core.shell:Skip shell extension 'powershell' for command environment: Not usable outside of PowerShell
[0.112s] DEBUG:colcon.colcon_core.shell:Skip shell extension 'dsv' for command environment
[0.115s] INFO:colcon.colcon_ros.task.ament_cmake.build:Building ROS package in '/home/admin/ros_ws/src/eta_robots/Universal_Robots_ROS2_Driver/ur_moveit_config' with build type 'ament_cmake'
[0.115s] INFO:colcon.colcon_cmake.task.cmake.build:Building CMake package in '/home/admin/ros_ws/src/eta_robots/Universal_Robots_ROS2_Driver/ur_moveit_config'
[0.115s] INFO:colcon.colcon_core.shell:Skip shell extension 'powershell' for command environment: Not usable outside of PowerShell
[0.115s] DEBUG:colcon.colcon_core.shell:Skip shell extension 'dsv' for command environment
[0.120s] DEBUG:colcon.colcon_core.event_handler.log_command:Invoking command in '/home/admin/ros_ws/src/eta_robots/Universal_Robots_ROS2_Driver/build/my_ur_msgs': CMAKE_PREFIX_PATH=${CMAKE_PREFIX_PATH}:/home/admin/ros_ws/install/moveit_configs_utils:/home/admin/ros_ws/install/ros2_controllers_test_nodes:/opt/ros/kilted /usr/bin/cmake /home/admin/ros_ws/src/eta_robots/Universal_Robots_ROS2_Driver/my_ur_msgs -DCMAKE_INSTALL_PREFIX=/home/admin/ros_ws/src/eta_robots/Universal_Robots_ROS2_Driver/install/my_ur_msgs
[0.121s] DEBUG:colcon.colcon_core.event_handler.log_command:Invoking command in '/home/admin/ros_ws/src/eta_robots/Universal_Robots_ROS2_Driver/build/ur_dashboard_msgs': CMAKE_PREFIX_PATH=${CMAKE_PREFIX_PATH}:/home/admin/ros_ws/install/moveit_configs_utils:/home/admin/ros_ws/install/ros2_controllers_test_nodes:/opt/ros/kilted /usr/bin/cmake --build /home/admin/ros_ws/src/eta_robots/Universal_Robots_ROS2_Driver/build/ur_dashboard_msgs -- -j14 -l14
[0.124s] DEBUG:colcon.colcon_core.event_handler.log_command:Invoking command in '/home/admin/ros_ws/src/eta_robots/Universal_Robots_ROS2_Driver/build/ur_moveit_config': CMAKE_PREFIX_PATH=${CMAKE_PREFIX_PATH}:/home/admin/ros_ws/install/moveit_configs_utils:/home/admin/ros_ws/install/ros2_controllers_test_nodes:/opt/ros/kilted /usr/bin/cmake --build /home/admin/ros_ws/src/eta_robots/Universal_Robots_ROS2_Driver/build/ur_moveit_config -- -j14 -l14
[0.155s] DEBUG:colcon.colcon_core.event_handler.log_command:Invoked command in '/home/admin/ros_ws/src/eta_robots/Universal_Robots_ROS2_Driver/build/ur_moveit_config' returned '0': CMAKE_PREFIX_PATH=${CMAKE_PREFIX_PATH}:/home/admin/ros_ws/install/moveit_configs_utils:/home/admin/ros_ws/install/ros2_controllers_test_nodes:/opt/ros/kilted /usr/bin/cmake --build /home/admin/ros_ws/src/eta_robots/Universal_Robots_ROS2_Driver/build/ur_moveit_config -- -j14 -l14
[0.163s] DEBUG:colcon.colcon_core.event_handler.log_command:Invoking command in '/home/admin/ros_ws/src/eta_robots/Universal_Robots_ROS2_Driver/build/ur_moveit_config': CMAKE_PREFIX_PATH=${CMAKE_PREFIX_PATH}:/home/admin/ros_ws/install/moveit_configs_utils:/home/admin/ros_ws/install/ros2_controllers_test_nodes:/opt/ros/kilted /usr/bin/cmake --install /home/admin/ros_ws/src/eta_robots/Universal_Robots_ROS2_Driver/build/ur_moveit_config
[0.171s] Level 1:colcon.colcon_core.environment:create_environment_scripts_only(ur_moveit_config)
[0.174s] DEBUG:colcon.colcon_core.event_handler.log_command:Invoked command in '/home/admin/ros_ws/src/eta_robots/Universal_Robots_ROS2_Driver/build/ur_moveit_config' returned '0': CMAKE_PREFIX_PATH=${CMAKE_PREFIX_PATH}:/home/admin/ros_ws/install/moveit_configs_utils:/home/admin/ros_ws/install/ros2_controllers_test_nodes:/opt/ros/kilted /usr/bin/cmake --install /home/admin/ros_ws/src/eta_robots/Universal_Robots_ROS2_Driver/build/ur_moveit_config
[0.174s] Level 1:colcon.colcon_core.environment:checking '/home/admin/ros_ws/src/eta_robots/Universal_Robots_ROS2_Driver/install/ur_moveit_config' for CMake module files
[0.175s] Level 1:colcon.colcon_core.environment:checking '/home/admin/ros_ws/src/eta_robots/Universal_Robots_ROS2_Driver/install/ur_moveit_config' for CMake config files
[0.175s] Level 1:colcon.colcon_core.shell:create_environment_hook('ur_moveit_config', 'cmake_prefix_path')
[0.175s] INFO:colcon.colcon_core.shell:Creating environment hook '/home/admin/ros_ws/src/eta_robots/Universal_Robots_ROS2_Driver/install/ur_moveit_config/share/ur_moveit_config/hook/cmake_prefix_path.ps1'
[0.176s] INFO:colcon.colcon_core.shell:Creating environment descriptor '/home/admin/ros_ws/src/eta_robots/Universal_Robots_ROS2_Driver/install/ur_moveit_config/share/ur_moveit_config/hook/cmake_prefix_path.dsv'
[0.176s] INFO:colcon.colcon_core.shell:Creating environment hook '/home/admin/ros_ws/src/eta_robots/Universal_Robots_ROS2_Driver/install/ur_moveit_config/share/ur_moveit_config/hook/cmake_prefix_path.sh'
[0.176s] Level 1:colcon.colcon_core.environment:checking '/home/admin/ros_ws/src/eta_robots/Universal_Robots_ROS2_Driver/install/ur_moveit_config/bin'
[0.176s] Level 1:colcon.colcon_core.environment:checking '/home/admin/ros_ws/src/eta_robots/Universal_Robots_ROS2_Driver/install/ur_moveit_config/lib/pkgconfig/ur_moveit_config.pc'
[0.178s] Level 1:colcon.colcon_core.environment:checking '/home/admin/ros_ws/src/eta_robots/Universal_Robots_ROS2_Driver/install/ur_moveit_config/lib/python3.12/site-packages'
[0.178s] Level 1:colcon.colcon_core.environment:checking '/home/admin/ros_ws/src/eta_robots/Universal_Robots_ROS2_Driver/install/ur_moveit_config/bin'
[0.178s] INFO:colcon.colcon_core.shell:Creating package script '/home/admin/ros_ws/src/eta_robots/Universal_Robots_ROS2_Driver/install/ur_moveit_config/share/ur_moveit_config/package.ps1'
[0.179s] INFO:colcon.colcon_core.shell:Creating package descriptor '/home/admin/ros_ws/src/eta_robots/Universal_Robots_ROS2_Driver/install/ur_moveit_config/share/ur_moveit_config/package.dsv'
[0.180s] INFO:colcon.colcon_core.shell:Creating package script '/home/admin/ros_ws/src/eta_robots/Universal_Robots_ROS2_Driver/install/ur_moveit_config/share/ur_moveit_config/package.sh'
[0.180s] INFO:colcon.colcon_core.shell:Creating package script '/home/admin/ros_ws/src/eta_robots/Universal_Robots_ROS2_Driver/install/ur_moveit_config/share/ur_moveit_config/package.bash'
[0.180s] INFO:colcon.colcon_core.shell:Creating package script '/home/admin/ros_ws/src/eta_robots/Universal_Robots_ROS2_Driver/install/ur_moveit_config/share/ur_moveit_config/package.zsh'
[0.181s] Level 1:colcon.colcon_core.environment:create_file_with_runtime_dependencies(/home/admin/ros_ws/src/eta_robots/Universal_Robots_ROS2_Driver/install/ur_moveit_config/share/colcon-core/packages/ur_moveit_config)
[0.181s] Level 1:colcon.colcon_core.environment:create_environment_scripts_only(ur_moveit_config)
[0.181s] Level 1:colcon.colcon_core.environment:checking '/home/admin/ros_ws/src/eta_robots/Universal_Robots_ROS2_Driver/install/ur_moveit_config' for CMake module files
[0.181s] Level 1:colcon.colcon_core.environment:checking '/home/admin/ros_ws/src/eta_robots/Universal_Robots_ROS2_Driver/install/ur_moveit_config' for CMake config files
[0.182s] Level 1:colcon.colcon_core.shell:create_environment_hook('ur_moveit_config', 'cmake_prefix_path')
[0.182s] INFO:colcon.colcon_core.shell:Creating environment hook '/home/admin/ros_ws/src/eta_robots/Universal_Robots_ROS2_Driver/install/ur_moveit_config/share/ur_moveit_config/hook/cmake_prefix_path.ps1'
[0.182s] INFO:colcon.colcon_core.shell:Creating environment descriptor '/home/admin/ros_ws/src/eta_robots/Universal_Robots_ROS2_Driver/install/ur_moveit_config/share/ur_moveit_config/hook/cmake_prefix_path.dsv'
[0.182s] INFO:colcon.colcon_core.shell:Creating environment hook '/home/admin/ros_ws/src/eta_robots/Universal_Robots_ROS2_Driver/install/ur_moveit_config/share/ur_moveit_config/hook/cmake_prefix_path.sh'
[0.182s] Level 1:colcon.colcon_core.environment:checking '/home/admin/ros_ws/src/eta_robots/Universal_Robots_ROS2_Driver/install/ur_moveit_config/bin'
[0.183s] Level 1:colcon.colcon_core.environment:checking '/home/admin/ros_ws/src/eta_robots/Universal_Robots_ROS2_Driver/install/ur_moveit_config/lib/pkgconfig/ur_moveit_config.pc'
[0.183s] Level 1:colcon.colcon_core.environment:checking '/home/admin/ros_ws/src/eta_robots/Universal_Robots_ROS2_Driver/install/ur_moveit_config/lib/python3.12/site-packages'
[0.183s] Level 1:colcon.colcon_core.environment:checking '/home/admin/ros_ws/src/eta_robots/Universal_Robots_ROS2_Driver/install/ur_moveit_config/bin'
[0.183s] INFO:colcon.colcon_core.shell:Creating package script '/home/admin/ros_ws/src/eta_robots/Universal_Robots_ROS2_Driver/install/ur_moveit_config/share/ur_moveit_config/package.ps1'
[0.183s] INFO:colcon.colcon_core.shell:Creating package descriptor '/home/admin/ros_ws/src/eta_robots/Universal_Robots_ROS2_Driver/install/ur_moveit_config/share/ur_moveit_config/package.dsv'
[0.184s] INFO:colcon.colcon_core.shell:Creating package script '/home/admin/ros_ws/src/eta_robots/Universal_Robots_ROS2_Driver/install/ur_moveit_config/share/ur_moveit_config/package.sh'
[0.184s] INFO:colcon.colcon_core.shell:Creating package script '/home/admin/ros_ws/src/eta_robots/Universal_Robots_ROS2_Driver/install/ur_moveit_config/share/ur_moveit_config/package.bash'
[0.184s] INFO:colcon.colcon_core.shell:Creating package script '/home/admin/ros_ws/src/eta_robots/Universal_Robots_ROS2_Driver/install/ur_moveit_config/share/ur_moveit_config/package.zsh'
[0.184s] Level 1:colcon.colcon_core.environment:create_file_with_runtime_dependencies(/home/admin/ros_ws/src/eta_robots/Universal_Robots_ROS2_Driver/install/ur_moveit_config/share/colcon-core/packages/ur_moveit_config)
[0.412s] DEBUG:colcon.colcon_core.event_handler.log_command:Invoked command in '/home/admin/ros_ws/src/eta_robots/Universal_Robots_ROS2_Driver/build/ur_dashboard_msgs' returned '0': CMAKE_PREFIX_PATH=${CMAKE_PREFIX_PATH}:/home/admin/ros_ws/install/moveit_configs_utils:/home/admin/ros_ws/install/ros2_controllers_test_nodes:/opt/ros/kilted /usr/bin/cmake --build /home/admin/ros_ws/src/eta_robots/Universal_Robots_ROS2_Driver/build/ur_dashboard_msgs -- -j14 -l14
[0.412s] DEBUG:colcon.colcon_core.event_handler.log_command:Invoking command in '/home/admin/ros_ws/src/eta_robots/Universal_Robots_ROS2_Driver/build/ur_dashboard_msgs': CMAKE_PREFIX_PATH=${CMAKE_PREFIX_PATH}:/home/admin/ros_ws/install/moveit_configs_utils:/home/admin/ros_ws/install/ros2_controllers_test_nodes:/opt/ros/kilted /usr/bin/cmake --install /home/admin/ros_ws/src/eta_robots/Universal_Robots_ROS2_Driver/build/ur_dashboard_msgs
[0.618s] Level 1:colcon.colcon_core.environment:create_environment_scripts_only(ur_dashboard_msgs)
[0.618s] Level 1:colcon.colcon_core.environment:checking '/home/admin/ros_ws/src/eta_robots/Universal_Robots_ROS2_Driver/install/ur_dashboard_msgs' for CMake module files
[0.618s] DEBUG:colcon.colcon_core.event_handler.log_command:Invoked command in '/home/admin/ros_ws/src/eta_robots/Universal_Robots_ROS2_Driver/build/ur_dashboard_msgs' returned '0': CMAKE_PREFIX_PATH=${CMAKE_PREFIX_PATH}:/home/admin/ros_ws/install/moveit_configs_utils:/home/admin/ros_ws/install/ros2_controllers_test_nodes:/opt/ros/kilted /usr/bin/cmake --install /home/admin/ros_ws/src/eta_robots/Universal_Robots_ROS2_Driver/build/ur_dashboard_msgs
[0.619s] Level 1:colcon.colcon_core.environment:checking '/home/admin/ros_ws/src/eta_robots/Universal_Robots_ROS2_Driver/install/ur_dashboard_msgs' for CMake config files
[0.619s] Level 1:colcon.colcon_core.shell:create_environment_hook('ur_dashboard_msgs', 'cmake_prefix_path')
[0.619s] INFO:colcon.colcon_core.shell:Creating environment hook '/home/admin/ros_ws/src/eta_robots/Universal_Robots_ROS2_Driver/install/ur_dashboard_msgs/share/ur_dashboard_msgs/hook/cmake_prefix_path.ps1'
[0.620s] INFO:colcon.colcon_core.shell:Creating environment descriptor '/home/admin/ros_ws/src/eta_robots/Universal_Robots_ROS2_Driver/install/ur_dashboard_msgs/share/ur_dashboard_msgs/hook/cmake_prefix_path.dsv'
[0.620s] INFO:colcon.colcon_core.shell:Creating environment hook '/home/admin/ros_ws/src/eta_robots/Universal_Robots_ROS2_Driver/install/ur_dashboard_msgs/share/ur_dashboard_msgs/hook/cmake_prefix_path.sh'
[0.620s] Level 1:colcon.colcon_core.environment:checking '/home/admin/ros_ws/src/eta_robots/Universal_Robots_ROS2_Driver/install/ur_dashboard_msgs/lib'
[0.620s] Level 1:colcon.colcon_core.shell:create_environment_hook('ur_dashboard_msgs', 'ld_library_path_lib')
[0.620s] INFO:colcon.colcon_core.shell:Creating environment hook '/home/admin/ros_ws/src/eta_robots/Universal_Robots_ROS2_Driver/install/ur_dashboard_msgs/share/ur_dashboard_msgs/hook/ld_library_path_lib.ps1'
[0.620s] INFO:colcon.colcon_core.shell:Creating environment descriptor '/home/admin/ros_ws/src/eta_robots/Universal_Robots_ROS2_Driver/install/ur_dashboard_msgs/share/ur_dashboard_msgs/hook/ld_library_path_lib.dsv'
[0.621s] INFO:colcon.colcon_core.shell:Creating environment hook '/home/admin/ros_ws/src/eta_robots/Universal_Robots_ROS2_Driver/install/ur_dashboard_msgs/share/ur_dashboard_msgs/hook/ld_library_path_lib.sh'
[0.621s] Level 1:colcon.colcon_core.environment:checking '/home/admin/ros_ws/src/eta_robots/Universal_Robots_ROS2_Driver/install/ur_dashboard_msgs/bin'
[0.621s] Level 1:colcon.colcon_core.environment:checking '/home/admin/ros_ws/src/eta_robots/Universal_Robots_ROS2_Driver/install/ur_dashboard_msgs/lib/pkgconfig/ur_dashboard_msgs.pc'
[0.621s] Level 1:colcon.colcon_core.environment:checking '/home/admin/ros_ws/src/eta_robots/Universal_Robots_ROS2_Driver/install/ur_dashboard_msgs/lib/python3.12/site-packages'
[0.621s] Level 1:colcon.colcon_core.shell:create_environment_hook('ur_dashboard_msgs', 'pythonpath')
[0.621s] INFO:colcon.colcon_core.shell:Creating environment hook '/home/admin/ros_ws/src/eta_robots/Universal_Robots_ROS2_Driver/install/ur_dashboard_msgs/share/ur_dashboard_msgs/hook/pythonpath.ps1'
[0.621s] INFO:colcon.colcon_core.shell:Creating environment descriptor '/home/admin/ros_ws/src/eta_robots/Universal_Robots_ROS2_Driver/install/ur_dashboard_msgs/share/ur_dashboard_msgs/hook/pythonpath.dsv'
[0.622s] INFO:colcon.colcon_core.shell:Creating environment hook '/home/admin/ros_ws/src/eta_robots/Universal_Robots_ROS2_Driver/install/ur_dashboard_msgs/share/ur_dashboard_msgs/hook/pythonpath.sh'
[0.622s] Level 1:colcon.colcon_core.environment:checking '/home/admin/ros_ws/src/eta_robots/Universal_Robots_ROS2_Driver/install/ur_dashboard_msgs/bin'
[0.622s] INFO:colcon.colcon_core.shell:Creating package script '/home/admin/ros_ws/src/eta_robots/Universal_Robots_ROS2_Driver/install/ur_dashboard_msgs/share/ur_dashboard_msgs/package.ps1'
[0.622s] INFO:colcon.colcon_core.shell:Creating package descriptor '/home/admin/ros_ws/src/eta_robots/Universal_Robots_ROS2_Driver/install/ur_dashboard_msgs/share/ur_dashboard_msgs/package.dsv'
[0.623s] INFO:colcon.colcon_core.shell:Creating package script '/home/admin/ros_ws/src/eta_robots/Universal_Robots_ROS2_Driver/install/ur_dashboard_msgs/share/ur_dashboard_msgs/package.sh'
[0.623s] INFO:colcon.colcon_core.shell:Creating package script '/home/admin/ros_ws/src/eta_robots/Universal_Robots_ROS2_Driver/install/ur_dashboard_msgs/share/ur_dashboard_msgs/package.bash'
[0.623s] INFO:colcon.colcon_core.shell:Creating package script '/home/admin/ros_ws/src/eta_robots/Universal_Robots_ROS2_Driver/install/ur_dashboard_msgs/share/ur_dashboard_msgs/package.zsh'
[0.623s] Level 1:colcon.colcon_core.environment:create_file_with_runtime_dependencies(/home/admin/ros_ws/src/eta_robots/Universal_Robots_ROS2_Driver/install/ur_dashboard_msgs/share/colcon-core/packages/ur_dashboard_msgs)
[0.624s] Level 1:colcon.colcon_core.environment:create_environment_scripts_only(ur_dashboard_msgs)
[0.624s] Level 1:colcon.colcon_core.environment:checking '/home/admin/ros_ws/src/eta_robots/Universal_Robots_ROS2_Driver/install/ur_dashboard_msgs' for CMake module files
[0.624s] Level 1:colcon.colcon_core.environment:checking '/home/admin/ros_ws/src/eta_robots/Universal_Robots_ROS2_Driver/install/ur_dashboard_msgs' for CMake config files
[0.624s] Level 1:colcon.colcon_core.shell:create_environment_hook('ur_dashboard_msgs', 'cmake_prefix_path')
[0.625s] INFO:colcon.colcon_core.shell:Creating environment hook '/home/admin/ros_ws/src/eta_robots/Universal_Robots_ROS2_Driver/install/ur_dashboard_msgs/share/ur_dashboard_msgs/hook/cmake_prefix_path.ps1'
[0.625s] INFO:colcon.colcon_core.shell:Creating environment descriptor '/home/admin/ros_ws/src/eta_robots/Universal_Robots_ROS2_Driver/install/ur_dashboard_msgs/share/ur_dashboard_msgs/hook/cmake_prefix_path.dsv'
[0.625s] INFO:colcon.colcon_core.shell:Creating environment hook '/home/admin/ros_ws/src/eta_robots/Universal_Robots_ROS2_Driver/install/ur_dashboard_msgs/share/ur_dashboard_msgs/hook/cmake_prefix_path.sh'
[0.625s] Level 1:colcon.colcon_core.environment:checking '/home/admin/ros_ws/src/eta_robots/Universal_Robots_ROS2_Driver/install/ur_dashboard_msgs/lib'
[0.625s] Level 1:colcon.colcon_core.shell:create_environment_hook('ur_dashboard_msgs', 'ld_library_path_lib')
[0.625s] INFO:colcon.colcon_core.shell:Creating environment hook '/home/admin/ros_ws/src/eta_robots/Universal_Robots_ROS2_Driver/install/ur_dashboard_msgs/share/ur_dashboard_msgs/hook/ld_library_path_lib.ps1'
[0.626s] INFO:colcon.colcon_core.shell:Creating environment descriptor '/home/admin/ros_ws/src/eta_robots/Universal_Robots_ROS2_Driver/install/ur_dashboard_msgs/share/ur_dashboard_msgs/hook/ld_library_path_lib.dsv'
[0.626s] INFO:colcon.colcon_core.shell:Creating environment hook '/home/admin/ros_ws/src/eta_robots/Universal_Robots_ROS2_Driver/install/ur_dashboard_msgs/share/ur_dashboard_msgs/hook/ld_library_path_lib.sh'
[0.626s] Level 1:colcon.colcon_core.environment:checking '/home/admin/ros_ws/src/eta_robots/Universal_Robots_ROS2_Driver/install/ur_dashboard_msgs/bin'
[0.626s] Level 1:colcon.colcon_core.environment:checking '/home/admin/ros_ws/src/eta_robots/Universal_Robots_ROS2_Driver/install/ur_dashboard_msgs/lib/pkgconfig/ur_dashboard_msgs.pc'
[0.626s] Level 1:colcon.colcon_core.environment:checking '/home/admin/ros_ws/src/eta_robots/Universal_Robots_ROS2_Driver/install/ur_dashboard_msgs/lib/python3.12/site-packages'
[0.626s] Level 1:colcon.colcon_core.shell:create_environment_hook('ur_dashboard_msgs', 'pythonpath')
[0.626s] INFO:colcon.colcon_core.shell:Creating environment hook '/home/admin/ros_ws/src/eta_robots/Universal_Robots_ROS2_Driver/install/ur_dashboard_msgs/share/ur_dashboard_msgs/hook/pythonpath.ps1'
[0.626s] INFO:colcon.colcon_core.shell:Creating environment descriptor '/home/admin/ros_ws/src/eta_robots/Universal_Robots_ROS2_Driver/install/ur_dashboard_msgs/share/ur_dashboard_msgs/hook/pythonpath.dsv'
[0.627s] INFO:colcon.colcon_core.shell:Creating environment hook '/home/admin/ros_ws/src/eta_robots/Universal_Robots_ROS2_Driver/install/ur_dashboard_msgs/share/ur_dashboard_msgs/hook/pythonpath.sh'
[0.627s] Level 1:colcon.colcon_core.environment:checking '/home/admin/ros_ws/src/eta_robots/Universal_Robots_ROS2_Driver/install/ur_dashboard_msgs/bin'
[0.627s] INFO:colcon.colcon_core.shell:Creating package script '/home/admin/ros_ws/src/eta_robots/Universal_Robots_ROS2_Driver/install/ur_dashboard_msgs/share/ur_dashboard_msgs/package.ps1'
[0.627s] INFO:colcon.colcon_core.shell:Creating package descriptor '/home/admin/ros_ws/src/eta_robots/Universal_Robots_ROS2_Driver/install/ur_dashboard_msgs/share/ur_dashboard_msgs/package.dsv'
[0.628s] INFO:colcon.colcon_core.shell:Creating package script '/home/admin/ros_ws/src/eta_robots/Universal_Robots_ROS2_Driver/install/ur_dashboard_msgs/share/ur_dashboard_msgs/package.sh'
[0.628s] INFO:colcon.colcon_core.shell:Creating package script '/home/admin/ros_ws/src/eta_robots/Universal_Robots_ROS2_Driver/install/ur_dashboard_msgs/share/ur_dashboard_msgs/package.bash'
[0.628s] INFO:colcon.colcon_core.shell:Creating package script '/home/admin/ros_ws/src/eta_robots/Universal_Robots_ROS2_Driver/install/ur_dashboard_msgs/share/ur_dashboard_msgs/package.zsh'
[0.628s] Level 1:colcon.colcon_core.environment:create_file_with_runtime_dependencies(/home/admin/ros_ws/src/eta_robots/Universal_Robots_ROS2_Driver/install/ur_dashboard_msgs/share/colcon-core/packages/ur_dashboard_msgs)
[1.989s] DEBUG:colcon.colcon_core.event_handler.log_command:Invoked command in '/home/admin/ros_ws/src/eta_robots/Universal_Robots_ROS2_Driver/build/my_ur_msgs' returned '1': CMAKE_PREFIX_PATH=${CMAKE_PREFIX_PATH}:/home/admin/ros_ws/install/moveit_configs_utils:/home/admin/ros_ws/install/ros2_controllers_test_nodes:/opt/ros/kilted /usr/bin/cmake /home/admin/ros_ws/src/eta_robots/Universal_Robots_ROS2_Driver/my_ur_msgs -DCMAKE_INSTALL_PREFIX=/home/admin/ros_ws/src/eta_robots/Universal_Robots_ROS2_Driver/install/my_ur_msgs
[1.998s] Level 1:colcon.colcon_core.environment:create_environment_scripts_only(my_ur_msgs)
[1.998s] Level 1:colcon.colcon_core.environment:checking '/home/admin/ros_ws/src/eta_robots/Universal_Robots_ROS2_Driver/install/my_ur_msgs' for CMake module files
[1.999s] Level 1:colcon.colcon_core.environment:checking '/home/admin/ros_ws/src/eta_robots/Universal_Robots_ROS2_Driver/install/my_ur_msgs' for CMake config files
[1.999s] Level 1:colcon.colcon_core.environment:checking '/home/admin/ros_ws/src/eta_robots/Universal_Robots_ROS2_Driver/install/my_ur_msgs/bin'
[1.999s] Level 1:colcon.colcon_core.environment:checking '/home/admin/ros_ws/src/eta_robots/Universal_Robots_ROS2_Driver/install/my_ur_msgs/lib/pkgconfig/my_ur_msgs.pc'
[1.999s] Level 1:colcon.colcon_core.environment:checking '/home/admin/ros_ws/src/eta_robots/Universal_Robots_ROS2_Driver/install/my_ur_msgs/lib/python3.12/site-packages'
[1.999s] Level 1:colcon.colcon_core.environment:checking '/home/admin/ros_ws/src/eta_robots/Universal_Robots_ROS2_Driver/install/my_ur_msgs/bin'
[1.999s] INFO:colcon.colcon_core.shell:Creating package script '/home/admin/ros_ws/src/eta_robots/Universal_Robots_ROS2_Driver/install/my_ur_msgs/share/my_ur_msgs/package.ps1'
[2.000s] INFO:colcon.colcon_core.shell:Creating package descriptor '/home/admin/ros_ws/src/eta_robots/Universal_Robots_ROS2_Driver/install/my_ur_msgs/share/my_ur_msgs/package.dsv'
[2.000s] INFO:colcon.colcon_core.shell:Creating package script '/home/admin/ros_ws/src/eta_robots/Universal_Robots_ROS2_Driver/install/my_ur_msgs/share/my_ur_msgs/package.sh'
[2.000s] INFO:colcon.colcon_core.shell:Creating package script '/home/admin/ros_ws/src/eta_robots/Universal_Robots_ROS2_Driver/install/my_ur_msgs/share/my_ur_msgs/package.bash'
[2.000s] INFO:colcon.colcon_core.shell:Creating package script '/home/admin/ros_ws/src/eta_robots/Universal_Robots_ROS2_Driver/install/my_ur_msgs/share/my_ur_msgs/package.zsh'
[2.000s] Level 1:colcon.colcon_core.environment:create_file_with_runtime_dependencies(/home/admin/ros_ws/src/eta_robots/Universal_Robots_ROS2_Driver/install/my_ur_msgs/share/colcon-core/packages/my_ur_msgs)
[2.001s] DEBUG:colcon.colcon_parallel_executor.executor.parallel:closing loop
[2.001s] DEBUG:colcon.colcon_parallel_executor.executor.parallel:loop closed
[2.001s] DEBUG:colcon.colcon_parallel_executor.executor.parallel:run_until_complete finished with '1'
[2.001s] DEBUG:colcon.colcon_core.event_reactor:joining thread
[2.005s] INFO:colcon.colcon_core.plugin_system:Skipping extension 'colcon_notification.desktop_notification.notify_send': Could not find 'notify-send'
[2.005s] INFO:colcon.colcon_core.plugin_system:Skipping extension 'colcon_notification.desktop_notification.terminal_notifier': Not used on non-Darwin systems
[2.005s] INFO:colcon.colcon_core.plugin_system:Skipping extension 'colcon_notification.desktop_notification.win32': Not used on non-Windows systems
[2.005s] INFO:colcon.colcon_notification.desktop_notification:Sending desktop notification using 'notify2'
[2.007s] DEBUG:colcon.colcon_notification.desktop_notification.notify2:Failed to initialize notify2: org.freedesktop.DBus.Error.Spawn.ExecFailed: /usr/bin/dbus-launch terminated abnormally without any error message
[2.007s] DEBUG:colcon.colcon_core.event_reactor:joined thread
[2.008s] INFO:colcon.colcon_core.shell:Creating prefix script '/home/admin/ros_ws/src/eta_robots/Universal_Robots_ROS2_Driver/install/local_setup.ps1'
[2.009s] INFO:colcon.colcon_core.shell:Creating prefix util module '/home/admin/ros_ws/src/eta_robots/Universal_Robots_ROS2_Driver/install/_local_setup_util_ps1.py'
[2.009s] INFO:colcon.colcon_core.shell:Creating prefix chain script '/home/admin/ros_ws/src/eta_robots/Universal_Robots_ROS2_Driver/install/setup.ps1'
[2.010s] INFO:colcon.colcon_core.shell:Creating prefix script '/home/admin/ros_ws/src/eta_robots/Universal_Robots_ROS2_Driver/install/local_setup.sh'
[2.011s] INFO:colcon.colcon_core.shell:Creating prefix util module '/home/admin/ros_ws/src/eta_robots/Universal_Robots_ROS2_Driver/install/_local_setup_util_sh.py'
[2.011s] INFO:colcon.colcon_core.shell:Creating prefix chain script '/home/admin/ros_ws/src/eta_robots/Universal_Robots_ROS2_Driver/install/setup.sh'
[2.012s] INFO:colcon.colcon_core.shell:Creating prefix script '/home/admin/ros_ws/src/eta_robots/Universal_Robots_ROS2_Driver/install/local_setup.bash'
[2.012s] INFO:colcon.colcon_core.shell:Creating prefix chain script '/home/admin/ros_ws/src/eta_robots/Universal_Robots_ROS2_Driver/install/setup.bash'
[2.013s] INFO:colcon.colcon_core.shell:Creating prefix script '/home/admin/ros_ws/src/eta_robots/Universal_Robots_ROS2_Driver/install/local_setup.zsh'
[2.014s] INFO:colcon.colcon_core.shell:Creating prefix chain script '/home/admin/ros_ws/src/eta_robots/Universal_Robots_ROS2_Driver/install/setup.zsh'
