[0.012s] Invoking command in '/home/admin/ros_ws/src/eta_robots/Universal_Robots_ROS2_Driver/build/ur_controllers': AMENT_PREFIX_PATH=/home/admin/ros_ws/src/eta_robots/Universal_Robots_ROS2_Driver/install/ur_dashboard_msgs:/home/admin/ros_ws/src/eta_robots/Universal_Robots_ROS2_Driver/install/my_ur_msgs:${AMENT_PREFIX_PATH} CMAKE_PREFIX_PATH=/home/admin/ros_ws/src/eta_robots/Universal_Robots_ROS2_Driver/install/ur_dashboard_msgs:/home/admin/ros_ws/src/eta_robots/Universal_Robots_ROS2_Driver/install/my_ur_msgs:/home/admin/ros_ws/install/my_ur_msgs:/home/admin/ros_ws/install/ur_controllers:/home/admin/ros_ws/install/ur_msgs:/home/admin/ros_ws/install/ur_moveit_config:/home/admin/ros_ws/install/ur_description:/home/admin/ros_ws/install/ur_dashboard_msgs:/home/admin/ros_ws/install/ur_client_library:/home/admin/ros_ws/install/srdfdom:/home/admin/ros_ws/install/ros2_control_test_assets:/home/admin/ros_ws/install/joint_limits:/home/admin/ros_ws/install/realtime_tools:/home/admin/ros_ws/install/moveit_resources_prbt_support:/home/admin/ros_ws/install/moveit_resources_pr2_description:/home/admin/ros_ws/install/dual_arm_panda_moveit_config:/home/admin/ros_ws/install/moveit_resources_panda_description:/home/admin/ros_ws/install/moveit_resources_fanuc_description:/home/admin/ros_ws/install/moveit_common:/home/admin/ros_ws/install/kinematics_interface_kdl:/home/admin/ros_ws/install/kinematics_interface:/home/admin/ros_ws/install/controller_manager_msgs:/home/admin/ros_ws/install/eta_slam:/home/admin/ros_ws/install/eta_navigation:/home/admin/ros_ws/install/eta_hardware:/home/admin/ros_ws/install/eta_firmware:/home/admin/ros_ws/install/eta_bringup:/home/admin/ros_ws/install/eta_control:/home/admin/ros_ws/install/eta_description:/home/admin/ros_ws/install/eta_base:/opt/ros/kilted/opt/gz_sim_vendor:/opt/ros/kilted/opt/gz_sensors_vendor:/opt/ros/kilted/opt/gz_physics_vendor:/opt/ros/kilted/opt/sdformat_vendor:/opt/ros/kilted/opt/gz_gui_vendor:/opt/ros/kilted/opt/gz_transport_vendor:/opt/ros/kilted/opt/gz_rendering_vendor:/opt/ros/kilted/opt/gz_plugin_vendor:/opt/ros/kilted/opt/gz_fuel_tools_vendor:/opt/ros/kilted/opt/gz_msgs_vendor:/opt/ros/kilted/opt/gz_common_vendor:/opt/ros/kilted/opt/gz_math_vendor:/opt/ros/kilted/opt/gz_utils_vendor:/opt/ros/kilted/opt/gz_tools_vendor:/opt/ros/kilted/opt/gz_ogre_next_vendor:/opt/ros/kilted/opt/gz_dartsim_vendor:/opt/ros/kilted/opt/gz_cmake_vendor:/home/admin/ros_ws/install/moveit_configs_utils:/home/admin/ros_ws/install/ros2_controllers_test_nodes:/opt/ros/kilted LD_LIBRARY_PATH=/home/admin/ros_ws/src/eta_robots/Universal_Robots_ROS2_Driver/install/ur_dashboard_msgs/lib:/home/admin/ros_ws/src/eta_robots/Universal_Robots_ROS2_Driver/install/my_ur_msgs/lib:${LD_LIBRARY_PATH} PYTHONPATH=/home/admin/ros_ws/src/eta_robots/Universal_Robots_ROS2_Driver/install/ur_dashboard_msgs/lib/python3.12/site-packages:/home/admin/ros_ws/src/eta_robots/Universal_Robots_ROS2_Driver/install/my_ur_msgs/lib/python3.12/site-packages:${PYTHONPATH} /usr/bin/cmake /home/admin/ros_ws/src/eta_robots/Universal_Robots_ROS2_Driver/ur_controllers -DCMAKE_INSTALL_PREFIX=/home/admin/ros_ws/src/eta_robots/Universal_Robots_ROS2_Driver/install/ur_controllers
[0.049s] -- The C compiler identification is GNU 13.3.0
[0.085s] -- The CXX compiler identification is GNU 13.3.0
[0.096s] -- Detecting C compiler ABI info
[0.155s] -- Detecting C compiler ABI info - done
[0.161s] -- Check for working C compiler: /usr/bin/cc - skipped
[0.161s] -- Detecting C compile features
[0.161s] -- Detecting C compile features - done
[0.168s] -- Detecting CXX compiler ABI info
[0.235s] -- Detecting CXX compiler ABI info - done
[0.241s] -- Check for working CXX compiler: /usr/bin/c++ - skipped
[0.241s] -- Detecting CXX compile features
[0.242s] -- Detecting CXX compile features - done
[0.247s] -- Found ament_cmake: 2.7.5 (/opt/ros/kilted/share/ament_cmake/cmake)
[0.369s] -- Found Python3: /usr/bin/python3 (found version "3.12.3") found components: Interpreter 
[0.496s] -- Found angles: 1.16.1 (/opt/ros/kilted/share/angles/cmake)
[0.500s] -- Found controller_interface: 5.14.2 (/opt/ros/kilted/share/controller_interface/cmake)
[0.565s] -- Found rosidl_generator_c: 4.9.6 (/opt/ros/kilted/share/rosidl_generator_c/cmake)
[0.579s] -- Found rosidl_generator_cpp: 4.9.6 (/opt/ros/kilted/share/rosidl_generator_cpp/cmake)
[0.594s] -- Using all available rosidl_typesupport_c: rosidl_typesupport_fastrtps_c;rosidl_typesupport_introspection_c
[0.609s] -- Using all available rosidl_typesupport_cpp: rosidl_typesupport_fastrtps_cpp;rosidl_typesupport_introspection_cpp
[0.770s] -- Found TinyXML2 via Config file: /usr/lib/x86_64-linux-gnu/cmake/tinyxml2
[0.808s] -- Found rmw_implementation_cmake: 7.8.2 (/opt/ros/kilted/share/rmw_implementation_cmake/cmake)
[0.812s] -- Found rmw_fastrtps_cpp: 9.3.4 (/opt/ros/kilted/share/rmw_fastrtps_cpp/cmake)
[0.845s] -- Found TinyXML2 via Config file: /usr/lib/x86_64-linux-gnu/cmake/tinyxml2
[0.900s] -- Found OpenSSL: /usr/lib/x86_64-linux-gnu/libcrypto.so (found version "3.0.13")  
[0.903s] -- Found TinyXML2 via Config file: /usr/lib/x86_64-linux-gnu/cmake/tinyxml2
[0.908s] -- Using RMW implementation 'rmw_fastrtps_cpp' as default
[0.999s] -- Found Boost: /usr/lib/x86_64-linux-gnu/cmake/Boost-1.83.0/BoostConfig.cmake (found version "1.83.0")  
[1.152s] -- Found joint_trajectory_controller: 5.15.1 (/opt/ros/kilted/share/joint_trajectory_controller/cmake)
[1.177s] [0mCMake Deprecation Warning at /opt/ros/kilted/share/tl_expected/cmake/tl_expectedConfig.cmake:37 (message):
[1.177s]   Package 'tl_expected' is deprecated (This package will be removed in ROS 2
[1.177s]   Lyrical Luth.
[1.177s] 
[1.177s]         Use tl/expected.hpp from libexpected-dev,
[1.177s]         or rcpputils/tl_expected/expected.hpp if the system header is not available)
[1.177s] Call Stack (most recent call first):
[1.178s]   /opt/ros/kilted/share/parameter_traits/cmake/ament_cmake_export_dependencies-extras.cmake:21 (find_package)
[1.178s]   /opt/ros/kilted/share/parameter_traits/cmake/parameter_traitsConfig.cmake:41 (include)
[1.178s]   /opt/ros/kilted/share/joint_trajectory_controller/cmake/ament_cmake_export_dependencies-extras.cmake:21 (find_package)
[1.178s]   /opt/ros/kilted/share/joint_trajectory_controller/cmake/joint_trajectory_controllerConfig.cmake:41 (include)
[1.178s]   CMakeLists.txt:13 (find_package)
[1.178s] 
[1.178s] [0m
[1.220s] -- Found eigen3_cmake_module: 0.4.0 (/opt/ros/kilted/share/eigen3_cmake_module/cmake)
[1.220s] -- Found Eigen3: TRUE (found version "3.4.0") 
[1.220s] -- Ensuring Eigen3 include directory is part of orocos-kdl CMake target
[1.294s] -- Found std_srvs: 5.5.2 (/opt/ros/kilted/share/std_srvs/cmake)
[1.302s] -- Found ur_dashboard_msgs: 4.8.0 (/home/admin/ros_ws/src/eta_robots/Universal_Robots_ROS2_Driver/install/ur_dashboard_msgs/share/ur_dashboard_msgs/cmake)
[1.326s] -- Found ur_msgs: 2.6.0 (/home/admin/ros_ws/install/ur_msgs/share/ur_msgs/cmake)
[1.355s] -- Found my_ur_msgs: 0.0.0 (/home/admin/ros_ws/src/eta_robots/Universal_Robots_ROS2_Driver/install/my_ur_msgs/share/my_ur_msgs/cmake)
[1.376s] -- Found ament_cmake_gmock: 2.7.5 (/opt/ros/kilted/share/ament_cmake_gmock/cmake)
[1.380s] -- Found controller_manager: 5.14.2 (/opt/ros/kilted/share/controller_manager/cmake)
[1.413s] -- Found ros2_control_test_assets: 5.16.0 (/home/admin/ros_ws/install/ros2_control_test_assets/share/ros2_control_test_assets/cmake)
[1.417s] -- Found gmock sources under '/opt/ros/kilted/src/gmock_vendor': C++ tests using 'Google Mock' will be built
[1.424s] -- Found ament_cmake_gtest: 2.7.5 (/opt/ros/kilted/share/ament_cmake_gtest/cmake)
[1.425s] -- Found gtest sources under '/opt/ros/kilted/src/gtest_vendor': C++ tests using 'Google Test' will be built
[1.493s] -- Configuring done (1.5s)
[1.546s] -- Generating done (0.0s)
[1.555s] -- Build files have been written to: /home/admin/ros_ws/src/eta_robots/Universal_Robots_ROS2_Driver/build/ur_controllers
[1.565s] Invoked command in '/home/admin/ros_ws/src/eta_robots/Universal_Robots_ROS2_Driver/build/ur_controllers' returned '0': AMENT_PREFIX_PATH=/home/admin/ros_ws/src/eta_robots/Universal_Robots_ROS2_Driver/install/ur_dashboard_msgs:/home/admin/ros_ws/src/eta_robots/Universal_Robots_ROS2_Driver/install/my_ur_msgs:${AMENT_PREFIX_PATH} CMAKE_PREFIX_PATH=/home/admin/ros_ws/src/eta_robots/Universal_Robots_ROS2_Driver/install/ur_dashboard_msgs:/home/admin/ros_ws/src/eta_robots/Universal_Robots_ROS2_Driver/install/my_ur_msgs:/home/admin/ros_ws/install/my_ur_msgs:/home/admin/ros_ws/install/ur_controllers:/home/admin/ros_ws/install/ur_msgs:/home/admin/ros_ws/install/ur_moveit_config:/home/admin/ros_ws/install/ur_description:/home/admin/ros_ws/install/ur_dashboard_msgs:/home/admin/ros_ws/install/ur_client_library:/home/admin/ros_ws/install/srdfdom:/home/admin/ros_ws/install/ros2_control_test_assets:/home/admin/ros_ws/install/joint_limits:/home/admin/ros_ws/install/realtime_tools:/home/admin/ros_ws/install/moveit_resources_prbt_support:/home/admin/ros_ws/install/moveit_resources_pr2_description:/home/admin/ros_ws/install/dual_arm_panda_moveit_config:/home/admin/ros_ws/install/moveit_resources_panda_description:/home/admin/ros_ws/install/moveit_resources_fanuc_description:/home/admin/ros_ws/install/moveit_common:/home/admin/ros_ws/install/kinematics_interface_kdl:/home/admin/ros_ws/install/kinematics_interface:/home/admin/ros_ws/install/controller_manager_msgs:/home/admin/ros_ws/install/eta_slam:/home/admin/ros_ws/install/eta_navigation:/home/admin/ros_ws/install/eta_hardware:/home/admin/ros_ws/install/eta_firmware:/home/admin/ros_ws/install/eta_bringup:/home/admin/ros_ws/install/eta_control:/home/admin/ros_ws/install/eta_description:/home/admin/ros_ws/install/eta_base:/opt/ros/kilted/opt/gz_sim_vendor:/opt/ros/kilted/opt/gz_sensors_vendor:/opt/ros/kilted/opt/gz_physics_vendor:/opt/ros/kilted/opt/sdformat_vendor:/opt/ros/kilted/opt/gz_gui_vendor:/opt/ros/kilted/opt/gz_transport_vendor:/opt/ros/kilted/opt/gz_rendering_vendor:/opt/ros/kilted/opt/gz_plugin_vendor:/opt/ros/kilted/opt/gz_fuel_tools_vendor:/opt/ros/kilted/opt/gz_msgs_vendor:/opt/ros/kilted/opt/gz_common_vendor:/opt/ros/kilted/opt/gz_math_vendor:/opt/ros/kilted/opt/gz_utils_vendor:/opt/ros/kilted/opt/gz_tools_vendor:/opt/ros/kilted/opt/gz_ogre_next_vendor:/opt/ros/kilted/opt/gz_dartsim_vendor:/opt/ros/kilted/opt/gz_cmake_vendor:/home/admin/ros_ws/install/moveit_configs_utils:/home/admin/ros_ws/install/ros2_controllers_test_nodes:/opt/ros/kilted LD_LIBRARY_PATH=/home/admin/ros_ws/src/eta_robots/Universal_Robots_ROS2_Driver/install/ur_dashboard_msgs/lib:/home/admin/ros_ws/src/eta_robots/Universal_Robots_ROS2_Driver/install/my_ur_msgs/lib:${LD_LIBRARY_PATH} PYTHONPATH=/home/admin/ros_ws/src/eta_robots/Universal_Robots_ROS2_Driver/install/ur_dashboard_msgs/lib/python3.12/site-packages:/home/admin/ros_ws/src/eta_robots/Universal_Robots_ROS2_Driver/install/my_ur_msgs/lib/python3.12/site-packages:${PYTHONPATH} /usr/bin/cmake /home/admin/ros_ws/src/eta_robots/Universal_Robots_ROS2_Driver/ur_controllers -DCMAKE_INSTALL_PREFIX=/home/admin/ros_ws/src/eta_robots/Universal_Robots_ROS2_Driver/install/ur_controllers
[1.565s] Invoking command in '/home/admin/ros_ws/src/eta_robots/Universal_Robots_ROS2_Driver/build/ur_controllers': AMENT_PREFIX_PATH=/home/admin/ros_ws/src/eta_robots/Universal_Robots_ROS2_Driver/install/ur_dashboard_msgs:/home/admin/ros_ws/src/eta_robots/Universal_Robots_ROS2_Driver/install/my_ur_msgs:${AMENT_PREFIX_PATH} CMAKE_PREFIX_PATH=/home/admin/ros_ws/src/eta_robots/Universal_Robots_ROS2_Driver/install/ur_dashboard_msgs:/home/admin/ros_ws/src/eta_robots/Universal_Robots_ROS2_Driver/install/my_ur_msgs:/home/admin/ros_ws/install/my_ur_msgs:/home/admin/ros_ws/install/ur_controllers:/home/admin/ros_ws/install/ur_msgs:/home/admin/ros_ws/install/ur_moveit_config:/home/admin/ros_ws/install/ur_description:/home/admin/ros_ws/install/ur_dashboard_msgs:/home/admin/ros_ws/install/ur_client_library:/home/admin/ros_ws/install/srdfdom:/home/admin/ros_ws/install/ros2_control_test_assets:/home/admin/ros_ws/install/joint_limits:/home/admin/ros_ws/install/realtime_tools:/home/admin/ros_ws/install/moveit_resources_prbt_support:/home/admin/ros_ws/install/moveit_resources_pr2_description:/home/admin/ros_ws/install/dual_arm_panda_moveit_config:/home/admin/ros_ws/install/moveit_resources_panda_description:/home/admin/ros_ws/install/moveit_resources_fanuc_description:/home/admin/ros_ws/install/moveit_common:/home/admin/ros_ws/install/kinematics_interface_kdl:/home/admin/ros_ws/install/kinematics_interface:/home/admin/ros_ws/install/controller_manager_msgs:/home/admin/ros_ws/install/eta_slam:/home/admin/ros_ws/install/eta_navigation:/home/admin/ros_ws/install/eta_hardware:/home/admin/ros_ws/install/eta_firmware:/home/admin/ros_ws/install/eta_bringup:/home/admin/ros_ws/install/eta_control:/home/admin/ros_ws/install/eta_description:/home/admin/ros_ws/install/eta_base:/opt/ros/kilted/opt/gz_sim_vendor:/opt/ros/kilted/opt/gz_sensors_vendor:/opt/ros/kilted/opt/gz_physics_vendor:/opt/ros/kilted/opt/sdformat_vendor:/opt/ros/kilted/opt/gz_gui_vendor:/opt/ros/kilted/opt/gz_transport_vendor:/opt/ros/kilted/opt/gz_rendering_vendor:/opt/ros/kilted/opt/gz_plugin_vendor:/opt/ros/kilted/opt/gz_fuel_tools_vendor:/opt/ros/kilted/opt/gz_msgs_vendor:/opt/ros/kilted/opt/gz_common_vendor:/opt/ros/kilted/opt/gz_math_vendor:/opt/ros/kilted/opt/gz_utils_vendor:/opt/ros/kilted/opt/gz_tools_vendor:/opt/ros/kilted/opt/gz_ogre_next_vendor:/opt/ros/kilted/opt/gz_dartsim_vendor:/opt/ros/kilted/opt/gz_cmake_vendor:/home/admin/ros_ws/install/moveit_configs_utils:/home/admin/ros_ws/install/ros2_controllers_test_nodes:/opt/ros/kilted LD_LIBRARY_PATH=/home/admin/ros_ws/src/eta_robots/Universal_Robots_ROS2_Driver/install/ur_dashboard_msgs/lib:/home/admin/ros_ws/src/eta_robots/Universal_Robots_ROS2_Driver/install/my_ur_msgs/lib:${LD_LIBRARY_PATH} PYTHONPATH=/home/admin/ros_ws/src/eta_robots/Universal_Robots_ROS2_Driver/install/ur_dashboard_msgs/lib/python3.12/site-packages:/home/admin/ros_ws/src/eta_robots/Universal_Robots_ROS2_Driver/install/my_ur_msgs/lib/python3.12/site-packages:${PYTHONPATH} /usr/bin/cmake --build /home/admin/ros_ws/src/eta_robots/Universal_Robots_ROS2_Driver/build/ur_controllers -- -j14 -l14
[1.609s] [ 10%] [34m[1mRunning `/opt/ros/kilted/bin/generate_parameter_library_cpp /home/admin/ros_ws/src/eta_robots/Universal_Robots_ROS2_Driver/build/ur_controllers/include/ur_controllers/force_mode_controller_parameters.hpp /home/admin/ros_ws/src/eta_robots/Universal_Robots_ROS2_Driver/ur_controllers/src/force_mode_controller_parameters.yaml `[0m
[1.610s] [ 10%] [34m[1mRunning `/opt/ros/kilted/bin/generate_parameter_library_cpp /home/admin/ros_ws/src/eta_robots/Universal_Robots_ROS2_Driver/build/ur_controllers/include/ur_controllers/passthrough_trajectory_controller_parameters.hpp /home/admin/ros_ws/src/eta_robots/Universal_Robots_ROS2_Driver/ur_controllers/src/passthrough_trajectory_controller_parameters.yaml `[0m
[1.610s] [ 10%] [34m[1mRunning `/opt/ros/kilted/bin/generate_parameter_library_cpp /home/admin/ros_ws/src/eta_robots/Universal_Robots_ROS2_Driver/build/ur_controllers/include/ur_controllers/tool_contact_controller_parameters.hpp /home/admin/ros_ws/src/eta_robots/Universal_Robots_ROS2_Driver/ur_controllers/src/tool_contact_controller_parameters.yaml `[0m
[1.610s] [ 10%] [34m[1mRunning `/opt/ros/kilted/bin/generate_parameter_library_cpp /home/admin/ros_ws/src/eta_robots/Universal_Robots_ROS2_Driver/build/ur_controllers/include/ur_controllers/scaled_joint_trajectory_controller_parameters.hpp /home/admin/ros_ws/src/eta_robots/Universal_Robots_ROS2_Driver/ur_controllers/src/scaled_joint_trajectory_controller_parameters.yaml `[0m
[1.611s] [ 12%] [34m[1mRunning `/opt/ros/kilted/bin/generate_parameter_library_cpp /home/admin/ros_ws/src/eta_robots/Universal_Robots_ROS2_Driver/build/ur_controllers/include/ur_controllers/gravity_update_controller_parameters.hpp /home/admin/ros_ws/src/eta_robots/Universal_Robots_ROS2_Driver/ur_controllers/src/gravity_update_controller_parameters.yaml `[0m
[1.614s] [ 15%] [32mBuilding CXX object gmock/CMakeFiles/gmock.dir/src/gmock-all.cc.o[0m
[1.614s] [ 20%] [34m[1mRunning `/opt/ros/kilted/bin/generate_parameter_library_cpp /home/admin/ros_ws/src/eta_robots/Universal_Robots_ROS2_Driver/build/ur_controllers/include/ur_controllers/ur_configuration_controller_parameters.hpp /home/admin/ros_ws/src/eta_robots/Universal_Robots_ROS2_Driver/ur_controllers/src/ur_configuration_controller_parameters.yaml `[0m
[1.614s] [ 20%] [34m[1mRunning `/opt/ros/kilted/bin/generate_parameter_library_cpp /home/admin/ros_ws/src/eta_robots/Universal_Robots_ROS2_Driver/build/ur_controllers/include/ur_controllers/speed_scaling_state_broadcaster_parameters.hpp /home/admin/ros_ws/src/eta_robots/Universal_Robots_ROS2_Driver/ur_controllers/src/speed_scaling_state_broadcaster_parameters.yaml `[0m
[1.616s] [ 23%] [34m[1mRunning `/opt/ros/kilted/bin/generate_parameter_library_cpp /home/admin/ros_ws/src/eta_robots/Universal_Robots_ROS2_Driver/build/ur_controllers/include/ur_controllers/freedrive_mode_controller_parameters.hpp /home/admin/ros_ws/src/eta_robots/Universal_Robots_ROS2_Driver/ur_controllers/src/freedrive_mode_controller_parameters.yaml `[0m
[1.618s] [ 25%] [34m[1mRunning `/opt/ros/kilted/bin/generate_parameter_library_cpp /home/admin/ros_ws/src/eta_robots/Universal_Robots_ROS2_Driver/build/ur_controllers/include/ur_controllers/friction_model_controller_parameters.hpp /home/admin/ros_ws/src/eta_robots/Universal_Robots_ROS2_Driver/ur_controllers/src/friction_model_controller_parameters.yaml `[0m
[1.619s] [ 28%] [32mBuilding CXX object gmock/CMakeFiles/gmock_main.dir/src/gmock_main.cc.o[0m
[1.638s] [ 30%] [32mBuilding CXX object gmock/CMakeFiles/gmock.dir/opt/ros/kilted/src/gtest_vendor/src/gtest-all.cc.o[0m
[1.998s] [ 33%] [34m[1mCreating deprecated header file /home/admin/ros_ws/src/eta_robots/Universal_Robots_ROS2_Driver/build/ur_controllers/include/force_mode_controller_parameters.hpp[0m
[2.015s] [ 35%] [34m[1mCreating deprecated header file /home/admin/ros_ws/src/eta_robots/Universal_Robots_ROS2_Driver/build/ur_controllers/include/speed_scaling_state_broadcaster_parameters.hpp[0m
[2.019s] [ 35%] Built target force_mode_controller_parameters
[2.027s] [ 35%] Built target speed_scaling_state_broadcaster_parameters
[2.097s] [ 38%] [34m[1mCreating deprecated header file /home/admin/ros_ws/src/eta_robots/Universal_Robots_ROS2_Driver/build/ur_controllers/include/scaled_joint_trajectory_controller_parameters.hpp[0m
[2.121s] [ 38%] Built target scaled_joint_trajectory_controller_parameters
[2.132s] [ 41%] [34m[1mCreating deprecated header file /home/admin/ros_ws/src/eta_robots/Universal_Robots_ROS2_Driver/build/ur_controllers/include/gravity_update_controller_parameters.hpp[0m
[2.134s] [ 43%] [34m[1mCreating deprecated header file /home/admin/ros_ws/src/eta_robots/Universal_Robots_ROS2_Driver/build/ur_controllers/include/tool_contact_controller_parameters.hpp[0m
[2.151s] [ 48%] [34m[1mCreating deprecated header file /home/admin/ros_ws/src/eta_robots/Universal_Robots_ROS2_Driver/build/ur_controllers/include/freedrive_mode_controller_parameters.hpp[0m
[2.151s] [ 48%] [34m[1mCreating deprecated header file /home/admin/ros_ws/src/eta_robots/Universal_Robots_ROS2_Driver/build/ur_controllers/include/friction_model_controller_parameters.hpp[0m
[2.151s] [ 48%] Built target gravity_update_controller_parameters
[2.155s] [ 48%] Built target tool_contact_controller_parameters
[2.156s] [ 51%] [34m[1mCreating deprecated header file /home/admin/ros_ws/src/eta_robots/Universal_Robots_ROS2_Driver/build/ur_controllers/include/passthrough_trajectory_controller_parameters.hpp[0m
[2.168s] [ 53%] [34m[1mCreating deprecated header file /home/admin/ros_ws/src/eta_robots/Universal_Robots_ROS2_Driver/build/ur_controllers/include/ur_configuration_controller_parameters.hpp[0m
[2.169s] [ 53%] Built target friction_model_controller_parameters
[2.169s] [ 53%] Built target freedrive_mode_controller_parameters
[2.173s] [ 53%] Built target passthrough_trajectory_controller_parameters
[2.186s] [ 53%] Built target ur_configuration_controller_parameters
[2.206s] [ 64%] [32mBuilding CXX object CMakeFiles/ur_controllers.dir/src/scaled_joint_trajectory_controller.cpp.o[0m
[2.206s] [ 64%] [32mBuilding CXX object CMakeFiles/ur_controllers.dir/src/tool_contact_controller.cpp.o[0m
[2.207s] [ 64%] [32mBuilding CXX object CMakeFiles/ur_controllers.dir/src/force_mode_controller.cpp.o[0m
[2.207s] [ 64%] [32mBuilding CXX object CMakeFiles/ur_controllers.dir/src/friction_model_controller.cpp.o[0m
[2.207s] [ 71%] [32mBuilding CXX object CMakeFiles/ur_controllers.dir/src/speed_scaling_state_broadcaster.cpp.o[0m
[2.207s] [ 71%] [32mBuilding CXX object CMakeFiles/ur_controllers.dir/src/gravity_update_controller.cpp.o[0m
[2.207s] [ 71%] [32mBuilding CXX object CMakeFiles/ur_controllers.dir/src/passthrough_trajectory_controller.cpp.o[0m
[2.215s] [ 74%] [32mBuilding CXX object CMakeFiles/ur_controllers.dir/src/ur_configuration_controller.cpp.o[0m
[2.231s] [ 76%] [32mBuilding CXX object CMakeFiles/ur_controllers.dir/src/freedrive_mode_controller.cpp.o[0m
[2.254s] [ 79%] [32m[1mLinking CXX static library libgmock_main.a[0m
[2.343s] [ 79%] Built target gmock_main
[4.132s] [ 82%] [32m[1mLinking CXX static library libgmock.a[0m
[4.228s] [ 82%] Built target gmock
[8.594s] [ 84%] [32m[1mLinking CXX shared library libur_controllers.so[0m
[9.230s] [ 84%] Built target ur_controllers
[9.247s] [ 92%] [32mBuilding CXX object CMakeFiles/test_load_freedrive_mode_controller.dir/test/test_load_freedrive_mode_controller.cpp.o[0m
[9.248s] [ 92%] [32mBuilding CXX object CMakeFiles/test_load_force_mode_controller.dir/test/test_load_force_mode_controller.cpp.o[0m
[9.248s] [ 92%] [32mBuilding CXX object CMakeFiles/test_load_friction_model_controller.dir/test/test_load_friction_model_controller.cpp.o[0m
[12.540s] [ 94%] [32m[1mLinking CXX executable test_load_friction_model_controller[0m
[12.562s] [ 97%] [32m[1mLinking CXX executable test_load_force_mode_controller[0m
[12.582s] [100%] [32m[1mLinking CXX executable test_load_freedrive_mode_controller[0m
[12.785s] [100%] Built target test_load_friction_model_controller
[12.819s] [100%] Built target test_load_force_mode_controller
[12.851s] [100%] Built target test_load_freedrive_mode_controller
[12.861s] Invoked command in '/home/admin/ros_ws/src/eta_robots/Universal_Robots_ROS2_Driver/build/ur_controllers' returned '0': AMENT_PREFIX_PATH=/home/admin/ros_ws/src/eta_robots/Universal_Robots_ROS2_Driver/install/ur_dashboard_msgs:/home/admin/ros_ws/src/eta_robots/Universal_Robots_ROS2_Driver/install/my_ur_msgs:${AMENT_PREFIX_PATH} CMAKE_PREFIX_PATH=/home/admin/ros_ws/src/eta_robots/Universal_Robots_ROS2_Driver/install/ur_dashboard_msgs:/home/admin/ros_ws/src/eta_robots/Universal_Robots_ROS2_Driver/install/my_ur_msgs:/home/admin/ros_ws/install/my_ur_msgs:/home/admin/ros_ws/install/ur_controllers:/home/admin/ros_ws/install/ur_msgs:/home/admin/ros_ws/install/ur_moveit_config:/home/admin/ros_ws/install/ur_description:/home/admin/ros_ws/install/ur_dashboard_msgs:/home/admin/ros_ws/install/ur_client_library:/home/admin/ros_ws/install/srdfdom:/home/admin/ros_ws/install/ros2_control_test_assets:/home/admin/ros_ws/install/joint_limits:/home/admin/ros_ws/install/realtime_tools:/home/admin/ros_ws/install/moveit_resources_prbt_support:/home/admin/ros_ws/install/moveit_resources_pr2_description:/home/admin/ros_ws/install/dual_arm_panda_moveit_config:/home/admin/ros_ws/install/moveit_resources_panda_description:/home/admin/ros_ws/install/moveit_resources_fanuc_description:/home/admin/ros_ws/install/moveit_common:/home/admin/ros_ws/install/kinematics_interface_kdl:/home/admin/ros_ws/install/kinematics_interface:/home/admin/ros_ws/install/controller_manager_msgs:/home/admin/ros_ws/install/eta_slam:/home/admin/ros_ws/install/eta_navigation:/home/admin/ros_ws/install/eta_hardware:/home/admin/ros_ws/install/eta_firmware:/home/admin/ros_ws/install/eta_bringup:/home/admin/ros_ws/install/eta_control:/home/admin/ros_ws/install/eta_description:/home/admin/ros_ws/install/eta_base:/opt/ros/kilted/opt/gz_sim_vendor:/opt/ros/kilted/opt/gz_sensors_vendor:/opt/ros/kilted/opt/gz_physics_vendor:/opt/ros/kilted/opt/sdformat_vendor:/opt/ros/kilted/opt/gz_gui_vendor:/opt/ros/kilted/opt/gz_transport_vendor:/opt/ros/kilted/opt/gz_rendering_vendor:/opt/ros/kilted/opt/gz_plugin_vendor:/opt/ros/kilted/opt/gz_fuel_tools_vendor:/opt/ros/kilted/opt/gz_msgs_vendor:/opt/ros/kilted/opt/gz_common_vendor:/opt/ros/kilted/opt/gz_math_vendor:/opt/ros/kilted/opt/gz_utils_vendor:/opt/ros/kilted/opt/gz_tools_vendor:/opt/ros/kilted/opt/gz_ogre_next_vendor:/opt/ros/kilted/opt/gz_dartsim_vendor:/opt/ros/kilted/opt/gz_cmake_vendor:/home/admin/ros_ws/install/moveit_configs_utils:/home/admin/ros_ws/install/ros2_controllers_test_nodes:/opt/ros/kilted LD_LIBRARY_PATH=/home/admin/ros_ws/src/eta_robots/Universal_Robots_ROS2_Driver/install/ur_dashboard_msgs/lib:/home/admin/ros_ws/src/eta_robots/Universal_Robots_ROS2_Driver/install/my_ur_msgs/lib:${LD_LIBRARY_PATH} PYTHONPATH=/home/admin/ros_ws/src/eta_robots/Universal_Robots_ROS2_Driver/install/ur_dashboard_msgs/lib/python3.12/site-packages:/home/admin/ros_ws/src/eta_robots/Universal_Robots_ROS2_Driver/install/my_ur_msgs/lib/python3.12/site-packages:${PYTHONPATH} /usr/bin/cmake --build /home/admin/ros_ws/src/eta_robots/Universal_Robots_ROS2_Driver/build/ur_controllers -- -j14 -l14
[12.862s] Invoking command in '/home/admin/ros_ws/src/eta_robots/Universal_Robots_ROS2_Driver/build/ur_controllers': AMENT_PREFIX_PATH=/home/admin/ros_ws/src/eta_robots/Universal_Robots_ROS2_Driver/install/ur_dashboard_msgs:/home/admin/ros_ws/src/eta_robots/Universal_Robots_ROS2_Driver/install/my_ur_msgs:${AMENT_PREFIX_PATH} CMAKE_PREFIX_PATH=/home/admin/ros_ws/src/eta_robots/Universal_Robots_ROS2_Driver/install/ur_dashboard_msgs:/home/admin/ros_ws/src/eta_robots/Universal_Robots_ROS2_Driver/install/my_ur_msgs:/home/admin/ros_ws/install/my_ur_msgs:/home/admin/ros_ws/install/ur_controllers:/home/admin/ros_ws/install/ur_msgs:/home/admin/ros_ws/install/ur_moveit_config:/home/admin/ros_ws/install/ur_description:/home/admin/ros_ws/install/ur_dashboard_msgs:/home/admin/ros_ws/install/ur_client_library:/home/admin/ros_ws/install/srdfdom:/home/admin/ros_ws/install/ros2_control_test_assets:/home/admin/ros_ws/install/joint_limits:/home/admin/ros_ws/install/realtime_tools:/home/admin/ros_ws/install/moveit_resources_prbt_support:/home/admin/ros_ws/install/moveit_resources_pr2_description:/home/admin/ros_ws/install/dual_arm_panda_moveit_config:/home/admin/ros_ws/install/moveit_resources_panda_description:/home/admin/ros_ws/install/moveit_resources_fanuc_description:/home/admin/ros_ws/install/moveit_common:/home/admin/ros_ws/install/kinematics_interface_kdl:/home/admin/ros_ws/install/kinematics_interface:/home/admin/ros_ws/install/controller_manager_msgs:/home/admin/ros_ws/install/eta_slam:/home/admin/ros_ws/install/eta_navigation:/home/admin/ros_ws/install/eta_hardware:/home/admin/ros_ws/install/eta_firmware:/home/admin/ros_ws/install/eta_bringup:/home/admin/ros_ws/install/eta_control:/home/admin/ros_ws/install/eta_description:/home/admin/ros_ws/install/eta_base:/opt/ros/kilted/opt/gz_sim_vendor:/opt/ros/kilted/opt/gz_sensors_vendor:/opt/ros/kilted/opt/gz_physics_vendor:/opt/ros/kilted/opt/sdformat_vendor:/opt/ros/kilted/opt/gz_gui_vendor:/opt/ros/kilted/opt/gz_transport_vendor:/opt/ros/kilted/opt/gz_rendering_vendor:/opt/ros/kilted/opt/gz_plugin_vendor:/opt/ros/kilted/opt/gz_fuel_tools_vendor:/opt/ros/kilted/opt/gz_msgs_vendor:/opt/ros/kilted/opt/gz_common_vendor:/opt/ros/kilted/opt/gz_math_vendor:/opt/ros/kilted/opt/gz_utils_vendor:/opt/ros/kilted/opt/gz_tools_vendor:/opt/ros/kilted/opt/gz_ogre_next_vendor:/opt/ros/kilted/opt/gz_dartsim_vendor:/opt/ros/kilted/opt/gz_cmake_vendor:/home/admin/ros_ws/install/moveit_configs_utils:/home/admin/ros_ws/install/ros2_controllers_test_nodes:/opt/ros/kilted LD_LIBRARY_PATH=/home/admin/ros_ws/src/eta_robots/Universal_Robots_ROS2_Driver/install/ur_dashboard_msgs/lib:/home/admin/ros_ws/src/eta_robots/Universal_Robots_ROS2_Driver/install/my_ur_msgs/lib:${LD_LIBRARY_PATH} PYTHONPATH=/home/admin/ros_ws/src/eta_robots/Universal_Robots_ROS2_Driver/install/ur_dashboard_msgs/lib/python3.12/site-packages:/home/admin/ros_ws/src/eta_robots/Universal_Robots_ROS2_Driver/install/my_ur_msgs/lib/python3.12/site-packages:${PYTHONPATH} /usr/bin/cmake --install /home/admin/ros_ws/src/eta_robots/Universal_Robots_ROS2_Driver/build/ur_controllers
[12.868s] -- Install configuration: ""
[12.869s] -- Installing: /home/admin/ros_ws/src/eta_robots/Universal_Robots_ROS2_Driver/install/ur_controllers/include/ur_controllers
[12.869s] -- Installing: /home/admin/ros_ws/src/eta_robots/Universal_Robots_ROS2_Driver/install/ur_controllers/include/ur_controllers/friction_model_controller_parameters.hpp
[12.869s] -- Installing: /home/admin/ros_ws/src/eta_robots/Universal_Robots_ROS2_Driver/install/ur_controllers/include/ur_controllers/freedrive_mode_controller_parameters.hpp
[12.869s] -- Installing: /home/admin/ros_ws/src/eta_robots/Universal_Robots_ROS2_Driver/install/ur_controllers/include/ur_controllers/scaled_joint_trajectory_controller_parameters.hpp
[12.869s] -- Installing: /home/admin/ros_ws/src/eta_robots/Universal_Robots_ROS2_Driver/install/ur_controllers/include/ur_controllers/tool_contact_controller_parameters.hpp
[12.869s] -- Installing: /home/admin/ros_ws/src/eta_robots/Universal_Robots_ROS2_Driver/install/ur_controllers/include/ur_controllers/force_mode_controller_parameters.hpp
[12.870s] -- Installing: /home/admin/ros_ws/src/eta_robots/Universal_Robots_ROS2_Driver/install/ur_controllers/include/ur_controllers/passthrough_trajectory_controller_parameters.hpp
[12.870s] -- Installing: /home/admin/ros_ws/src/eta_robots/Universal_Robots_ROS2_Driver/install/ur_controllers/include/ur_controllers/gravity_update_controller_parameters.hpp
[12.870s] -- Installing: /home/admin/ros_ws/src/eta_robots/Universal_Robots_ROS2_Driver/install/ur_controllers/include/ur_controllers/ur_configuration_controller_parameters.hpp
[12.870s] -- Installing: /home/admin/ros_ws/src/eta_robots/Universal_Robots_ROS2_Driver/install/ur_controllers/include/ur_controllers/speed_scaling_state_broadcaster_parameters.hpp
[12.870s] -- Up-to-date: /home/admin/ros_ws/src/eta_robots/Universal_Robots_ROS2_Driver/install/ur_controllers/include/ur_controllers
[12.870s] -- Up-to-date: /home/admin/ros_ws/src/eta_robots/Universal_Robots_ROS2_Driver/install/ur_controllers/include/ur_controllers/friction_model_controller_parameters.hpp
[12.870s] -- Up-to-date: /home/admin/ros_ws/src/eta_robots/Universal_Robots_ROS2_Driver/install/ur_controllers/include/ur_controllers/freedrive_mode_controller_parameters.hpp
[12.870s] -- Up-to-date: /home/admin/ros_ws/src/eta_robots/Universal_Robots_ROS2_Driver/install/ur_controllers/include/ur_controllers/scaled_joint_trajectory_controller_parameters.hpp
[12.871s] -- Up-to-date: /home/admin/ros_ws/src/eta_robots/Universal_Robots_ROS2_Driver/install/ur_controllers/include/ur_controllers/tool_contact_controller_parameters.hpp
[12.871s] -- Up-to-date: /home/admin/ros_ws/src/eta_robots/Universal_Robots_ROS2_Driver/install/ur_controllers/include/ur_controllers/force_mode_controller_parameters.hpp
[12.871s] -- Up-to-date: /home/admin/ros_ws/src/eta_robots/Universal_Robots_ROS2_Driver/install/ur_controllers/include/ur_controllers/passthrough_trajectory_controller_parameters.hpp
[12.871s] -- Up-to-date: /home/admin/ros_ws/src/eta_robots/Universal_Robots_ROS2_Driver/install/ur_controllers/include/ur_controllers/gravity_update_controller_parameters.hpp
[12.871s] -- Up-to-date: /home/admin/ros_ws/src/eta_robots/Universal_Robots_ROS2_Driver/install/ur_controllers/include/ur_controllers/ur_configuration_controller_parameters.hpp
[12.871s] -- Up-to-date: /home/admin/ros_ws/src/eta_robots/Universal_Robots_ROS2_Driver/install/ur_controllers/include/ur_controllers/speed_scaling_state_broadcaster_parameters.hpp
[12.871s] -- Up-to-date: /home/admin/ros_ws/src/eta_robots/Universal_Robots_ROS2_Driver/install/ur_controllers/include/ur_controllers
[12.871s] -- Up-to-date: /home/admin/ros_ws/src/eta_robots/Universal_Robots_ROS2_Driver/install/ur_controllers/include/ur_controllers/friction_model_controller_parameters.hpp
[12.871s] -- Up-to-date: /home/admin/ros_ws/src/eta_robots/Universal_Robots_ROS2_Driver/install/ur_controllers/include/ur_controllers/freedrive_mode_controller_parameters.hpp
[12.871s] -- Up-to-date: /home/admin/ros_ws/src/eta_robots/Universal_Robots_ROS2_Driver/install/ur_controllers/include/ur_controllers/scaled_joint_trajectory_controller_parameters.hpp
[12.871s] -- Up-to-date: /home/admin/ros_ws/src/eta_robots/Universal_Robots_ROS2_Driver/install/ur_controllers/include/ur_controllers/tool_contact_controller_parameters.hpp
[12.871s] -- Up-to-date: /home/admin/ros_ws/src/eta_robots/Universal_Robots_ROS2_Driver/install/ur_controllers/include/ur_controllers/force_mode_controller_parameters.hpp
[12.871s] -- Up-to-date: /home/admin/ros_ws/src/eta_robots/Universal_Robots_ROS2_Driver/install/ur_controllers/include/ur_controllers/passthrough_trajectory_controller_parameters.hpp
[12.871s] -- Up-to-date: /home/admin/ros_ws/src/eta_robots/Universal_Robots_ROS2_Driver/install/ur_controllers/include/ur_controllers/gravity_update_controller_parameters.hpp
[12.872s] -- Up-to-date: /home/admin/ros_ws/src/eta_robots/Universal_Robots_ROS2_Driver/install/ur_controllers/include/ur_controllers/ur_configuration_controller_parameters.hpp
[12.872s] -- Up-to-date: /home/admin/ros_ws/src/eta_robots/Universal_Robots_ROS2_Driver/install/ur_controllers/include/ur_controllers/speed_scaling_state_broadcaster_parameters.hpp
[12.872s] -- Up-to-date: /home/admin/ros_ws/src/eta_robots/Universal_Robots_ROS2_Driver/install/ur_controllers/include/ur_controllers
[12.872s] -- Up-to-date: /home/admin/ros_ws/src/eta_robots/Universal_Robots_ROS2_Driver/install/ur_controllers/include/ur_controllers/friction_model_controller_parameters.hpp
[12.872s] -- Up-to-date: /home/admin/ros_ws/src/eta_robots/Universal_Robots_ROS2_Driver/install/ur_controllers/include/ur_controllers/freedrive_mode_controller_parameters.hpp
[12.872s] -- Up-to-date: /home/admin/ros_ws/src/eta_robots/Universal_Robots_ROS2_Driver/install/ur_controllers/include/ur_controllers/scaled_joint_trajectory_controller_parameters.hpp
[12.872s] -- Up-to-date: /home/admin/ros_ws/src/eta_robots/Universal_Robots_ROS2_Driver/install/ur_controllers/include/ur_controllers/tool_contact_controller_parameters.hpp
[12.872s] -- Up-to-date: /home/admin/ros_ws/src/eta_robots/Universal_Robots_ROS2_Driver/install/ur_controllers/include/ur_controllers/force_mode_controller_parameters.hpp
[12.872s] -- Up-to-date: /home/admin/ros_ws/src/eta_robots/Universal_Robots_ROS2_Driver/install/ur_controllers/include/ur_controllers/passthrough_trajectory_controller_parameters.hpp
[12.872s] -- Up-to-date: /home/admin/ros_ws/src/eta_robots/Universal_Robots_ROS2_Driver/install/ur_controllers/include/ur_controllers/gravity_update_controller_parameters.hpp
[12.872s] -- Up-to-date: /home/admin/ros_ws/src/eta_robots/Universal_Robots_ROS2_Driver/install/ur_controllers/include/ur_controllers/ur_configuration_controller_parameters.hpp
[12.872s] -- Up-to-date: /home/admin/ros_ws/src/eta_robots/Universal_Robots_ROS2_Driver/install/ur_controllers/include/ur_controllers/speed_scaling_state_broadcaster_parameters.hpp
[12.872s] -- Up-to-date: /home/admin/ros_ws/src/eta_robots/Universal_Robots_ROS2_Driver/install/ur_controllers/include/ur_controllers
[12.872s] -- Up-to-date: /home/admin/ros_ws/src/eta_robots/Universal_Robots_ROS2_Driver/install/ur_controllers/include/ur_controllers/friction_model_controller_parameters.hpp
[12.872s] -- Up-to-date: /home/admin/ros_ws/src/eta_robots/Universal_Robots_ROS2_Driver/install/ur_controllers/include/ur_controllers/freedrive_mode_controller_parameters.hpp
[12.873s] -- Up-to-date: /home/admin/ros_ws/src/eta_robots/Universal_Robots_ROS2_Driver/install/ur_controllers/include/ur_controllers/scaled_joint_trajectory_controller_parameters.hpp
[12.873s] -- Up-to-date: /home/admin/ros_ws/src/eta_robots/Universal_Robots_ROS2_Driver/install/ur_controllers/include/ur_controllers/tool_contact_controller_parameters.hpp
[12.873s] -- Up-to-date: /home/admin/ros_ws/src/eta_robots/Universal_Robots_ROS2_Driver/install/ur_controllers/include/ur_controllers/force_mode_controller_parameters.hpp
[12.873s] -- Up-to-date: /home/admin/ros_ws/src/eta_robots/Universal_Robots_ROS2_Driver/install/ur_controllers/include/ur_controllers/passthrough_trajectory_controller_parameters.hpp
[12.873s] -- Up-to-date: /home/admin/ros_ws/src/eta_robots/Universal_Robots_ROS2_Driver/install/ur_controllers/include/ur_controllers/gravity_update_controller_parameters.hpp
[12.873s] -- Up-to-date: /home/admin/ros_ws/src/eta_robots/Universal_Robots_ROS2_Driver/install/ur_controllers/include/ur_controllers/ur_configuration_controller_parameters.hpp
[12.873s] -- Up-to-date: /home/admin/ros_ws/src/eta_robots/Universal_Robots_ROS2_Driver/install/ur_controllers/include/ur_controllers/speed_scaling_state_broadcaster_parameters.hpp
[12.873s] -- Up-to-date: /home/admin/ros_ws/src/eta_robots/Universal_Robots_ROS2_Driver/install/ur_controllers/include/ur_controllers
[12.873s] -- Up-to-date: /home/admin/ros_ws/src/eta_robots/Universal_Robots_ROS2_Driver/install/ur_controllers/include/ur_controllers/friction_model_controller_parameters.hpp
[12.873s] -- Up-to-date: /home/admin/ros_ws/src/eta_robots/Universal_Robots_ROS2_Driver/install/ur_controllers/include/ur_controllers/freedrive_mode_controller_parameters.hpp
[12.873s] -- Up-to-date: /home/admin/ros_ws/src/eta_robots/Universal_Robots_ROS2_Driver/install/ur_controllers/include/ur_controllers/scaled_joint_trajectory_controller_parameters.hpp
[12.873s] -- Up-to-date: /home/admin/ros_ws/src/eta_robots/Universal_Robots_ROS2_Driver/install/ur_controllers/include/ur_controllers/tool_contact_controller_parameters.hpp
[12.873s] -- Up-to-date: /home/admin/ros_ws/src/eta_robots/Universal_Robots_ROS2_Driver/install/ur_controllers/include/ur_controllers/force_mode_controller_parameters.hpp
[12.873s] -- Up-to-date: /home/admin/ros_ws/src/eta_robots/Universal_Robots_ROS2_Driver/install/ur_controllers/include/ur_controllers/passthrough_trajectory_controller_parameters.hpp
[12.873s] -- Up-to-date: /home/admin/ros_ws/src/eta_robots/Universal_Robots_ROS2_Driver/install/ur_controllers/include/ur_controllers/gravity_update_controller_parameters.hpp
[12.874s] -- Up-to-date: /home/admin/ros_ws/src/eta_robots/Universal_Robots_ROS2_Driver/install/ur_controllers/include/ur_controllers/ur_configuration_controller_parameters.hpp
[12.874s] -- Up-to-date: /home/admin/ros_ws/src/eta_robots/Universal_Robots_ROS2_Driver/install/ur_controllers/include/ur_controllers/speed_scaling_state_broadcaster_parameters.hpp
[12.874s] -- Up-to-date: /home/admin/ros_ws/src/eta_robots/Universal_Robots_ROS2_Driver/install/ur_controllers/include/ur_controllers
[12.874s] -- Up-to-date: /home/admin/ros_ws/src/eta_robots/Universal_Robots_ROS2_Driver/install/ur_controllers/include/ur_controllers/friction_model_controller_parameters.hpp
[12.874s] -- Up-to-date: /home/admin/ros_ws/src/eta_robots/Universal_Robots_ROS2_Driver/install/ur_controllers/include/ur_controllers/freedrive_mode_controller_parameters.hpp
[12.874s] -- Up-to-date: /home/admin/ros_ws/src/eta_robots/Universal_Robots_ROS2_Driver/install/ur_controllers/include/ur_controllers/scaled_joint_trajectory_controller_parameters.hpp
[12.874s] -- Up-to-date: /home/admin/ros_ws/src/eta_robots/Universal_Robots_ROS2_Driver/install/ur_controllers/include/ur_controllers/tool_contact_controller_parameters.hpp
[12.874s] -- Up-to-date: /home/admin/ros_ws/src/eta_robots/Universal_Robots_ROS2_Driver/install/ur_controllers/include/ur_controllers/force_mode_controller_parameters.hpp
[12.874s] -- Up-to-date: /home/admin/ros_ws/src/eta_robots/Universal_Robots_ROS2_Driver/install/ur_controllers/include/ur_controllers/passthrough_trajectory_controller_parameters.hpp
[12.874s] -- Up-to-date: /home/admin/ros_ws/src/eta_robots/Universal_Robots_ROS2_Driver/install/ur_controllers/include/ur_controllers/gravity_update_controller_parameters.hpp
[12.874s] -- Up-to-date: /home/admin/ros_ws/src/eta_robots/Universal_Robots_ROS2_Driver/install/ur_controllers/include/ur_controllers/ur_configuration_controller_parameters.hpp
[12.874s] -- Up-to-date: /home/admin/ros_ws/src/eta_robots/Universal_Robots_ROS2_Driver/install/ur_controllers/include/ur_controllers/speed_scaling_state_broadcaster_parameters.hpp
[12.874s] -- Up-to-date: /home/admin/ros_ws/src/eta_robots/Universal_Robots_ROS2_Driver/install/ur_controllers/include/ur_controllers
[12.874s] -- Up-to-date: /home/admin/ros_ws/src/eta_robots/Universal_Robots_ROS2_Driver/install/ur_controllers/include/ur_controllers/friction_model_controller_parameters.hpp
[12.875s] -- Up-to-date: /home/admin/ros_ws/src/eta_robots/Universal_Robots_ROS2_Driver/install/ur_controllers/include/ur_controllers/freedrive_mode_controller_parameters.hpp
[12.875s] -- Up-to-date: /home/admin/ros_ws/src/eta_robots/Universal_Robots_ROS2_Driver/install/ur_controllers/include/ur_controllers/scaled_joint_trajectory_controller_parameters.hpp
[12.875s] -- Up-to-date: /home/admin/ros_ws/src/eta_robots/Universal_Robots_ROS2_Driver/install/ur_controllers/include/ur_controllers/tool_contact_controller_parameters.hpp
[12.875s] -- Up-to-date: /home/admin/ros_ws/src/eta_robots/Universal_Robots_ROS2_Driver/install/ur_controllers/include/ur_controllers/force_mode_controller_parameters.hpp
[12.875s] -- Up-to-date: /home/admin/ros_ws/src/eta_robots/Universal_Robots_ROS2_Driver/install/ur_controllers/include/ur_controllers/passthrough_trajectory_controller_parameters.hpp
[12.875s] -- Up-to-date: /home/admin/ros_ws/src/eta_robots/Universal_Robots_ROS2_Driver/install/ur_controllers/include/ur_controllers/gravity_update_controller_parameters.hpp
[12.875s] -- Up-to-date: /home/admin/ros_ws/src/eta_robots/Universal_Robots_ROS2_Driver/install/ur_controllers/include/ur_controllers/ur_configuration_controller_parameters.hpp
[12.875s] -- Up-to-date: /home/admin/ros_ws/src/eta_robots/Universal_Robots_ROS2_Driver/install/ur_controllers/include/ur_controllers/speed_scaling_state_broadcaster_parameters.hpp
[12.875s] -- Up-to-date: /home/admin/ros_ws/src/eta_robots/Universal_Robots_ROS2_Driver/install/ur_controllers/include/ur_controllers
[12.875s] -- Up-to-date: /home/admin/ros_ws/src/eta_robots/Universal_Robots_ROS2_Driver/install/ur_controllers/include/ur_controllers/friction_model_controller_parameters.hpp
[12.875s] -- Up-to-date: /home/admin/ros_ws/src/eta_robots/Universal_Robots_ROS2_Driver/install/ur_controllers/include/ur_controllers/freedrive_mode_controller_parameters.hpp
[12.875s] -- Up-to-date: /home/admin/ros_ws/src/eta_robots/Universal_Robots_ROS2_Driver/install/ur_controllers/include/ur_controllers/scaled_joint_trajectory_controller_parameters.hpp
[12.875s] -- Up-to-date: /home/admin/ros_ws/src/eta_robots/Universal_Robots_ROS2_Driver/install/ur_controllers/include/ur_controllers/tool_contact_controller_parameters.hpp
[12.875s] -- Up-to-date: /home/admin/ros_ws/src/eta_robots/Universal_Robots_ROS2_Driver/install/ur_controllers/include/ur_controllers/force_mode_controller_parameters.hpp
[12.876s] -- Up-to-date: /home/admin/ros_ws/src/eta_robots/Universal_Robots_ROS2_Driver/install/ur_controllers/include/ur_controllers/passthrough_trajectory_controller_parameters.hpp
[12.876s] -- Up-to-date: /home/admin/ros_ws/src/eta_robots/Universal_Robots_ROS2_Driver/install/ur_controllers/include/ur_controllers/gravity_update_controller_parameters.hpp
[12.876s] -- Up-to-date: /home/admin/ros_ws/src/eta_robots/Universal_Robots_ROS2_Driver/install/ur_controllers/include/ur_controllers/ur_configuration_controller_parameters.hpp
[12.876s] -- Up-to-date: /home/admin/ros_ws/src/eta_robots/Universal_Robots_ROS2_Driver/install/ur_controllers/include/ur_controllers/speed_scaling_state_broadcaster_parameters.hpp
[12.876s] -- Installing: /home/admin/ros_ws/src/eta_robots/Universal_Robots_ROS2_Driver/install/ur_controllers/share/ur_controllers/controller_plugins.xml
[12.876s] -- Installing: /home/admin/ros_ws/src/eta_robots/Universal_Robots_ROS2_Driver/install/ur_controllers/lib/libur_controllers.so
[12.878s] -- Set non-toolchain portion of runtime path of "/home/admin/ros_ws/src/eta_robots/Universal_Robots_ROS2_Driver/install/ur_controllers/lib/libur_controllers.so" to ""
[12.878s] -- Up-to-date: /home/admin/ros_ws/src/eta_robots/Universal_Robots_ROS2_Driver/install/ur_controllers/include
[12.879s] -- Up-to-date: /home/admin/ros_ws/src/eta_robots/Universal_Robots_ROS2_Driver/install/ur_controllers/include/ur_controllers
[12.879s] -- Installing: /home/admin/ros_ws/src/eta_robots/Universal_Robots_ROS2_Driver/install/ur_controllers/include/ur_controllers/passthrough_trajectory_controller.hpp
[12.879s] -- Installing: /home/admin/ros_ws/src/eta_robots/Universal_Robots_ROS2_Driver/install/ur_controllers/include/ur_controllers/scaled_joint_trajectory_controller.hpp
[12.879s] -- Installing: /home/admin/ros_ws/src/eta_robots/Universal_Robots_ROS2_Driver/install/ur_controllers/include/ur_controllers/freedrive_mode_controller.hpp
[12.879s] -- Installing: /home/admin/ros_ws/src/eta_robots/Universal_Robots_ROS2_Driver/install/ur_controllers/include/ur_controllers/ur_configuration_controller.hpp
[12.879s] -- Installing: /home/admin/ros_ws/src/eta_robots/Universal_Robots_ROS2_Driver/install/ur_controllers/include/ur_controllers/speed_scaling_state_broadcaster.hpp
[12.879s] -- Installing: /home/admin/ros_ws/src/eta_robots/Universal_Robots_ROS2_Driver/install/ur_controllers/include/ur_controllers/gpio_controller.hpp
[12.879s] -- Installing: /home/admin/ros_ws/src/eta_robots/Universal_Robots_ROS2_Driver/install/ur_controllers/include/ur_controllers/friction_model_controller.hpp
[12.879s] -- Installing: /home/admin/ros_ws/src/eta_robots/Universal_Robots_ROS2_Driver/install/ur_controllers/include/ur_controllers/tool_contact_controller.hpp
[12.879s] -- Installing: /home/admin/ros_ws/src/eta_robots/Universal_Robots_ROS2_Driver/install/ur_controllers/include/ur_controllers/force_mode_controller.hpp
[12.879s] -- Installing: /home/admin/ros_ws/src/eta_robots/Universal_Robots_ROS2_Driver/install/ur_controllers/include/ur_controllers/gravity_update_controller.hpp
[12.880s] -- Up-to-date: /home/admin/ros_ws/src/eta_robots/Universal_Robots_ROS2_Driver/install/ur_controllers/share/ur_controllers/controller_plugins.xml
[12.880s] -- Installing: /home/admin/ros_ws/src/eta_robots/Universal_Robots_ROS2_Driver/install/ur_controllers/share/ur_controllers/environment/library_path.sh
[12.880s] -- Installing: /home/admin/ros_ws/src/eta_robots/Universal_Robots_ROS2_Driver/install/ur_controllers/share/ur_controllers/environment/library_path.dsv
[12.880s] -- Installing: /home/admin/ros_ws/src/eta_robots/Universal_Robots_ROS2_Driver/install/ur_controllers/share/ament_index/resource_index/package_run_dependencies/ur_controllers
[12.880s] -- Installing: /home/admin/ros_ws/src/eta_robots/Universal_Robots_ROS2_Driver/install/ur_controllers/share/ament_index/resource_index/parent_prefix_path/ur_controllers
[12.880s] -- Installing: /home/admin/ros_ws/src/eta_robots/Universal_Robots_ROS2_Driver/install/ur_controllers/share/ur_controllers/environment/ament_prefix_path.sh
[12.880s] -- Installing: /home/admin/ros_ws/src/eta_robots/Universal_Robots_ROS2_Driver/install/ur_controllers/share/ur_controllers/environment/ament_prefix_path.dsv
[12.880s] -- Installing: /home/admin/ros_ws/src/eta_robots/Universal_Robots_ROS2_Driver/install/ur_controllers/share/ur_controllers/environment/path.sh
[12.880s] -- Installing: /home/admin/ros_ws/src/eta_robots/Universal_Robots_ROS2_Driver/install/ur_controllers/share/ur_controllers/environment/path.dsv
[12.880s] -- Installing: /home/admin/ros_ws/src/eta_robots/Universal_Robots_ROS2_Driver/install/ur_controllers/share/ur_controllers/local_setup.bash
[12.880s] -- Installing: /home/admin/ros_ws/src/eta_robots/Universal_Robots_ROS2_Driver/install/ur_controllers/share/ur_controllers/local_setup.sh
[12.880s] -- Installing: /home/admin/ros_ws/src/eta_robots/Universal_Robots_ROS2_Driver/install/ur_controllers/share/ur_controllers/local_setup.zsh
[12.880s] -- Installing: /home/admin/ros_ws/src/eta_robots/Universal_Robots_ROS2_Driver/install/ur_controllers/share/ur_controllers/local_setup.dsv
[12.881s] -- Installing: /home/admin/ros_ws/src/eta_robots/Universal_Robots_ROS2_Driver/install/ur_controllers/share/ur_controllers/package.dsv
[12.881s] -- Installing: /home/admin/ros_ws/src/eta_robots/Universal_Robots_ROS2_Driver/install/ur_controllers/share/ament_index/resource_index/packages/ur_controllers
[12.881s] -- Installing: /home/admin/ros_ws/src/eta_robots/Universal_Robots_ROS2_Driver/install/ur_controllers/share/ament_index/resource_index/controller_interface__pluginlib__plugin/ur_controllers
[12.881s] -- Installing: /home/admin/ros_ws/src/eta_robots/Universal_Robots_ROS2_Driver/install/ur_controllers/share/ur_controllers/cmake/ament_cmake_export_dependencies-extras.cmake
[12.881s] -- Installing: /home/admin/ros_ws/src/eta_robots/Universal_Robots_ROS2_Driver/install/ur_controllers/share/ur_controllers/cmake/ament_cmake_export_include_directories-extras.cmake
[12.881s] -- Installing: /home/admin/ros_ws/src/eta_robots/Universal_Robots_ROS2_Driver/install/ur_controllers/share/ur_controllers/cmake/ament_cmake_export_libraries-extras.cmake
[12.881s] -- Installing: /home/admin/ros_ws/src/eta_robots/Universal_Robots_ROS2_Driver/install/ur_controllers/share/ur_controllers/cmake/ur_controllersConfig.cmake
[12.881s] -- Installing: /home/admin/ros_ws/src/eta_robots/Universal_Robots_ROS2_Driver/install/ur_controllers/share/ur_controllers/cmake/ur_controllersConfig-version.cmake
[12.881s] -- Installing: /home/admin/ros_ws/src/eta_robots/Universal_Robots_ROS2_Driver/install/ur_controllers/share/ur_controllers/package.xml
[12.882s] Invoked command in '/home/admin/ros_ws/src/eta_robots/Universal_Robots_ROS2_Driver/build/ur_controllers' returned '0': AMENT_PREFIX_PATH=/home/admin/ros_ws/src/eta_robots/Universal_Robots_ROS2_Driver/install/ur_dashboard_msgs:/home/admin/ros_ws/src/eta_robots/Universal_Robots_ROS2_Driver/install/my_ur_msgs:${AMENT_PREFIX_PATH} CMAKE_PREFIX_PATH=/home/admin/ros_ws/src/eta_robots/Universal_Robots_ROS2_Driver/install/ur_dashboard_msgs:/home/admin/ros_ws/src/eta_robots/Universal_Robots_ROS2_Driver/install/my_ur_msgs:/home/admin/ros_ws/install/my_ur_msgs:/home/admin/ros_ws/install/ur_controllers:/home/admin/ros_ws/install/ur_msgs:/home/admin/ros_ws/install/ur_moveit_config:/home/admin/ros_ws/install/ur_description:/home/admin/ros_ws/install/ur_dashboard_msgs:/home/admin/ros_ws/install/ur_client_library:/home/admin/ros_ws/install/srdfdom:/home/admin/ros_ws/install/ros2_control_test_assets:/home/admin/ros_ws/install/joint_limits:/home/admin/ros_ws/install/realtime_tools:/home/admin/ros_ws/install/moveit_resources_prbt_support:/home/admin/ros_ws/install/moveit_resources_pr2_description:/home/admin/ros_ws/install/dual_arm_panda_moveit_config:/home/admin/ros_ws/install/moveit_resources_panda_description:/home/admin/ros_ws/install/moveit_resources_fanuc_description:/home/admin/ros_ws/install/moveit_common:/home/admin/ros_ws/install/kinematics_interface_kdl:/home/admin/ros_ws/install/kinematics_interface:/home/admin/ros_ws/install/controller_manager_msgs:/home/admin/ros_ws/install/eta_slam:/home/admin/ros_ws/install/eta_navigation:/home/admin/ros_ws/install/eta_hardware:/home/admin/ros_ws/install/eta_firmware:/home/admin/ros_ws/install/eta_bringup:/home/admin/ros_ws/install/eta_control:/home/admin/ros_ws/install/eta_description:/home/admin/ros_ws/install/eta_base:/opt/ros/kilted/opt/gz_sim_vendor:/opt/ros/kilted/opt/gz_sensors_vendor:/opt/ros/kilted/opt/gz_physics_vendor:/opt/ros/kilted/opt/sdformat_vendor:/opt/ros/kilted/opt/gz_gui_vendor:/opt/ros/kilted/opt/gz_transport_vendor:/opt/ros/kilted/opt/gz_rendering_vendor:/opt/ros/kilted/opt/gz_plugin_vendor:/opt/ros/kilted/opt/gz_fuel_tools_vendor:/opt/ros/kilted/opt/gz_msgs_vendor:/opt/ros/kilted/opt/gz_common_vendor:/opt/ros/kilted/opt/gz_math_vendor:/opt/ros/kilted/opt/gz_utils_vendor:/opt/ros/kilted/opt/gz_tools_vendor:/opt/ros/kilted/opt/gz_ogre_next_vendor:/opt/ros/kilted/opt/gz_dartsim_vendor:/opt/ros/kilted/opt/gz_cmake_vendor:/home/admin/ros_ws/install/moveit_configs_utils:/home/admin/ros_ws/install/ros2_controllers_test_nodes:/opt/ros/kilted LD_LIBRARY_PATH=/home/admin/ros_ws/src/eta_robots/Universal_Robots_ROS2_Driver/install/ur_dashboard_msgs/lib:/home/admin/ros_ws/src/eta_robots/Universal_Robots_ROS2_Driver/install/my_ur_msgs/lib:${LD_LIBRARY_PATH} PYTHONPATH=/home/admin/ros_ws/src/eta_robots/Universal_Robots_ROS2_Driver/install/ur_dashboard_msgs/lib/python3.12/site-packages:/home/admin/ros_ws/src/eta_robots/Universal_Robots_ROS2_Driver/install/my_ur_msgs/lib/python3.12/site-packages:${PYTHONPATH} /usr/bin/cmake --install /home/admin/ros_ws/src/eta_robots/Universal_Robots_ROS2_Driver/build/ur_controllers
