[0.014s] Invoking command in '/home/admin/ros_ws/src/eta_robots/Universal_Robots_ROS2_Driver/build/my_ur_msgs': CMAKE_PREFIX_PATH=${CMAKE_PREFIX_PATH}:/home/admin/ros_ws/install/moveit_configs_utils:/home/admin/ros_ws/install/ros2_controllers_test_nodes:/opt/ros/kilted /usr/bin/cmake --build /home/admin/ros_ws/src/eta_robots/Universal_Robots_ROS2_Driver/build/my_ur_msgs -- -j14 -l14
[0.056s] [  5%] Built target my_ur_msgs__rs
[0.056s] [  5%] Built target my_ur_msgs__rosidl_generator_type_description
[0.064s] [  5%] Built target ament_cmake_python_copy_my_ur_msgs
[0.073s] [ 20%] Built target my_ur_msgs__rosidl_generator_c
[0.075s] [ 22%] Built target my_ur_msgs__cpp
[0.095s] [ 40%] Built target my_ur_msgs__rosidl_typesupport_introspection_cpp
[0.095s] [ 40%] Built target my_ur_msgs__rosidl_typesupport_fastrtps_c
[0.096s] [ 48%] Built target my_ur_msgs__rosidl_typesupport_c
[0.096s] [ 57%] Built target my_ur_msgs__rosidl_typesupport_fastrtps_cpp
[0.097s] [ 65%] Built target my_ur_msgs__rosidl_typesupport_cpp
[0.097s] [ 74%] Built target my_ur_msgs__rosidl_typesupport_introspection_c
[0.115s] [ 74%] Built target my_ur_msgs
[0.133s] [ 77%] Built target my_ur_msgs__py
[0.150s] [ 82%] Built target my_ur_msgs__rosidl_generator_py
[0.168s] [100%] Built target my_ur_msgs_s__rosidl_typesupport_c
[0.169s] [100%] Built target my_ur_msgs_s__rosidl_typesupport_fastrtps_c
[0.169s] [100%] Built target my_ur_msgs_s__rosidl_typesupport_introspection_c
[0.210s] running egg_info
[0.222s] writing my_ur_msgs.egg-info/PKG-INFO
[0.222s] writing dependency_links to my_ur_msgs.egg-info/dependency_links.txt
[0.222s] writing top-level names to my_ur_msgs.egg-info/top_level.txt
[0.254s] reading manifest file 'my_ur_msgs.egg-info/SOURCES.txt'
[0.254s] writing manifest file 'my_ur_msgs.egg-info/SOURCES.txt'
[0.272s] [100%] Built target ament_cmake_python_build_my_ur_msgs_egg
[0.282s] Invoked command in '/home/admin/ros_ws/src/eta_robots/Universal_Robots_ROS2_Driver/build/my_ur_msgs' returned '0': CMAKE_PREFIX_PATH=${CMAKE_PREFIX_PATH}:/home/admin/ros_ws/install/moveit_configs_utils:/home/admin/ros_ws/install/ros2_controllers_test_nodes:/opt/ros/kilted /usr/bin/cmake --build /home/admin/ros_ws/src/eta_robots/Universal_Robots_ROS2_Driver/build/my_ur_msgs -- -j14 -l14
[0.284s] Invoking command in '/home/admin/ros_ws/src/eta_robots/Universal_Robots_ROS2_Driver/build/my_ur_msgs': CMAKE_PREFIX_PATH=${CMAKE_PREFIX_PATH}:/home/admin/ros_ws/install/moveit_configs_utils:/home/admin/ros_ws/install/ros2_controllers_test_nodes:/opt/ros/kilted /usr/bin/cmake --install /home/admin/ros_ws/src/eta_robots/Universal_Robots_ROS2_Driver/build/my_ur_msgs
[0.291s] -- Install configuration: ""
[0.291s] -- Up-to-date: /home/admin/ros_ws/src/eta_robots/Universal_Robots_ROS2_Driver/install/my_ur_msgs/share/ament_index/resource_index/rosidl_interfaces/my_ur_msgs
[0.291s] -- Up-to-date: /home/admin/ros_ws/src/eta_robots/Universal_Robots_ROS2_Driver/install/my_ur_msgs/share/my_ur_msgs/action/SendScript.json
[0.291s] -- Up-to-date: /home/admin/ros_ws/src/eta_robots/Universal_Robots_ROS2_Driver/install/my_ur_msgs/include/my_ur_msgs/my_ur_msgs
[0.291s] -- Up-to-date: /home/admin/ros_ws/src/eta_robots/Universal_Robots_ROS2_Driver/install/my_ur_msgs/include/my_ur_msgs/my_ur_msgs/msg
[0.291s] -- Up-to-date: /home/admin/ros_ws/src/eta_robots/Universal_Robots_ROS2_Driver/install/my_ur_msgs/include/my_ur_msgs/my_ur_msgs/msg/rosidl_generator_c__visibility_control.h
[0.291s] -- Up-to-date: /home/admin/ros_ws/src/eta_robots/Universal_Robots_ROS2_Driver/install/my_ur_msgs/include/my_ur_msgs/my_ur_msgs/action
[0.291s] -- Up-to-date: /home/admin/ros_ws/src/eta_robots/Universal_Robots_ROS2_Driver/install/my_ur_msgs/include/my_ur_msgs/my_ur_msgs/action/send_script.h
[0.292s] -- Up-to-date: /home/admin/ros_ws/src/eta_robots/Universal_Robots_ROS2_Driver/install/my_ur_msgs/include/my_ur_msgs/my_ur_msgs/action/detail
[0.292s] -- Up-to-date: /home/admin/ros_ws/src/eta_robots/Universal_Robots_ROS2_Driver/install/my_ur_msgs/include/my_ur_msgs/my_ur_msgs/action/detail/send_script__type_support.c
[0.292s] -- Up-to-date: /home/admin/ros_ws/src/eta_robots/Universal_Robots_ROS2_Driver/install/my_ur_msgs/include/my_ur_msgs/my_ur_msgs/action/detail/send_script__description.c
[0.292s] -- Up-to-date: /home/admin/ros_ws/src/eta_robots/Universal_Robots_ROS2_Driver/install/my_ur_msgs/include/my_ur_msgs/my_ur_msgs/action/detail/send_script__struct.h
[0.292s] -- Up-to-date: /home/admin/ros_ws/src/eta_robots/Universal_Robots_ROS2_Driver/install/my_ur_msgs/include/my_ur_msgs/my_ur_msgs/action/detail/send_script__functions.h
[0.292s] -- Up-to-date: /home/admin/ros_ws/src/eta_robots/Universal_Robots_ROS2_Driver/install/my_ur_msgs/include/my_ur_msgs/my_ur_msgs/action/detail/send_script__type_support.h
[0.292s] -- Up-to-date: /home/admin/ros_ws/src/eta_robots/Universal_Robots_ROS2_Driver/install/my_ur_msgs/include/my_ur_msgs/my_ur_msgs/action/detail/send_script__functions.c
[0.292s] -- Up-to-date: /home/admin/ros_ws/src/eta_robots/Universal_Robots_ROS2_Driver/install/my_ur_msgs/share/my_ur_msgs/environment/library_path.sh
[0.292s] -- Up-to-date: /home/admin/ros_ws/src/eta_robots/Universal_Robots_ROS2_Driver/install/my_ur_msgs/share/my_ur_msgs/environment/library_path.dsv
[0.292s] -- Up-to-date: /home/admin/ros_ws/src/eta_robots/Universal_Robots_ROS2_Driver/install/my_ur_msgs/lib/libmy_ur_msgs__rosidl_generator_c.so
[0.292s] -- Up-to-date: /home/admin/ros_ws/src/eta_robots/Universal_Robots_ROS2_Driver/install/my_ur_msgs/include/my_ur_msgs/my_ur_msgs
[0.292s] -- Up-to-date: /home/admin/ros_ws/src/eta_robots/Universal_Robots_ROS2_Driver/install/my_ur_msgs/include/my_ur_msgs/my_ur_msgs/msg
[0.292s] -- Up-to-date: /home/admin/ros_ws/src/eta_robots/Universal_Robots_ROS2_Driver/install/my_ur_msgs/include/my_ur_msgs/my_ur_msgs/msg/rosidl_typesupport_fastrtps_c__visibility_control.h
[0.292s] -- Up-to-date: /home/admin/ros_ws/src/eta_robots/Universal_Robots_ROS2_Driver/install/my_ur_msgs/include/my_ur_msgs/my_ur_msgs/action
[0.292s] -- Up-to-date: /home/admin/ros_ws/src/eta_robots/Universal_Robots_ROS2_Driver/install/my_ur_msgs/include/my_ur_msgs/my_ur_msgs/action/detail
[0.292s] -- Up-to-date: /home/admin/ros_ws/src/eta_robots/Universal_Robots_ROS2_Driver/install/my_ur_msgs/include/my_ur_msgs/my_ur_msgs/action/detail/send_script__rosidl_typesupport_fastrtps_c.h
[0.292s] -- Up-to-date: /home/admin/ros_ws/src/eta_robots/Universal_Robots_ROS2_Driver/install/my_ur_msgs/lib/libmy_ur_msgs__rosidl_typesupport_fastrtps_c.so
[0.293s] -- Up-to-date: /home/admin/ros_ws/src/eta_robots/Universal_Robots_ROS2_Driver/install/my_ur_msgs/include/my_ur_msgs/my_ur_msgs
[0.293s] -- Up-to-date: /home/admin/ros_ws/src/eta_robots/Universal_Robots_ROS2_Driver/install/my_ur_msgs/include/my_ur_msgs/my_ur_msgs/msg
[0.293s] -- Up-to-date: /home/admin/ros_ws/src/eta_robots/Universal_Robots_ROS2_Driver/install/my_ur_msgs/include/my_ur_msgs/my_ur_msgs/msg/rosidl_generator_cpp__visibility_control.hpp
[0.293s] -- Up-to-date: /home/admin/ros_ws/src/eta_robots/Universal_Robots_ROS2_Driver/install/my_ur_msgs/include/my_ur_msgs/my_ur_msgs/action
[0.293s] -- Up-to-date: /home/admin/ros_ws/src/eta_robots/Universal_Robots_ROS2_Driver/install/my_ur_msgs/include/my_ur_msgs/my_ur_msgs/action/send_script.hpp
[0.293s] -- Up-to-date: /home/admin/ros_ws/src/eta_robots/Universal_Robots_ROS2_Driver/install/my_ur_msgs/include/my_ur_msgs/my_ur_msgs/action/detail
[0.293s] -- Up-to-date: /home/admin/ros_ws/src/eta_robots/Universal_Robots_ROS2_Driver/install/my_ur_msgs/include/my_ur_msgs/my_ur_msgs/action/detail/send_script__builder.hpp
[0.293s] -- Up-to-date: /home/admin/ros_ws/src/eta_robots/Universal_Robots_ROS2_Driver/install/my_ur_msgs/include/my_ur_msgs/my_ur_msgs/action/detail/send_script__struct.hpp
[0.293s] -- Up-to-date: /home/admin/ros_ws/src/eta_robots/Universal_Robots_ROS2_Driver/install/my_ur_msgs/include/my_ur_msgs/my_ur_msgs/action/detail/send_script__traits.hpp
[0.293s] -- Up-to-date: /home/admin/ros_ws/src/eta_robots/Universal_Robots_ROS2_Driver/install/my_ur_msgs/include/my_ur_msgs/my_ur_msgs/action/detail/send_script__type_support.hpp
[0.293s] -- Up-to-date: /home/admin/ros_ws/src/eta_robots/Universal_Robots_ROS2_Driver/install/my_ur_msgs/include/my_ur_msgs/my_ur_msgs
[0.293s] -- Up-to-date: /home/admin/ros_ws/src/eta_robots/Universal_Robots_ROS2_Driver/install/my_ur_msgs/include/my_ur_msgs/my_ur_msgs/msg
[0.293s] -- Up-to-date: /home/admin/ros_ws/src/eta_robots/Universal_Robots_ROS2_Driver/install/my_ur_msgs/include/my_ur_msgs/my_ur_msgs/msg/rosidl_typesupport_fastrtps_cpp__visibility_control.h
[0.293s] -- Up-to-date: /home/admin/ros_ws/src/eta_robots/Universal_Robots_ROS2_Driver/install/my_ur_msgs/include/my_ur_msgs/my_ur_msgs/action
[0.293s] -- Up-to-date: /home/admin/ros_ws/src/eta_robots/Universal_Robots_ROS2_Driver/install/my_ur_msgs/include/my_ur_msgs/my_ur_msgs/action/detail
[0.293s] -- Up-to-date: /home/admin/ros_ws/src/eta_robots/Universal_Robots_ROS2_Driver/install/my_ur_msgs/include/my_ur_msgs/my_ur_msgs/action/detail/send_script__rosidl_typesupport_fastrtps_cpp.hpp
[0.293s] -- Up-to-date: /home/admin/ros_ws/src/eta_robots/Universal_Robots_ROS2_Driver/install/my_ur_msgs/include/my_ur_msgs/my_ur_msgs/action/detail/dds_fastrtps
[0.293s] -- Up-to-date: /home/admin/ros_ws/src/eta_robots/Universal_Robots_ROS2_Driver/install/my_ur_msgs/lib/libmy_ur_msgs__rosidl_typesupport_fastrtps_cpp.so
[0.293s] -- Up-to-date: /home/admin/ros_ws/src/eta_robots/Universal_Robots_ROS2_Driver/install/my_ur_msgs/include/my_ur_msgs/my_ur_msgs
[0.293s] -- Up-to-date: /home/admin/ros_ws/src/eta_robots/Universal_Robots_ROS2_Driver/install/my_ur_msgs/include/my_ur_msgs/my_ur_msgs/msg
[0.293s] -- Up-to-date: /home/admin/ros_ws/src/eta_robots/Universal_Robots_ROS2_Driver/install/my_ur_msgs/include/my_ur_msgs/my_ur_msgs/msg/rosidl_typesupport_introspection_c__visibility_control.h
[0.294s] -- Up-to-date: /home/admin/ros_ws/src/eta_robots/Universal_Robots_ROS2_Driver/install/my_ur_msgs/include/my_ur_msgs/my_ur_msgs/action
[0.294s] -- Up-to-date: /home/admin/ros_ws/src/eta_robots/Universal_Robots_ROS2_Driver/install/my_ur_msgs/include/my_ur_msgs/my_ur_msgs/action/detail
[0.294s] -- Up-to-date: /home/admin/ros_ws/src/eta_robots/Universal_Robots_ROS2_Driver/install/my_ur_msgs/include/my_ur_msgs/my_ur_msgs/action/detail/send_script__type_support.c
[0.294s] -- Up-to-date: /home/admin/ros_ws/src/eta_robots/Universal_Robots_ROS2_Driver/install/my_ur_msgs/include/my_ur_msgs/my_ur_msgs/action/detail/send_script__rosidl_typesupport_introspection_c.h
[0.294s] -- Up-to-date: /home/admin/ros_ws/src/eta_robots/Universal_Robots_ROS2_Driver/install/my_ur_msgs/lib/libmy_ur_msgs__rosidl_typesupport_introspection_c.so
[0.294s] -- Up-to-date: /home/admin/ros_ws/src/eta_robots/Universal_Robots_ROS2_Driver/install/my_ur_msgs/lib/libmy_ur_msgs__rosidl_typesupport_c.so
[0.294s] -- Up-to-date: /home/admin/ros_ws/src/eta_robots/Universal_Robots_ROS2_Driver/install/my_ur_msgs/include/my_ur_msgs/my_ur_msgs
[0.294s] -- Up-to-date: /home/admin/ros_ws/src/eta_robots/Universal_Robots_ROS2_Driver/install/my_ur_msgs/include/my_ur_msgs/my_ur_msgs/action
[0.294s] -- Up-to-date: /home/admin/ros_ws/src/eta_robots/Universal_Robots_ROS2_Driver/install/my_ur_msgs/include/my_ur_msgs/my_ur_msgs/action/detail
[0.294s] -- Up-to-date: /home/admin/ros_ws/src/eta_robots/Universal_Robots_ROS2_Driver/install/my_ur_msgs/include/my_ur_msgs/my_ur_msgs/action/detail/send_script__type_support.cpp
[0.294s] -- Up-to-date: /home/admin/ros_ws/src/eta_robots/Universal_Robots_ROS2_Driver/install/my_ur_msgs/include/my_ur_msgs/my_ur_msgs/action/detail/send_script__rosidl_typesupport_introspection_cpp.hpp
[0.294s] -- Up-to-date: /home/admin/ros_ws/src/eta_robots/Universal_Robots_ROS2_Driver/install/my_ur_msgs/lib/libmy_ur_msgs__rosidl_typesupport_introspection_cpp.so
[0.294s] -- Up-to-date: /home/admin/ros_ws/src/eta_robots/Universal_Robots_ROS2_Driver/install/my_ur_msgs/lib/libmy_ur_msgs__rosidl_typesupport_cpp.so
[0.294s] -- Up-to-date: /home/admin/ros_ws/src/eta_robots/Universal_Robots_ROS2_Driver/install/my_ur_msgs/share/my_ur_msgs/environment/pythonpath.sh
[0.294s] -- Up-to-date: /home/admin/ros_ws/src/eta_robots/Universal_Robots_ROS2_Driver/install/my_ur_msgs/share/my_ur_msgs/environment/pythonpath.dsv
[0.294s] -- Up-to-date: /home/admin/ros_ws/src/eta_robots/Universal_Robots_ROS2_Driver/install/my_ur_msgs/lib/python3.12/site-packages/my_ur_msgs-0.0.0-py3.12.egg-info
[0.294s] -- Installing: /home/admin/ros_ws/src/eta_robots/Universal_Robots_ROS2_Driver/install/my_ur_msgs/lib/python3.12/site-packages/my_ur_msgs-0.0.0-py3.12.egg-info/dependency_links.txt
[0.294s] -- Installing: /home/admin/ros_ws/src/eta_robots/Universal_Robots_ROS2_Driver/install/my_ur_msgs/lib/python3.12/site-packages/my_ur_msgs-0.0.0-py3.12.egg-info/top_level.txt
[0.294s] -- Installing: /home/admin/ros_ws/src/eta_robots/Universal_Robots_ROS2_Driver/install/my_ur_msgs/lib/python3.12/site-packages/my_ur_msgs-0.0.0-py3.12.egg-info/SOURCES.txt
[0.294s] -- Installing: /home/admin/ros_ws/src/eta_robots/Universal_Robots_ROS2_Driver/install/my_ur_msgs/lib/python3.12/site-packages/my_ur_msgs-0.0.0-py3.12.egg-info/PKG-INFO
[0.294s] -- Up-to-date: /home/admin/ros_ws/src/eta_robots/Universal_Robots_ROS2_Driver/install/my_ur_msgs/lib/python3.12/site-packages/my_ur_msgs
[0.294s] -- Up-to-date: /home/admin/ros_ws/src/eta_robots/Universal_Robots_ROS2_Driver/install/my_ur_msgs/lib/python3.12/site-packages/my_ur_msgs/_my_ur_msgs_s.ep.rosidl_typesupport_introspection_c.c
[0.295s] -- Up-to-date: /home/admin/ros_ws/src/eta_robots/Universal_Robots_ROS2_Driver/install/my_ur_msgs/lib/python3.12/site-packages/my_ur_msgs/my_ur_msgs_s__rosidl_typesupport_c.so
[0.295s] -- Up-to-date: /home/admin/ros_ws/src/eta_robots/Universal_Robots_ROS2_Driver/install/my_ur_msgs/lib/python3.12/site-packages/my_ur_msgs/__init__.py
[0.295s] -- Up-to-date: /home/admin/ros_ws/src/eta_robots/Universal_Robots_ROS2_Driver/install/my_ur_msgs/lib/python3.12/site-packages/my_ur_msgs/_my_ur_msgs_s.ep.rosidl_typesupport_c.c
[0.295s] -- Up-to-date: /home/admin/ros_ws/src/eta_robots/Universal_Robots_ROS2_Driver/install/my_ur_msgs/lib/python3.12/site-packages/my_ur_msgs/my_ur_msgs_s__rosidl_typesupport_fastrtps_c.so
[0.295s] -- Up-to-date: /home/admin/ros_ws/src/eta_robots/Universal_Robots_ROS2_Driver/install/my_ur_msgs/lib/python3.12/site-packages/my_ur_msgs/my_ur_msgs_s__rosidl_typesupport_introspection_c.so
[0.295s] -- Up-to-date: /home/admin/ros_ws/src/eta_robots/Universal_Robots_ROS2_Driver/install/my_ur_msgs/lib/python3.12/site-packages/my_ur_msgs/_my_ur_msgs_s.ep.rosidl_typesupport_fastrtps_c.c
[0.295s] -- Up-to-date: /home/admin/ros_ws/src/eta_robots/Universal_Robots_ROS2_Driver/install/my_ur_msgs/lib/python3.12/site-packages/my_ur_msgs/action
[0.295s] -- Up-to-date: /home/admin/ros_ws/src/eta_robots/Universal_Robots_ROS2_Driver/install/my_ur_msgs/lib/python3.12/site-packages/my_ur_msgs/action/__init__.py
[0.295s] -- Up-to-date: /home/admin/ros_ws/src/eta_robots/Universal_Robots_ROS2_Driver/install/my_ur_msgs/lib/python3.12/site-packages/my_ur_msgs/action/_send_script.py
[0.295s] -- Up-to-date: /home/admin/ros_ws/src/eta_robots/Universal_Robots_ROS2_Driver/install/my_ur_msgs/lib/python3.12/site-packages/my_ur_msgs/action/_send_script_s.c
[0.320s] Listing '/home/admin/ros_ws/src/eta_robots/Universal_Robots_ROS2_Driver/install/my_ur_msgs/lib/python3.12/site-packages/my_ur_msgs'...
[0.320s] Listing '/home/admin/ros_ws/src/eta_robots/Universal_Robots_ROS2_Driver/install/my_ur_msgs/lib/python3.12/site-packages/my_ur_msgs/action'...
[0.324s] -- Up-to-date: /home/admin/ros_ws/src/eta_robots/Universal_Robots_ROS2_Driver/install/my_ur_msgs/lib/python3.12/site-packages/my_ur_msgs/my_ur_msgs_s__rosidl_typesupport_fastrtps_c.so
[0.324s] -- Up-to-date: /home/admin/ros_ws/src/eta_robots/Universal_Robots_ROS2_Driver/install/my_ur_msgs/lib/python3.12/site-packages/my_ur_msgs/my_ur_msgs_s__rosidl_typesupport_introspection_c.so
[0.324s] -- Up-to-date: /home/admin/ros_ws/src/eta_robots/Universal_Robots_ROS2_Driver/install/my_ur_msgs/lib/python3.12/site-packages/my_ur_msgs/my_ur_msgs_s__rosidl_typesupport_c.so
[0.325s] -- Up-to-date: /home/admin/ros_ws/src/eta_robots/Universal_Robots_ROS2_Driver/install/my_ur_msgs/lib/libmy_ur_msgs__rosidl_generator_py.so
[0.325s] -- Up-to-date: /home/admin/ros_ws/src/eta_robots/Universal_Robots_ROS2_Driver/install/my_ur_msgs/share/ament_index/resource_index/rust_packages/my_ur_msgs
[0.325s] -- Up-to-date: /home/admin/ros_ws/src/eta_robots/Universal_Robots_ROS2_Driver/install/my_ur_msgs/share/my_ur_msgs/rust
[0.325s] -- Up-to-date: /home/admin/ros_ws/src/eta_robots/Universal_Robots_ROS2_Driver/install/my_ur_msgs/share/my_ur_msgs/rust/Cargo.toml
[0.326s] -- Up-to-date: /home/admin/ros_ws/src/eta_robots/Universal_Robots_ROS2_Driver/install/my_ur_msgs/share/my_ur_msgs/rust/build.rs
[0.326s] -- Up-to-date: /home/admin/ros_ws/src/eta_robots/Universal_Robots_ROS2_Driver/install/my_ur_msgs/share/my_ur_msgs/rust/src
[0.326s] -- Up-to-date: /home/admin/ros_ws/src/eta_robots/Universal_Robots_ROS2_Driver/install/my_ur_msgs/share/my_ur_msgs/rust/src/action.rs
[0.326s] -- Up-to-date: /home/admin/ros_ws/src/eta_robots/Universal_Robots_ROS2_Driver/install/my_ur_msgs/share/my_ur_msgs/rust/src/lib.rs
[0.326s] -- Up-to-date: /home/admin/ros_ws/src/eta_robots/Universal_Robots_ROS2_Driver/install/my_ur_msgs/share/my_ur_msgs/rust/src/action
[0.326s] -- Up-to-date: /home/admin/ros_ws/src/eta_robots/Universal_Robots_ROS2_Driver/install/my_ur_msgs/share/my_ur_msgs/rust/src/action/rmw.rs
[0.326s] -- Up-to-date: /home/admin/ros_ws/src/eta_robots/Universal_Robots_ROS2_Driver/install/my_ur_msgs/share/my_ur_msgs/action/SendScript.idl
[0.326s] -- Up-to-date: /home/admin/ros_ws/src/eta_robots/Universal_Robots_ROS2_Driver/install/my_ur_msgs/share/my_ur_msgs/action/SendScript.action
[0.326s] -- Up-to-date: /home/admin/ros_ws/src/eta_robots/Universal_Robots_ROS2_Driver/install/my_ur_msgs/share/ament_index/resource_index/package_run_dependencies/my_ur_msgs
[0.326s] -- Up-to-date: /home/admin/ros_ws/src/eta_robots/Universal_Robots_ROS2_Driver/install/my_ur_msgs/share/ament_index/resource_index/parent_prefix_path/my_ur_msgs
[0.326s] -- Up-to-date: /home/admin/ros_ws/src/eta_robots/Universal_Robots_ROS2_Driver/install/my_ur_msgs/share/my_ur_msgs/environment/ament_prefix_path.sh
[0.326s] -- Up-to-date: /home/admin/ros_ws/src/eta_robots/Universal_Robots_ROS2_Driver/install/my_ur_msgs/share/my_ur_msgs/environment/ament_prefix_path.dsv
[0.326s] -- Up-to-date: /home/admin/ros_ws/src/eta_robots/Universal_Robots_ROS2_Driver/install/my_ur_msgs/share/my_ur_msgs/environment/path.sh
[0.326s] -- Up-to-date: /home/admin/ros_ws/src/eta_robots/Universal_Robots_ROS2_Driver/install/my_ur_msgs/share/my_ur_msgs/environment/path.dsv
[0.326s] -- Up-to-date: /home/admin/ros_ws/src/eta_robots/Universal_Robots_ROS2_Driver/install/my_ur_msgs/share/my_ur_msgs/local_setup.bash
[0.326s] -- Up-to-date: /home/admin/ros_ws/src/eta_robots/Universal_Robots_ROS2_Driver/install/my_ur_msgs/share/my_ur_msgs/local_setup.sh
[0.326s] -- Up-to-date: /home/admin/ros_ws/src/eta_robots/Universal_Robots_ROS2_Driver/install/my_ur_msgs/share/my_ur_msgs/local_setup.zsh
[0.326s] -- Up-to-date: /home/admin/ros_ws/src/eta_robots/Universal_Robots_ROS2_Driver/install/my_ur_msgs/share/my_ur_msgs/local_setup.dsv
[0.326s] -- Installing: /home/admin/ros_ws/src/eta_robots/Universal_Robots_ROS2_Driver/install/my_ur_msgs/share/my_ur_msgs/package.dsv
[0.326s] -- Up-to-date: /home/admin/ros_ws/src/eta_robots/Universal_Robots_ROS2_Driver/install/my_ur_msgs/share/ament_index/resource_index/packages/my_ur_msgs
[0.327s] -- Up-to-date: /home/admin/ros_ws/src/eta_robots/Universal_Robots_ROS2_Driver/install/my_ur_msgs/share/my_ur_msgs/cmake/export_my_ur_msgs__rosidl_generator_cExport.cmake
[0.327s] -- Up-to-date: /home/admin/ros_ws/src/eta_robots/Universal_Robots_ROS2_Driver/install/my_ur_msgs/share/my_ur_msgs/cmake/export_my_ur_msgs__rosidl_generator_cExport-noconfig.cmake
[0.327s] -- Up-to-date: /home/admin/ros_ws/src/eta_robots/Universal_Robots_ROS2_Driver/install/my_ur_msgs/share/my_ur_msgs/cmake/export_my_ur_msgs__rosidl_typesupport_fastrtps_cExport.cmake
[0.327s] -- Up-to-date: /home/admin/ros_ws/src/eta_robots/Universal_Robots_ROS2_Driver/install/my_ur_msgs/share/my_ur_msgs/cmake/export_my_ur_msgs__rosidl_typesupport_fastrtps_cExport-noconfig.cmake
[0.327s] -- Up-to-date: /home/admin/ros_ws/src/eta_robots/Universal_Robots_ROS2_Driver/install/my_ur_msgs/share/my_ur_msgs/cmake/export_my_ur_msgs__rosidl_generator_cppExport.cmake
[0.327s] -- Up-to-date: /home/admin/ros_ws/src/eta_robots/Universal_Robots_ROS2_Driver/install/my_ur_msgs/share/my_ur_msgs/cmake/export_my_ur_msgs__rosidl_typesupport_fastrtps_cppExport.cmake
[0.327s] -- Up-to-date: /home/admin/ros_ws/src/eta_robots/Universal_Robots_ROS2_Driver/install/my_ur_msgs/share/my_ur_msgs/cmake/export_my_ur_msgs__rosidl_typesupport_fastrtps_cppExport-noconfig.cmake
[0.327s] -- Up-to-date: /home/admin/ros_ws/src/eta_robots/Universal_Robots_ROS2_Driver/install/my_ur_msgs/share/my_ur_msgs/cmake/my_ur_msgs__rosidl_typesupport_introspection_cExport.cmake
[0.327s] -- Up-to-date: /home/admin/ros_ws/src/eta_robots/Universal_Robots_ROS2_Driver/install/my_ur_msgs/share/my_ur_msgs/cmake/my_ur_msgs__rosidl_typesupport_introspection_cExport-noconfig.cmake
[0.327s] -- Up-to-date: /home/admin/ros_ws/src/eta_robots/Universal_Robots_ROS2_Driver/install/my_ur_msgs/share/my_ur_msgs/cmake/my_ur_msgs__rosidl_typesupport_cExport.cmake
[0.327s] -- Up-to-date: /home/admin/ros_ws/src/eta_robots/Universal_Robots_ROS2_Driver/install/my_ur_msgs/share/my_ur_msgs/cmake/my_ur_msgs__rosidl_typesupport_cExport-noconfig.cmake
[0.327s] -- Up-to-date: /home/admin/ros_ws/src/eta_robots/Universal_Robots_ROS2_Driver/install/my_ur_msgs/share/my_ur_msgs/cmake/my_ur_msgs__rosidl_typesupport_introspection_cppExport.cmake
[0.327s] -- Up-to-date: /home/admin/ros_ws/src/eta_robots/Universal_Robots_ROS2_Driver/install/my_ur_msgs/share/my_ur_msgs/cmake/my_ur_msgs__rosidl_typesupport_introspection_cppExport-noconfig.cmake
[0.327s] -- Up-to-date: /home/admin/ros_ws/src/eta_robots/Universal_Robots_ROS2_Driver/install/my_ur_msgs/share/my_ur_msgs/cmake/my_ur_msgs__rosidl_typesupport_cppExport.cmake
[0.327s] -- Up-to-date: /home/admin/ros_ws/src/eta_robots/Universal_Robots_ROS2_Driver/install/my_ur_msgs/share/my_ur_msgs/cmake/my_ur_msgs__rosidl_typesupport_cppExport-noconfig.cmake
[0.327s] -- Up-to-date: /home/admin/ros_ws/src/eta_robots/Universal_Robots_ROS2_Driver/install/my_ur_msgs/share/my_ur_msgs/cmake/export_my_ur_msgs__rosidl_generator_pyExport.cmake
[0.327s] -- Up-to-date: /home/admin/ros_ws/src/eta_robots/Universal_Robots_ROS2_Driver/install/my_ur_msgs/share/my_ur_msgs/cmake/export_my_ur_msgs__rosidl_generator_pyExport-noconfig.cmake
[0.327s] -- Up-to-date: /home/admin/ros_ws/src/eta_robots/Universal_Robots_ROS2_Driver/install/my_ur_msgs/share/my_ur_msgs/cmake/rosidl_cmake-extras.cmake
[0.327s] -- Up-to-date: /home/admin/ros_ws/src/eta_robots/Universal_Robots_ROS2_Driver/install/my_ur_msgs/share/my_ur_msgs/cmake/ament_cmake_export_dependencies-extras.cmake
[0.327s] -- Up-to-date: /home/admin/ros_ws/src/eta_robots/Universal_Robots_ROS2_Driver/install/my_ur_msgs/share/my_ur_msgs/cmake/ament_cmake_export_include_directories-extras.cmake
[0.327s] -- Up-to-date: /home/admin/ros_ws/src/eta_robots/Universal_Robots_ROS2_Driver/install/my_ur_msgs/share/my_ur_msgs/cmake/ament_cmake_export_libraries-extras.cmake
[0.327s] -- Up-to-date: /home/admin/ros_ws/src/eta_robots/Universal_Robots_ROS2_Driver/install/my_ur_msgs/share/my_ur_msgs/cmake/ament_cmake_export_targets-extras.cmake
[0.328s] -- Up-to-date: /home/admin/ros_ws/src/eta_robots/Universal_Robots_ROS2_Driver/install/my_ur_msgs/share/my_ur_msgs/cmake/rosidl_cmake_export_typesupport_targets-extras.cmake
[0.328s] -- Up-to-date: /home/admin/ros_ws/src/eta_robots/Universal_Robots_ROS2_Driver/install/my_ur_msgs/share/my_ur_msgs/cmake/rosidl_cmake_export_typesupport_libraries-extras.cmake
[0.328s] -- Up-to-date: /home/admin/ros_ws/src/eta_robots/Universal_Robots_ROS2_Driver/install/my_ur_msgs/share/my_ur_msgs/cmake/my_ur_msgsConfig.cmake
[0.328s] -- Up-to-date: /home/admin/ros_ws/src/eta_robots/Universal_Robots_ROS2_Driver/install/my_ur_msgs/share/my_ur_msgs/cmake/my_ur_msgsConfig-version.cmake
[0.328s] -- Up-to-date: /home/admin/ros_ws/src/eta_robots/Universal_Robots_ROS2_Driver/install/my_ur_msgs/share/my_ur_msgs/package.xml
[0.335s] Invoked command in '/home/admin/ros_ws/src/eta_robots/Universal_Robots_ROS2_Driver/build/my_ur_msgs' returned '0': CMAKE_PREFIX_PATH=${CMAKE_PREFIX_PATH}:/home/admin/ros_ws/install/moveit_configs_utils:/home/admin/ros_ws/install/ros2_controllers_test_nodes:/opt/ros/kilted /usr/bin/cmake --install /home/admin/ros_ws/src/eta_robots/Universal_Robots_ROS2_Driver/build/my_ur_msgs
