[0mur_robot_driver: You did not request a specific build type: selecting 'RelWithDebInfo'.[0m
-- Found ament_cmake: 2.7.5 (/opt/ros/kilted/share/ament_cmake/cmake)
-- Found controller_manager: 5.14.2 (/opt/ros/kilted/share/controller_manager/cmake)
-- Found rosidl_generator_c: 4.9.6 (/opt/ros/kilted/share/rosidl_generator_c/cmake)
-- Found rosidl_generator_cpp: 4.9.6 (/opt/ros/kilted/share/rosidl_generator_cpp/cmake)
-- Using all available rosidl_typesupport_c: rosidl_typesupport_fastrtps_c;rosidl_typesupport_introspection_c
-- Using all available rosidl_typesupport_cpp: rosidl_typesupport_fastrtps_cpp;rosidl_typesupport_introspection_cpp
-- Found rmw_implementation_cmake: 7.8.2 (/opt/ros/kilted/share/rmw_implementation_cmake/cmake)
-- Found rmw_fastrtps_cpp: 9.3.4 (/opt/ros/kilted/share/rmw_fastrtps_cpp/cmake)
-- Using RMW implementation 'rmw_fastrtps_cpp' as default
[0mCMake Deprecation Warning at /opt/ros/kilted/share/tl_expected/cmake/tl_expectedConfig.cmake:37 (message):
  Package 'tl_expected' is deprecated (This package will be removed in ROS 2
  Lyrical Luth.

        Use tl/expected.hpp from libexpected-dev,
        or rcpputils/tl_expected/expected.hpp if the system header is not available)
Call Stack (most recent call first):
  /opt/ros/kilted/share/parameter_traits/cmake/ament_cmake_export_dependencies-extras.cmake:21 (find_package)
  /opt/ros/kilted/share/parameter_traits/cmake/parameter_traitsConfig.cmake:41 (include)
  /opt/ros/kilted/share/controller_manager/cmake/ament_cmake_export_dependencies-extras.cmake:21 (find_package)
  /opt/ros/kilted/share/controller_manager/cmake/controller_managerConfig.cmake:41 (include)
  CMakeLists.txt:35 (find_package)

[0m
-- Found std_srvs: 5.5.2 (/opt/ros/kilted/share/std_srvs/cmake)
-- Found tf2_geometry_msgs: 0.41.7 (/opt/ros/kilted/share/tf2_geometry_msgs/cmake)
-- Found eigen3_cmake_module: 0.4.0 (/opt/ros/kilted/share/eigen3_cmake_module/cmake)
-- Ensuring Eigen3 include directory is part of orocos-kdl CMake target
-- Found ur_dashboard_msgs: 4.8.0 (/home/admin/ros_ws/src/eta_robots/Universal_Robots_ROS2_Driver/install/ur_dashboard_msgs/share/ur_dashboard_msgs/cmake)
-- Found ur_msgs: 2.6.0 (/home/admin/ros_ws/install/ur_msgs/share/ur_msgs/cmake)
-- Found my_ur_msgs: 0.0.0 (/home/admin/ros_ws/src/eta_robots/Universal_Robots_ROS2_Driver/install/my_ur_msgs/share/my_ur_msgs/cmake)
-- Found motion_primitives_controllers: 5.15.1 (/opt/ros/kilted/share/motion_primitives_controllers/cmake)
-- Found ur_controllers: 4.8.0 (/home/admin/ros_ws/src/eta_robots/Universal_Robots_ROS2_Driver/install/ur_controllers/share/ur_controllers/cmake)
-- Found ur_description: 4.3.1 (/home/admin/ros_ws/install/ur_description/share/ur_description/cmake)
-- Found launch_testing_ament_cmake: 3.8.7 (/opt/ros/kilted/share/launch_testing_ament_cmake/cmake)
-- Configuring done (1.2s)
-- Generating done (0.0s)
-- Build files have been written to: /home/admin/ros_ws/src/eta_robots/Universal_Robots_ROS2_Driver/build/ur_robot_driver
[  4%] [32mBuilding CXX object CMakeFiles/urscript_interface.dir/src/urscript_interface.cpp.o[0m
[ 14%] Built target ur_robot_driver_log_handler
[ 28%] Built target controller_stopper_node
[ 38%] Built target trajectory_until_node
[ 57%] Built target robot_state_helper
[ 76%] Built target dashboard_client
[ 76%] Built target ament_cmake_python_copy_ur_robot_driver
[ 95%] Built target ur_robot_driver_plugin
running egg_info
writing ur_robot_driver.egg-info/PKG-INFO
writing dependency_links to ur_robot_driver.egg-info/dependency_links.txt
writing top-level names to ur_robot_driver.egg-info/top_level.txt
reading manifest file 'ur_robot_driver.egg-info/SOURCES.txt'
writing manifest file 'ur_robot_driver.egg-info/SOURCES.txt'
[ 95%] Built target ament_cmake_python_build_ur_robot_driver_egg
[100%] [32m[1mLinking CXX executable urscript_interface[0m
[100%] Built target urscript_interface
-- Install configuration: "RelWithDebInfo"
-- Installing: /home/admin/ros_ws/src/eta_robots/Universal_Robots_ROS2_Driver/install/ur_robot_driver/share/ur_robot_driver/hardware_interface_plugin.xml
-- Installing: /home/admin/ros_ws/src/eta_robots/Universal_Robots_ROS2_Driver/install/ur_robot_driver/lib/ur_robot_driver/dashboard_client
-- Set non-toolchain portion of runtime path of "/home/admin/ros_ws/src/eta_robots/Universal_Robots_ROS2_Driver/install/ur_robot_driver/lib/ur_robot_driver/dashboard_client" to ""
-- Installing: /home/admin/ros_ws/src/eta_robots/Universal_Robots_ROS2_Driver/install/ur_robot_driver/lib/ur_robot_driver/controller_stopper_node
-- Set non-toolchain portion of runtime path of "/home/admin/ros_ws/src/eta_robots/Universal_Robots_ROS2_Driver/install/ur_robot_driver/lib/ur_robot_driver/controller_stopper_node" to ""
-- Installing: /home/admin/ros_ws/src/eta_robots/Universal_Robots_ROS2_Driver/install/ur_robot_driver/lib/ur_robot_driver/urscript_interface
-- Set non-toolchain portion of runtime path of "/home/admin/ros_ws/src/eta_robots/Universal_Robots_ROS2_Driver/install/ur_robot_driver/lib/ur_robot_driver/urscript_interface" to ""
-- Installing: /home/admin/ros_ws/src/eta_robots/Universal_Robots_ROS2_Driver/install/ur_robot_driver/lib/ur_robot_driver/robot_state_helper
-- Set non-toolchain portion of runtime path of "/home/admin/ros_ws/src/eta_robots/Universal_Robots_ROS2_Driver/install/ur_robot_driver/lib/ur_robot_driver/robot_state_helper" to ""
-- Installing: /home/admin/ros_ws/src/eta_robots/Universal_Robots_ROS2_Driver/install/ur_robot_driver/lib/ur_robot_driver/trajectory_until_node
-- Set non-toolchain portion of runtime path of "/home/admin/ros_ws/src/eta_robots/Universal_Robots_ROS2_Driver/install/ur_robot_driver/lib/ur_robot_driver/trajectory_until_node" to ""
-- Installing: /home/admin/ros_ws/src/eta_robots/Universal_Robots_ROS2_Driver/install/ur_robot_driver/lib/libur_robot_driver_log_handler.so
-- Set non-toolchain portion of runtime path of "/home/admin/ros_ws/src/eta_robots/Universal_Robots_ROS2_Driver/install/ur_robot_driver/lib/libur_robot_driver_log_handler.so" to ""
-- Installing: /home/admin/ros_ws/src/eta_robots/Universal_Robots_ROS2_Driver/install/ur_robot_driver/lib/libur_robot_driver_plugin.so
-- Set non-toolchain portion of runtime path of "/home/admin/ros_ws/src/eta_robots/Universal_Robots_ROS2_Driver/install/ur_robot_driver/lib/libur_robot_driver_plugin.so" to ""
-- Installing: /home/admin/ros_ws/src/eta_robots/Universal_Robots_ROS2_Driver/install/ur_robot_driver/include/ur_robot_driver
-- Installing: /home/admin/ros_ws/src/eta_robots/Universal_Robots_ROS2_Driver/install/ur_robot_driver/include/ur_robot_driver/ur_robot_driver
-- Installing: /home/admin/ros_ws/src/eta_robots/Universal_Robots_ROS2_Driver/install/ur_robot_driver/include/ur_robot_driver/ur_robot_driver/robot_state_helper.hpp
-- Installing: /home/admin/ros_ws/src/eta_robots/Universal_Robots_ROS2_Driver/install/ur_robot_driver/include/ur_robot_driver/ur_robot_driver/trajectory_until_node.hpp
-- Installing: /home/admin/ros_ws/src/eta_robots/Universal_Robots_ROS2_Driver/install/ur_robot_driver/include/ur_robot_driver/ur_robot_driver/controller_stopper.hpp
-- Installing: /home/admin/ros_ws/src/eta_robots/Universal_Robots_ROS2_Driver/install/ur_robot_driver/include/ur_robot_driver/ur_robot_driver/hardware_interface.hpp
-- Installing: /home/admin/ros_ws/src/eta_robots/Universal_Robots_ROS2_Driver/install/ur_robot_driver/include/ur_robot_driver/ur_robot_driver/dashboard_client_ros.hpp
-- Installing: /home/admin/ros_ws/src/eta_robots/Universal_Robots_ROS2_Driver/install/ur_robot_driver/include/ur_robot_driver/ur_robot_driver/urcl_log_handler.hpp
-- Installing: /home/admin/ros_ws/src/eta_robots/Universal_Robots_ROS2_Driver/install/ur_robot_driver/share/ur_robot_driver/environment/library_path.sh
-- Installing: /home/admin/ros_ws/src/eta_robots/Universal_Robots_ROS2_Driver/install/ur_robot_driver/share/ur_robot_driver/environment/library_path.dsv
-- Installing: /home/admin/ros_ws/src/eta_robots/Universal_Robots_ROS2_Driver/install/ur_robot_driver/share/ur_robot_driver/resources
-- Installing: /home/admin/ros_ws/src/eta_robots/Universal_Robots_ROS2_Driver/install/ur_robot_driver/share/ur_robot_driver/resources/rtde_input_recipe.txt
-- Installing: /home/admin/ros_ws/src/eta_robots/Universal_Robots_ROS2_Driver/install/ur_robot_driver/share/ur_robot_driver/resources/rtde_output_recipe.txt
-- Installing: /home/admin/ros_ws/src/eta_robots/Universal_Robots_ROS2_Driver/install/ur_robot_driver/share/ur_robot_driver/resources/rs485-1.0.urcap
-- Installing: /home/admin/ros_ws/src/eta_robots/Universal_Robots_ROS2_Driver/install/ur_robot_driver/share/ur_robot_driver/resources/externalcontrol-1.0.5.urcap
-- Installing: /home/admin/ros_ws/src/eta_robots/Universal_Robots_ROS2_Driver/install/ur_robot_driver/share/ur_robot_driver/environment/pythonpath.sh
-- Installing: /home/admin/ros_ws/src/eta_robots/Universal_Robots_ROS2_Driver/install/ur_robot_driver/share/ur_robot_driver/environment/pythonpath.dsv
-- Installing: /home/admin/ros_ws/src/eta_robots/Universal_Robots_ROS2_Driver/install/ur_robot_driver/lib/python3.12/site-packages/ur_robot_driver-4.8.0-py3.12.egg-info
-- Installing: /home/admin/ros_ws/src/eta_robots/Universal_Robots_ROS2_Driver/install/ur_robot_driver/lib/python3.12/site-packages/ur_robot_driver-4.8.0-py3.12.egg-info/dependency_links.txt
-- Installing: /home/admin/ros_ws/src/eta_robots/Universal_Robots_ROS2_Driver/install/ur_robot_driver/lib/python3.12/site-packages/ur_robot_driver-4.8.0-py3.12.egg-info/top_level.txt
-- Installing: /home/admin/ros_ws/src/eta_robots/Universal_Robots_ROS2_Driver/install/ur_robot_driver/lib/python3.12/site-packages/ur_robot_driver-4.8.0-py3.12.egg-info/SOURCES.txt
-- Installing: /home/admin/ros_ws/src/eta_robots/Universal_Robots_ROS2_Driver/install/ur_robot_driver/lib/python3.12/site-packages/ur_robot_driver-4.8.0-py3.12.egg-info/PKG-INFO
-- Installing: /home/admin/ros_ws/src/eta_robots/Universal_Robots_ROS2_Driver/install/ur_robot_driver/lib/python3.12/site-packages/ur_robot_driver
-- Installing: /home/admin/ros_ws/src/eta_robots/Universal_Robots_ROS2_Driver/install/ur_robot_driver/lib/python3.12/site-packages/ur_robot_driver/__init__.py
Listing '/home/admin/ros_ws/src/eta_robots/Universal_Robots_ROS2_Driver/install/ur_robot_driver/lib/python3.12/site-packages/ur_robot_driver'...
Compiling '/home/admin/ros_ws/src/eta_robots/Universal_Robots_ROS2_Driver/install/ur_robot_driver/lib/python3.12/site-packages/ur_robot_driver/__init__.py'...
-- Installing: /home/admin/ros_ws/src/eta_robots/Universal_Robots_ROS2_Driver/install/ur_robot_driver/lib/ur_robot_driver/tool_communication.py
-- Installing: /home/admin/ros_ws/src/eta_robots/Universal_Robots_ROS2_Driver/install/ur_robot_driver/lib/ur_robot_driver/wait_for_robot_description
-- Installing: /home/admin/ros_ws/src/eta_robots/Universal_Robots_ROS2_Driver/install/ur_robot_driver/lib/ur_robot_driver/example_move.py
-- Installing: /home/admin/ros_ws/src/eta_robots/Universal_Robots_ROS2_Driver/install/ur_robot_driver/lib/ur_robot_driver/start_ursim.sh
-- Installing: /home/admin/ros_ws/src/eta_robots/Universal_Robots_ROS2_Driver/install/ur_robot_driver/lib/ur_robot_driver/examples.py
-- Installing: /home/admin/ros_ws/src/eta_robots/Universal_Robots_ROS2_Driver/install/ur_robot_driver/lib/ur_robot_driver/force_mode.py
-- Installing: /home/admin/ros_ws/src/eta_robots/Universal_Robots_ROS2_Driver/install/ur_robot_driver/lib/ur_robot_driver/send_dummy_motion_primitives_ur10e.py
-- Installing: /home/admin/ros_ws/src/eta_robots/Universal_Robots_ROS2_Driver/install/ur_robot_driver/lib/ur_robot_driver/move_until_example.py
-- Installing: /home/admin/ros_ws/src/eta_robots/Universal_Robots_ROS2_Driver/install/ur_robot_driver/bin/wait_dashboard_server.sh
-- Installing: /home/admin/ros_ws/src/eta_robots/Universal_Robots_ROS2_Driver/install/ur_robot_driver/share/ur_robot_driver/config
-- Installing: /home/admin/ros_ws/src/eta_robots/Universal_Robots_ROS2_Driver/install/ur_robot_driver/share/ur_robot_driver/config/ur10_update_rate.yaml
-- Installing: /home/admin/ros_ws/src/eta_robots/Universal_Robots_ROS2_Driver/install/ur_robot_driver/share/ur_robot_driver/config/ur5_update_rate.yaml
-- Installing: /home/admin/ros_ws/src/eta_robots/Universal_Robots_ROS2_Driver/install/ur_robot_driver/share/ur_robot_driver/config/ur8long_update_rate.yaml
-- Installing: /home/admin/ros_ws/src/eta_robots/Universal_Robots_ROS2_Driver/install/ur_robot_driver/share/ur_robot_driver/config/ur3e_update_rate.yaml
-- Installing: /home/admin/ros_ws/src/eta_robots/Universal_Robots_ROS2_Driver/install/ur_robot_driver/share/ur_robot_driver/config/ur15_update_rate.yaml
-- Installing: /home/admin/ros_ws/src/eta_robots/Universal_Robots_ROS2_Driver/install/ur_robot_driver/share/ur_robot_driver/config/test_velocity_goal_publishers_config.yaml
-- Installing: /home/admin/ros_ws/src/eta_robots/Universal_Robots_ROS2_Driver/install/ur_robot_driver/share/ur_robot_driver/config/ur7e_update_rate.yaml
-- Installing: /home/admin/ros_ws/src/eta_robots/Universal_Robots_ROS2_Driver/install/ur_robot_driver/share/ur_robot_driver/config/ur3_update_rate.yaml
-- Installing: /home/admin/ros_ws/src/eta_robots/Universal_Robots_ROS2_Driver/install/ur_robot_driver/share/ur_robot_driver/config/ur5e_update_rate.yaml
-- Installing: /home/admin/ros_ws/src/eta_robots/Universal_Robots_ROS2_Driver/install/ur_robot_driver/share/ur_robot_driver/config/ur20_update_rate.yaml
-- Installing: /home/admin/ros_ws/src/eta_robots/Universal_Robots_ROS2_Driver/install/ur_robot_driver/share/ur_robot_driver/config/ur12e_update_rate.yaml
-- Installing: /home/admin/ros_ws/src/eta_robots/Universal_Robots_ROS2_Driver/install/ur_robot_driver/share/ur_robot_driver/config/ur30_update_rate.yaml
-- Installing: /home/admin/ros_ws/src/eta_robots/Universal_Robots_ROS2_Driver/install/ur_robot_driver/share/ur_robot_driver/config/ur_controllers.yaml
-- Installing: /home/admin/ros_ws/src/eta_robots/Universal_Robots_ROS2_Driver/install/ur_robot_driver/share/ur_robot_driver/config/test_goal_publishers_config.yaml
-- Installing: /home/admin/ros_ws/src/eta_robots/Universal_Robots_ROS2_Driver/install/ur_robot_driver/share/ur_robot_driver/config/ur10e_update_rate.yaml
-- Installing: /home/admin/ros_ws/src/eta_robots/Universal_Robots_ROS2_Driver/install/ur_robot_driver/share/ur_robot_driver/config/ur18_update_rate.yaml
-- Installing: /home/admin/ros_ws/src/eta_robots/Universal_Robots_ROS2_Driver/install/ur_robot_driver/share/ur_robot_driver/config/ur16e_update_rate.yaml
-- Installing: /home/admin/ros_ws/src/eta_robots/Universal_Robots_ROS2_Driver/install/ur_robot_driver/share/ur_robot_driver/launch
-- Installing: /home/admin/ros_ws/src/eta_robots/Universal_Robots_ROS2_Driver/install/ur_robot_driver/share/ur_robot_driver/launch/ur5.launch.py
-- Installing: /home/admin/ros_ws/src/eta_robots/Universal_Robots_ROS2_Driver/install/ur_robot_driver/share/ur_robot_driver/launch/ur16e.launch.py
-- Installing: /home/admin/ros_ws/src/eta_robots/Universal_Robots_ROS2_Driver/install/ur_robot_driver/share/ur_robot_driver/launch/ur12e.launch.py
-- Installing: /home/admin/ros_ws/src/eta_robots/Universal_Robots_ROS2_Driver/install/ur_robot_driver/share/ur_robot_driver/launch/ur3e.launch.py
-- Installing: /home/admin/ros_ws/src/eta_robots/Universal_Robots_ROS2_Driver/install/ur_robot_driver/share/ur_robot_driver/launch/ur3.launch.py
-- Installing: /home/admin/ros_ws/src/eta_robots/Universal_Robots_ROS2_Driver/install/ur_robot_driver/share/ur_robot_driver/launch/ur5e.launch.py
-- Installing: /home/admin/ros_ws/src/eta_robots/Universal_Robots_ROS2_Driver/install/ur_robot_driver/share/ur_robot_driver/launch/ur30.launch.py
-- Installing: /home/admin/ros_ws/src/eta_robots/Universal_Robots_ROS2_Driver/install/ur_robot_driver/share/ur_robot_driver/launch/test_scaled_joint_trajectory_controller.launch.py
-- Installing: /home/admin/ros_ws/src/eta_robots/Universal_Robots_ROS2_Driver/install/ur_robot_driver/share/ur_robot_driver/launch/ur_rsp.launch.py
-- Installing: /home/admin/ros_ws/src/eta_robots/Universal_Robots_ROS2_Driver/install/ur_robot_driver/share/ur_robot_driver/launch/ur10.launch.py
-- Installing: /home/admin/ros_ws/src/eta_robots/Universal_Robots_ROS2_Driver/install/ur_robot_driver/share/ur_robot_driver/launch/ur_dashboard_client.launch.py
-- Installing: /home/admin/ros_ws/src/eta_robots/Universal_Robots_ROS2_Driver/install/ur_robot_driver/share/ur_robot_driver/launch/ur20.launch.py
-- Installing: /home/admin/ros_ws/src/eta_robots/Universal_Robots_ROS2_Driver/install/ur_robot_driver/share/ur_robot_driver/launch/ur18.launch.py
-- Installing: /home/admin/ros_ws/src/eta_robots/Universal_Robots_ROS2_Driver/install/ur_robot_driver/share/ur_robot_driver/launch/ur15.launch.py
-- Installing: /home/admin/ros_ws/src/eta_robots/Universal_Robots_ROS2_Driver/install/ur_robot_driver/share/ur_robot_driver/launch/test_joint_trajectory_controller.launch.py
-- Installing: /home/admin/ros_ws/src/eta_robots/Universal_Robots_ROS2_Driver/install/ur_robot_driver/share/ur_robot_driver/launch/test_forward_velocity_controller.launch.py
-- Installing: /home/admin/ros_ws/src/eta_robots/Universal_Robots_ROS2_Driver/install/ur_robot_driver/share/ur_robot_driver/launch/ur10e.launch.py
-- Installing: /home/admin/ros_ws/src/eta_robots/Universal_Robots_ROS2_Driver/install/ur_robot_driver/share/ur_robot_driver/launch/ur_control.launch.py
-- Installing: /home/admin/ros_ws/src/eta_robots/Universal_Robots_ROS2_Driver/install/ur_robot_driver/share/ur_robot_driver/launch/ur8long.launch.py
-- Installing: /home/admin/ros_ws/src/eta_robots/Universal_Robots_ROS2_Driver/install/ur_robot_driver/share/ur_robot_driver/launch/ur7e.launch.py
-- Installing: /home/admin/ros_ws/src/eta_robots/Universal_Robots_ROS2_Driver/install/ur_robot_driver/share/ur_robot_driver/urdf
-- Installing: /home/admin/ros_ws/src/eta_robots/Universal_Robots_ROS2_Driver/install/ur_robot_driver/share/ur_robot_driver/urdf/ur.ros2_control.xacro
-- Installing: /home/admin/ros_ws/src/eta_robots/Universal_Robots_ROS2_Driver/install/ur_robot_driver/share/ur_robot_driver/urdf/ur.urdf.xacro
-- Installing: /home/admin/ros_ws/src/eta_robots/Universal_Robots_ROS2_Driver/install/ur_robot_driver/share/ament_index/resource_index/package_run_dependencies/ur_robot_driver
-- Installing: /home/admin/ros_ws/src/eta_robots/Universal_Robots_ROS2_Driver/install/ur_robot_driver/share/ament_index/resource_index/parent_prefix_path/ur_robot_driver
-- Installing: /home/admin/ros_ws/src/eta_robots/Universal_Robots_ROS2_Driver/install/ur_robot_driver/share/ur_robot_driver/environment/ament_prefix_path.sh
-- Installing: /home/admin/ros_ws/src/eta_robots/Universal_Robots_ROS2_Driver/install/ur_robot_driver/share/ur_robot_driver/environment/ament_prefix_path.dsv
-- Installing: /home/admin/ros_ws/src/eta_robots/Universal_Robots_ROS2_Driver/install/ur_robot_driver/share/ur_robot_driver/environment/path.sh
-- Installing: /home/admin/ros_ws/src/eta_robots/Universal_Robots_ROS2_Driver/install/ur_robot_driver/share/ur_robot_driver/environment/path.dsv
-- Installing: /home/admin/ros_ws/src/eta_robots/Universal_Robots_ROS2_Driver/install/ur_robot_driver/share/ur_robot_driver/local_setup.bash
-- Installing: /home/admin/ros_ws/src/eta_robots/Universal_Robots_ROS2_Driver/install/ur_robot_driver/share/ur_robot_driver/local_setup.sh
-- Installing: /home/admin/ros_ws/src/eta_robots/Universal_Robots_ROS2_Driver/install/ur_robot_driver/share/ur_robot_driver/local_setup.zsh
-- Installing: /home/admin/ros_ws/src/eta_robots/Universal_Robots_ROS2_Driver/install/ur_robot_driver/share/ur_robot_driver/local_setup.dsv
-- Installing: /home/admin/ros_ws/src/eta_robots/Universal_Robots_ROS2_Driver/install/ur_robot_driver/share/ur_robot_driver/package.dsv
-- Installing: /home/admin/ros_ws/src/eta_robots/Universal_Robots_ROS2_Driver/install/ur_robot_driver/share/ament_index/resource_index/packages/ur_robot_driver
-- Installing: /home/admin/ros_ws/src/eta_robots/Universal_Robots_ROS2_Driver/install/ur_robot_driver/share/ament_index/resource_index/hardware_interface__pluginlib__plugin/ur_robot_driver
-- Installing: /home/admin/ros_ws/src/eta_robots/Universal_Robots_ROS2_Driver/install/ur_robot_driver/share/ur_robot_driver/cmake/export_ur_robot_driverExport.cmake
-- Installing: /home/admin/ros_ws/src/eta_robots/Universal_Robots_ROS2_Driver/install/ur_robot_driver/share/ur_robot_driver/cmake/export_ur_robot_driverExport-relwithdebinfo.cmake
-- Installing: /home/admin/ros_ws/src/eta_robots/Universal_Robots_ROS2_Driver/install/ur_robot_driver/share/ur_robot_driver/cmake/ament_cmake_export_include_directories-extras.cmake
-- Installing: /home/admin/ros_ws/src/eta_robots/Universal_Robots_ROS2_Driver/install/ur_robot_driver/share/ur_robot_driver/cmake/ament_cmake_export_libraries-extras.cmake
-- Installing: /home/admin/ros_ws/src/eta_robots/Universal_Robots_ROS2_Driver/install/ur_robot_driver/share/ur_robot_driver/cmake/ament_cmake_export_targets-extras.cmake
-- Installing: /home/admin/ros_ws/src/eta_robots/Universal_Robots_ROS2_Driver/install/ur_robot_driver/share/ur_robot_driver/cmake/ament_cmake_export_dependencies-extras.cmake
-- Installing: /home/admin/ros_ws/src/eta_robots/Universal_Robots_ROS2_Driver/install/ur_robot_driver/share/ur_robot_driver/cmake/ur_robot_driverConfig.cmake
-- Installing: /home/admin/ros_ws/src/eta_robots/Universal_Robots_ROS2_Driver/install/ur_robot_driver/share/ur_robot_driver/cmake/ur_robot_driverConfig-version.cmake
-- Installing: /home/admin/ros_ws/src/eta_robots/Universal_Robots_ROS2_Driver/install/ur_robot_driver/share/ur_robot_driver/package.xml
