[0.013s] Invoking command in '/home/admin/ros_ws/src/eta_robots/Universal_Robots_ROS2_Driver/build/ur_robot_driver': AMENT_PREFIX_PATH=/home/admin/ros_ws/src/eta_robots/Universal_Robots_ROS2_Driver/install/ur_controllers:/home/admin/ros_ws/src/eta_robots/Universal_Robots_ROS2_Driver/install/ur_dashboard_msgs:/home/admin/ros_ws/src/eta_robots/Universal_Robots_ROS2_Driver/install/my_ur_msgs:${AMENT_PREFIX_PATH} CMAKE_PREFIX_PATH=/home/admin/ros_ws/src/eta_robots/Universal_Robots_ROS2_Driver/install/ur_controllers:/home/admin/ros_ws/src/eta_robots/Universal_Robots_ROS2_Driver/install/ur_dashboard_msgs:/home/admin/ros_ws/src/eta_robots/Universal_Robots_ROS2_Driver/install/my_ur_msgs:/home/admin/ros_ws/install/my_ur_msgs:/home/admin/ros_ws/install/ur_controllers:/home/admin/ros_ws/install/ur_msgs:/home/admin/ros_ws/install/ur_moveit_config:/home/admin/ros_ws/install/ur_description:/home/admin/ros_ws/install/ur_dashboard_msgs:/home/admin/ros_ws/install/ur_client_library:/home/admin/ros_ws/install/srdfdom:/home/admin/ros_ws/install/ros2_control_test_assets:/home/admin/ros_ws/install/joint_limits:/home/admin/ros_ws/install/realtime_tools:/home/admin/ros_ws/install/moveit_resources_prbt_support:/home/admin/ros_ws/install/moveit_resources_pr2_description:/home/admin/ros_ws/install/dual_arm_panda_moveit_config:/home/admin/ros_ws/install/moveit_resources_panda_description:/home/admin/ros_ws/install/moveit_resources_fanuc_description:/home/admin/ros_ws/install/moveit_common:/home/admin/ros_ws/install/kinematics_interface_kdl:/home/admin/ros_ws/install/kinematics_interface:/home/admin/ros_ws/install/controller_manager_msgs:/home/admin/ros_ws/install/eta_slam:/home/admin/ros_ws/install/eta_navigation:/home/admin/ros_ws/install/eta_hardware:/home/admin/ros_ws/install/eta_firmware:/home/admin/ros_ws/install/eta_bringup:/home/admin/ros_ws/install/eta_control:/home/admin/ros_ws/install/eta_description:/home/admin/ros_ws/install/eta_base:/opt/ros/kilted/opt/gz_sim_vendor:/opt/ros/kilted/opt/gz_sensors_vendor:/opt/ros/kilted/opt/gz_physics_vendor:/opt/ros/kilted/opt/sdformat_vendor:/opt/ros/kilted/opt/gz_gui_vendor:/opt/ros/kilted/opt/gz_transport_vendor:/opt/ros/kilted/opt/gz_rendering_vendor:/opt/ros/kilted/opt/gz_plugin_vendor:/opt/ros/kilted/opt/gz_fuel_tools_vendor:/opt/ros/kilted/opt/gz_msgs_vendor:/opt/ros/kilted/opt/gz_common_vendor:/opt/ros/kilted/opt/gz_math_vendor:/opt/ros/kilted/opt/gz_utils_vendor:/opt/ros/kilted/opt/gz_tools_vendor:/opt/ros/kilted/opt/gz_ogre_next_vendor:/opt/ros/kilted/opt/gz_dartsim_vendor:/opt/ros/kilted/opt/gz_cmake_vendor:/home/admin/ros_ws/install/moveit_configs_utils:/home/admin/ros_ws/install/ros2_controllers_test_nodes:/opt/ros/kilted LD_LIBRARY_PATH=/home/admin/ros_ws/src/eta_robots/Universal_Robots_ROS2_Driver/install/ur_controllers/lib:/home/admin/ros_ws/src/eta_robots/Universal_Robots_ROS2_Driver/install/ur_dashboard_msgs/lib:/home/admin/ros_ws/src/eta_robots/Universal_Robots_ROS2_Driver/install/my_ur_msgs/lib:${LD_LIBRARY_PATH} PYTHONPATH=/home/admin/ros_ws/src/eta_robots/Universal_Robots_ROS2_Driver/install/ur_dashboard_msgs/lib/python3.12/site-packages:/home/admin/ros_ws/src/eta_robots/Universal_Robots_ROS2_Driver/install/my_ur_msgs/lib/python3.12/site-packages:${PYTHONPATH} /usr/bin/cmake --build /home/admin/ros_ws/src/eta_robots/Universal_Robots_ROS2_Driver/build/ur_robot_driver -- -j14 -l14
[0.041s] [0mur_robot_driver: You did not request a specific build type: selecting 'RelWithDebInfo'.[0m
[0.041s] -- Found ament_cmake: 2.7.5 (/opt/ros/kilted/share/ament_cmake/cmake)
[0.237s] -- Found controller_manager: 5.14.2 (/opt/ros/kilted/share/controller_manager/cmake)
[0.274s] -- Found rosidl_generator_c: 4.9.6 (/opt/ros/kilted/share/rosidl_generator_c/cmake)
[0.283s] -- Found rosidl_generator_cpp: 4.9.6 (/opt/ros/kilted/share/rosidl_generator_cpp/cmake)
[0.300s] -- Using all available rosidl_typesupport_c: rosidl_typesupport_fastrtps_c;rosidl_typesupport_introspection_c
[0.316s] -- Using all available rosidl_typesupport_cpp: rosidl_typesupport_fastrtps_cpp;rosidl_typesupport_introspection_cpp
[0.388s] -- Found rmw_implementation_cmake: 7.8.2 (/opt/ros/kilted/share/rmw_implementation_cmake/cmake)
[0.392s] -- Found rmw_fastrtps_cpp: 9.3.4 (/opt/ros/kilted/share/rmw_fastrtps_cpp/cmake)
[0.442s] -- Using RMW implementation 'rmw_fastrtps_cpp' as default
[0.541s] [0mCMake Deprecation Warning at /opt/ros/kilted/share/tl_expected/cmake/tl_expectedConfig.cmake:37 (message):
[0.541s]   Package 'tl_expected' is deprecated (This package will be removed in ROS 2
[0.541s]   Lyrical Luth.
[0.541s] 
[0.541s]         Use tl/expected.hpp from libexpected-dev,
[0.541s]         or rcpputils/tl_expected/expected.hpp if the system header is not available)
[0.541s] Call Stack (most recent call first):
[0.541s]   /opt/ros/kilted/share/parameter_traits/cmake/ament_cmake_export_dependencies-extras.cmake:21 (find_package)
[0.541s]   /opt/ros/kilted/share/parameter_traits/cmake/parameter_traitsConfig.cmake:41 (include)
[0.541s]   /opt/ros/kilted/share/controller_manager/cmake/ament_cmake_export_dependencies-extras.cmake:21 (find_package)
[0.541s]   /opt/ros/kilted/share/controller_manager/cmake/controller_managerConfig.cmake:41 (include)
[0.541s]   CMakeLists.txt:35 (find_package)
[0.542s] 
[0.542s] [0m
[0.849s] -- Found std_srvs: 5.5.2 (/opt/ros/kilted/share/std_srvs/cmake)
[0.858s] -- Found tf2_geometry_msgs: 0.41.7 (/opt/ros/kilted/share/tf2_geometry_msgs/cmake)
[0.860s] -- Found eigen3_cmake_module: 0.4.0 (/opt/ros/kilted/share/eigen3_cmake_module/cmake)
[0.861s] -- Ensuring Eigen3 include directory is part of orocos-kdl CMake target
[0.898s] -- Found ur_dashboard_msgs: 4.8.0 (/home/admin/ros_ws/src/eta_robots/Universal_Robots_ROS2_Driver/install/ur_dashboard_msgs/share/ur_dashboard_msgs/cmake)
[0.923s] -- Found ur_msgs: 2.6.0 (/home/admin/ros_ws/install/ur_msgs/share/ur_msgs/cmake)
[0.951s] -- Found my_ur_msgs: 0.0.0 (/home/admin/ros_ws/src/eta_robots/Universal_Robots_ROS2_Driver/install/my_ur_msgs/share/my_ur_msgs/cmake)
[0.963s] -- Found motion_primitives_controllers: 5.15.1 (/opt/ros/kilted/share/motion_primitives_controllers/cmake)
[1.120s] -- Found ur_controllers: 4.8.0 (/home/admin/ros_ws/src/eta_robots/Universal_Robots_ROS2_Driver/install/ur_controllers/share/ur_controllers/cmake)
[1.200s] -- Found ur_description: 4.3.1 (/home/admin/ros_ws/install/ur_description/share/ur_description/cmake)
[1.200s] -- Found launch_testing_ament_cmake: 3.8.7 (/opt/ros/kilted/share/launch_testing_ament_cmake/cmake)
[1.201s] -- Configuring done (1.2s)
[1.236s] -- Generating done (0.0s)
[1.245s] -- Build files have been written to: /home/admin/ros_ws/src/eta_robots/Universal_Robots_ROS2_Driver/build/ur_robot_driver
[1.278s] [  4%] [32mBuilding CXX object CMakeFiles/urscript_interface.dir/src/urscript_interface.cpp.o[0m
[1.281s] [ 14%] Built target ur_robot_driver_log_handler
[1.287s] [ 28%] Built target controller_stopper_node
[1.287s] [ 38%] Built target trajectory_until_node
[1.288s] [ 57%] Built target robot_state_helper
[1.289s] [ 76%] Built target dashboard_client
[1.295s] [ 76%] Built target ament_cmake_python_copy_ur_robot_driver
[1.306s] [ 95%] Built target ur_robot_driver_plugin
[1.442s] running egg_info
[1.453s] writing ur_robot_driver.egg-info/PKG-INFO
[1.454s] writing dependency_links to ur_robot_driver.egg-info/dependency_links.txt
[1.454s] writing top-level names to ur_robot_driver.egg-info/top_level.txt
[1.486s] reading manifest file 'ur_robot_driver.egg-info/SOURCES.txt'
[1.486s] writing manifest file 'ur_robot_driver.egg-info/SOURCES.txt'
[1.506s] [ 95%] Built target ament_cmake_python_build_ur_robot_driver_egg
[9.891s] [100%] [32m[1mLinking CXX executable urscript_interface[0m
[10.164s] [100%] Built target urscript_interface
[10.173s] Invoked command in '/home/admin/ros_ws/src/eta_robots/Universal_Robots_ROS2_Driver/build/ur_robot_driver' returned '0': AMENT_PREFIX_PATH=/home/admin/ros_ws/src/eta_robots/Universal_Robots_ROS2_Driver/install/ur_controllers:/home/admin/ros_ws/src/eta_robots/Universal_Robots_ROS2_Driver/install/ur_dashboard_msgs:/home/admin/ros_ws/src/eta_robots/Universal_Robots_ROS2_Driver/install/my_ur_msgs:${AMENT_PREFIX_PATH} CMAKE_PREFIX_PATH=/home/admin/ros_ws/src/eta_robots/Universal_Robots_ROS2_Driver/install/ur_controllers:/home/admin/ros_ws/src/eta_robots/Universal_Robots_ROS2_Driver/install/ur_dashboard_msgs:/home/admin/ros_ws/src/eta_robots/Universal_Robots_ROS2_Driver/install/my_ur_msgs:/home/admin/ros_ws/install/my_ur_msgs:/home/admin/ros_ws/install/ur_controllers:/home/admin/ros_ws/install/ur_msgs:/home/admin/ros_ws/install/ur_moveit_config:/home/admin/ros_ws/install/ur_description:/home/admin/ros_ws/install/ur_dashboard_msgs:/home/admin/ros_ws/install/ur_client_library:/home/admin/ros_ws/install/srdfdom:/home/admin/ros_ws/install/ros2_control_test_assets:/home/admin/ros_ws/install/joint_limits:/home/admin/ros_ws/install/realtime_tools:/home/admin/ros_ws/install/moveit_resources_prbt_support:/home/admin/ros_ws/install/moveit_resources_pr2_description:/home/admin/ros_ws/install/dual_arm_panda_moveit_config:/home/admin/ros_ws/install/moveit_resources_panda_description:/home/admin/ros_ws/install/moveit_resources_fanuc_description:/home/admin/ros_ws/install/moveit_common:/home/admin/ros_ws/install/kinematics_interface_kdl:/home/admin/ros_ws/install/kinematics_interface:/home/admin/ros_ws/install/controller_manager_msgs:/home/admin/ros_ws/install/eta_slam:/home/admin/ros_ws/install/eta_navigation:/home/admin/ros_ws/install/eta_hardware:/home/admin/ros_ws/install/eta_firmware:/home/admin/ros_ws/install/eta_bringup:/home/admin/ros_ws/install/eta_control:/home/admin/ros_ws/install/eta_description:/home/admin/ros_ws/install/eta_base:/opt/ros/kilted/opt/gz_sim_vendor:/opt/ros/kilted/opt/gz_sensors_vendor:/opt/ros/kilted/opt/gz_physics_vendor:/opt/ros/kilted/opt/sdformat_vendor:/opt/ros/kilted/opt/gz_gui_vendor:/opt/ros/kilted/opt/gz_transport_vendor:/opt/ros/kilted/opt/gz_rendering_vendor:/opt/ros/kilted/opt/gz_plugin_vendor:/opt/ros/kilted/opt/gz_fuel_tools_vendor:/opt/ros/kilted/opt/gz_msgs_vendor:/opt/ros/kilted/opt/gz_common_vendor:/opt/ros/kilted/opt/gz_math_vendor:/opt/ros/kilted/opt/gz_utils_vendor:/opt/ros/kilted/opt/gz_tools_vendor:/opt/ros/kilted/opt/gz_ogre_next_vendor:/opt/ros/kilted/opt/gz_dartsim_vendor:/opt/ros/kilted/opt/gz_cmake_vendor:/home/admin/ros_ws/install/moveit_configs_utils:/home/admin/ros_ws/install/ros2_controllers_test_nodes:/opt/ros/kilted LD_LIBRARY_PATH=/home/admin/ros_ws/src/eta_robots/Universal_Robots_ROS2_Driver/install/ur_controllers/lib:/home/admin/ros_ws/src/eta_robots/Universal_Robots_ROS2_Driver/install/ur_dashboard_msgs/lib:/home/admin/ros_ws/src/eta_robots/Universal_Robots_ROS2_Driver/install/my_ur_msgs/lib:${LD_LIBRARY_PATH} PYTHONPATH=/home/admin/ros_ws/src/eta_robots/Universal_Robots_ROS2_Driver/install/ur_dashboard_msgs/lib/python3.12/site-packages:/home/admin/ros_ws/src/eta_robots/Universal_Robots_ROS2_Driver/install/my_ur_msgs/lib/python3.12/site-packages:${PYTHONPATH} /usr/bin/cmake --build /home/admin/ros_ws/src/eta_robots/Universal_Robots_ROS2_Driver/build/ur_robot_driver -- -j14 -l14
[10.174s] Invoking command in '/home/admin/ros_ws/src/eta_robots/Universal_Robots_ROS2_Driver/build/ur_robot_driver': AMENT_PREFIX_PATH=/home/admin/ros_ws/src/eta_robots/Universal_Robots_ROS2_Driver/install/ur_controllers:/home/admin/ros_ws/src/eta_robots/Universal_Robots_ROS2_Driver/install/ur_dashboard_msgs:/home/admin/ros_ws/src/eta_robots/Universal_Robots_ROS2_Driver/install/my_ur_msgs:${AMENT_PREFIX_PATH} CMAKE_PREFIX_PATH=/home/admin/ros_ws/src/eta_robots/Universal_Robots_ROS2_Driver/install/ur_controllers:/home/admin/ros_ws/src/eta_robots/Universal_Robots_ROS2_Driver/install/ur_dashboard_msgs:/home/admin/ros_ws/src/eta_robots/Universal_Robots_ROS2_Driver/install/my_ur_msgs:/home/admin/ros_ws/install/my_ur_msgs:/home/admin/ros_ws/install/ur_controllers:/home/admin/ros_ws/install/ur_msgs:/home/admin/ros_ws/install/ur_moveit_config:/home/admin/ros_ws/install/ur_description:/home/admin/ros_ws/install/ur_dashboard_msgs:/home/admin/ros_ws/install/ur_client_library:/home/admin/ros_ws/install/srdfdom:/home/admin/ros_ws/install/ros2_control_test_assets:/home/admin/ros_ws/install/joint_limits:/home/admin/ros_ws/install/realtime_tools:/home/admin/ros_ws/install/moveit_resources_prbt_support:/home/admin/ros_ws/install/moveit_resources_pr2_description:/home/admin/ros_ws/install/dual_arm_panda_moveit_config:/home/admin/ros_ws/install/moveit_resources_panda_description:/home/admin/ros_ws/install/moveit_resources_fanuc_description:/home/admin/ros_ws/install/moveit_common:/home/admin/ros_ws/install/kinematics_interface_kdl:/home/admin/ros_ws/install/kinematics_interface:/home/admin/ros_ws/install/controller_manager_msgs:/home/admin/ros_ws/install/eta_slam:/home/admin/ros_ws/install/eta_navigation:/home/admin/ros_ws/install/eta_hardware:/home/admin/ros_ws/install/eta_firmware:/home/admin/ros_ws/install/eta_bringup:/home/admin/ros_ws/install/eta_control:/home/admin/ros_ws/install/eta_description:/home/admin/ros_ws/install/eta_base:/opt/ros/kilted/opt/gz_sim_vendor:/opt/ros/kilted/opt/gz_sensors_vendor:/opt/ros/kilted/opt/gz_physics_vendor:/opt/ros/kilted/opt/sdformat_vendor:/opt/ros/kilted/opt/gz_gui_vendor:/opt/ros/kilted/opt/gz_transport_vendor:/opt/ros/kilted/opt/gz_rendering_vendor:/opt/ros/kilted/opt/gz_plugin_vendor:/opt/ros/kilted/opt/gz_fuel_tools_vendor:/opt/ros/kilted/opt/gz_msgs_vendor:/opt/ros/kilted/opt/gz_common_vendor:/opt/ros/kilted/opt/gz_math_vendor:/opt/ros/kilted/opt/gz_utils_vendor:/opt/ros/kilted/opt/gz_tools_vendor:/opt/ros/kilted/opt/gz_ogre_next_vendor:/opt/ros/kilted/opt/gz_dartsim_vendor:/opt/ros/kilted/opt/gz_cmake_vendor:/home/admin/ros_ws/install/moveit_configs_utils:/home/admin/ros_ws/install/ros2_controllers_test_nodes:/opt/ros/kilted LD_LIBRARY_PATH=/home/admin/ros_ws/src/eta_robots/Universal_Robots_ROS2_Driver/install/ur_controllers/lib:/home/admin/ros_ws/src/eta_robots/Universal_Robots_ROS2_Driver/install/ur_dashboard_msgs/lib:/home/admin/ros_ws/src/eta_robots/Universal_Robots_ROS2_Driver/install/my_ur_msgs/lib:${LD_LIBRARY_PATH} PYTHONPATH=/home/admin/ros_ws/src/eta_robots/Universal_Robots_ROS2_Driver/install/ur_dashboard_msgs/lib/python3.12/site-packages:/home/admin/ros_ws/src/eta_robots/Universal_Robots_ROS2_Driver/install/my_ur_msgs/lib/python3.12/site-packages:${PYTHONPATH} /usr/bin/cmake --install /home/admin/ros_ws/src/eta_robots/Universal_Robots_ROS2_Driver/build/ur_robot_driver
[10.180s] -- Install configuration: "RelWithDebInfo"
[10.180s] -- Installing: /home/admin/ros_ws/src/eta_robots/Universal_Robots_ROS2_Driver/install/ur_robot_driver/share/ur_robot_driver/hardware_interface_plugin.xml
[10.180s] -- Installing: /home/admin/ros_ws/src/eta_robots/Universal_Robots_ROS2_Driver/install/ur_robot_driver/lib/ur_robot_driver/dashboard_client
[10.193s] -- Set non-toolchain portion of runtime path of "/home/admin/ros_ws/src/eta_robots/Universal_Robots_ROS2_Driver/install/ur_robot_driver/lib/ur_robot_driver/dashboard_client" to ""
[10.193s] -- Installing: /home/admin/ros_ws/src/eta_robots/Universal_Robots_ROS2_Driver/install/ur_robot_driver/lib/ur_robot_driver/controller_stopper_node
[10.199s] -- Set non-toolchain portion of runtime path of "/home/admin/ros_ws/src/eta_robots/Universal_Robots_ROS2_Driver/install/ur_robot_driver/lib/ur_robot_driver/controller_stopper_node" to ""
[10.199s] -- Installing: /home/admin/ros_ws/src/eta_robots/Universal_Robots_ROS2_Driver/install/ur_robot_driver/lib/ur_robot_driver/urscript_interface
[10.204s] -- Set non-toolchain portion of runtime path of "/home/admin/ros_ws/src/eta_robots/Universal_Robots_ROS2_Driver/install/ur_robot_driver/lib/ur_robot_driver/urscript_interface" to ""
[10.204s] -- Installing: /home/admin/ros_ws/src/eta_robots/Universal_Robots_ROS2_Driver/install/ur_robot_driver/lib/ur_robot_driver/robot_state_helper
[10.220s] -- Set non-toolchain portion of runtime path of "/home/admin/ros_ws/src/eta_robots/Universal_Robots_ROS2_Driver/install/ur_robot_driver/lib/ur_robot_driver/robot_state_helper" to ""
[10.221s] -- Installing: /home/admin/ros_ws/src/eta_robots/Universal_Robots_ROS2_Driver/install/ur_robot_driver/lib/ur_robot_driver/trajectory_until_node
[10.224s] -- Set non-toolchain portion of runtime path of "/home/admin/ros_ws/src/eta_robots/Universal_Robots_ROS2_Driver/install/ur_robot_driver/lib/ur_robot_driver/trajectory_until_node" to ""
[10.224s] -- Installing: /home/admin/ros_ws/src/eta_robots/Universal_Robots_ROS2_Driver/install/ur_robot_driver/lib/libur_robot_driver_log_handler.so
[10.225s] -- Set non-toolchain portion of runtime path of "/home/admin/ros_ws/src/eta_robots/Universal_Robots_ROS2_Driver/install/ur_robot_driver/lib/libur_robot_driver_log_handler.so" to ""
[10.225s] -- Installing: /home/admin/ros_ws/src/eta_robots/Universal_Robots_ROS2_Driver/install/ur_robot_driver/lib/libur_robot_driver_plugin.so
[10.240s] -- Set non-toolchain portion of runtime path of "/home/admin/ros_ws/src/eta_robots/Universal_Robots_ROS2_Driver/install/ur_robot_driver/lib/libur_robot_driver_plugin.so" to ""
[10.240s] -- Installing: /home/admin/ros_ws/src/eta_robots/Universal_Robots_ROS2_Driver/install/ur_robot_driver/include/ur_robot_driver
[10.240s] -- Installing: /home/admin/ros_ws/src/eta_robots/Universal_Robots_ROS2_Driver/install/ur_robot_driver/include/ur_robot_driver/ur_robot_driver
[10.240s] -- Installing: /home/admin/ros_ws/src/eta_robots/Universal_Robots_ROS2_Driver/install/ur_robot_driver/include/ur_robot_driver/ur_robot_driver/robot_state_helper.hpp
[10.240s] -- Installing: /home/admin/ros_ws/src/eta_robots/Universal_Robots_ROS2_Driver/install/ur_robot_driver/include/ur_robot_driver/ur_robot_driver/trajectory_until_node.hpp
[10.240s] -- Installing: /home/admin/ros_ws/src/eta_robots/Universal_Robots_ROS2_Driver/install/ur_robot_driver/include/ur_robot_driver/ur_robot_driver/controller_stopper.hpp
[10.240s] -- Installing: /home/admin/ros_ws/src/eta_robots/Universal_Robots_ROS2_Driver/install/ur_robot_driver/include/ur_robot_driver/ur_robot_driver/hardware_interface.hpp
[10.240s] -- Installing: /home/admin/ros_ws/src/eta_robots/Universal_Robots_ROS2_Driver/install/ur_robot_driver/include/ur_robot_driver/ur_robot_driver/dashboard_client_ros.hpp
[10.240s] -- Installing: /home/admin/ros_ws/src/eta_robots/Universal_Robots_ROS2_Driver/install/ur_robot_driver/include/ur_robot_driver/ur_robot_driver/urcl_log_handler.hpp
[10.240s] -- Installing: /home/admin/ros_ws/src/eta_robots/Universal_Robots_ROS2_Driver/install/ur_robot_driver/share/ur_robot_driver/environment/library_path.sh
[10.240s] -- Installing: /home/admin/ros_ws/src/eta_robots/Universal_Robots_ROS2_Driver/install/ur_robot_driver/share/ur_robot_driver/environment/library_path.dsv
[10.240s] -- Installing: /home/admin/ros_ws/src/eta_robots/Universal_Robots_ROS2_Driver/install/ur_robot_driver/share/ur_robot_driver/resources
[10.240s] -- Installing: /home/admin/ros_ws/src/eta_robots/Universal_Robots_ROS2_Driver/install/ur_robot_driver/share/ur_robot_driver/resources/rtde_input_recipe.txt
[10.240s] -- Installing: /home/admin/ros_ws/src/eta_robots/Universal_Robots_ROS2_Driver/install/ur_robot_driver/share/ur_robot_driver/resources/rtde_output_recipe.txt
[10.241s] -- Installing: /home/admin/ros_ws/src/eta_robots/Universal_Robots_ROS2_Driver/install/ur_robot_driver/share/ur_robot_driver/resources/rs485-1.0.urcap
[10.241s] -- Installing: /home/admin/ros_ws/src/eta_robots/Universal_Robots_ROS2_Driver/install/ur_robot_driver/share/ur_robot_driver/resources/externalcontrol-1.0.5.urcap
[10.241s] -- Installing: /home/admin/ros_ws/src/eta_robots/Universal_Robots_ROS2_Driver/install/ur_robot_driver/share/ur_robot_driver/environment/pythonpath.sh
[10.241s] -- Installing: /home/admin/ros_ws/src/eta_robots/Universal_Robots_ROS2_Driver/install/ur_robot_driver/share/ur_robot_driver/environment/pythonpath.dsv
[10.241s] -- Installing: /home/admin/ros_ws/src/eta_robots/Universal_Robots_ROS2_Driver/install/ur_robot_driver/lib/python3.12/site-packages/ur_robot_driver-4.8.0-py3.12.egg-info
[10.241s] -- Installing: /home/admin/ros_ws/src/eta_robots/Universal_Robots_ROS2_Driver/install/ur_robot_driver/lib/python3.12/site-packages/ur_robot_driver-4.8.0-py3.12.egg-info/dependency_links.txt
[10.241s] -- Installing: /home/admin/ros_ws/src/eta_robots/Universal_Robots_ROS2_Driver/install/ur_robot_driver/lib/python3.12/site-packages/ur_robot_driver-4.8.0-py3.12.egg-info/top_level.txt
[10.241s] -- Installing: /home/admin/ros_ws/src/eta_robots/Universal_Robots_ROS2_Driver/install/ur_robot_driver/lib/python3.12/site-packages/ur_robot_driver-4.8.0-py3.12.egg-info/SOURCES.txt
[10.241s] -- Installing: /home/admin/ros_ws/src/eta_robots/Universal_Robots_ROS2_Driver/install/ur_robot_driver/lib/python3.12/site-packages/ur_robot_driver-4.8.0-py3.12.egg-info/PKG-INFO
[10.241s] -- Installing: /home/admin/ros_ws/src/eta_robots/Universal_Robots_ROS2_Driver/install/ur_robot_driver/lib/python3.12/site-packages/ur_robot_driver
[10.241s] -- Installing: /home/admin/ros_ws/src/eta_robots/Universal_Robots_ROS2_Driver/install/ur_robot_driver/lib/python3.12/site-packages/ur_robot_driver/__init__.py
[10.267s] Listing '/home/admin/ros_ws/src/eta_robots/Universal_Robots_ROS2_Driver/install/ur_robot_driver/lib/python3.12/site-packages/ur_robot_driver'...
[10.267s] Compiling '/home/admin/ros_ws/src/eta_robots/Universal_Robots_ROS2_Driver/install/ur_robot_driver/lib/python3.12/site-packages/ur_robot_driver/__init__.py'...
[10.270s] -- Installing: /home/admin/ros_ws/src/eta_robots/Universal_Robots_ROS2_Driver/install/ur_robot_driver/lib/ur_robot_driver/tool_communication.py
[10.270s] -- Installing: /home/admin/ros_ws/src/eta_robots/Universal_Robots_ROS2_Driver/install/ur_robot_driver/lib/ur_robot_driver/wait_for_robot_description
[10.271s] -- Installing: /home/admin/ros_ws/src/eta_robots/Universal_Robots_ROS2_Driver/install/ur_robot_driver/lib/ur_robot_driver/example_move.py
[10.271s] -- Installing: /home/admin/ros_ws/src/eta_robots/Universal_Robots_ROS2_Driver/install/ur_robot_driver/lib/ur_robot_driver/start_ursim.sh
[10.271s] -- Installing: /home/admin/ros_ws/src/eta_robots/Universal_Robots_ROS2_Driver/install/ur_robot_driver/lib/ur_robot_driver/examples.py
[10.271s] -- Installing: /home/admin/ros_ws/src/eta_robots/Universal_Robots_ROS2_Driver/install/ur_robot_driver/lib/ur_robot_driver/force_mode.py
[10.271s] -- Installing: /home/admin/ros_ws/src/eta_robots/Universal_Robots_ROS2_Driver/install/ur_robot_driver/lib/ur_robot_driver/send_dummy_motion_primitives_ur10e.py
[10.271s] -- Installing: /home/admin/ros_ws/src/eta_robots/Universal_Robots_ROS2_Driver/install/ur_robot_driver/lib/ur_robot_driver/move_until_example.py
[10.271s] -- Installing: /home/admin/ros_ws/src/eta_robots/Universal_Robots_ROS2_Driver/install/ur_robot_driver/bin/wait_dashboard_server.sh
[10.271s] -- Installing: /home/admin/ros_ws/src/eta_robots/Universal_Robots_ROS2_Driver/install/ur_robot_driver/share/ur_robot_driver/config
[10.272s] -- Installing: /home/admin/ros_ws/src/eta_robots/Universal_Robots_ROS2_Driver/install/ur_robot_driver/share/ur_robot_driver/config/ur10_update_rate.yaml
[10.272s] -- Installing: /home/admin/ros_ws/src/eta_robots/Universal_Robots_ROS2_Driver/install/ur_robot_driver/share/ur_robot_driver/config/ur5_update_rate.yaml
[10.272s] -- Installing: /home/admin/ros_ws/src/eta_robots/Universal_Robots_ROS2_Driver/install/ur_robot_driver/share/ur_robot_driver/config/ur8long_update_rate.yaml
[10.272s] -- Installing: /home/admin/ros_ws/src/eta_robots/Universal_Robots_ROS2_Driver/install/ur_robot_driver/share/ur_robot_driver/config/ur3e_update_rate.yaml
[10.272s] -- Installing: /home/admin/ros_ws/src/eta_robots/Universal_Robots_ROS2_Driver/install/ur_robot_driver/share/ur_robot_driver/config/ur15_update_rate.yaml
[10.272s] -- Installing: /home/admin/ros_ws/src/eta_robots/Universal_Robots_ROS2_Driver/install/ur_robot_driver/share/ur_robot_driver/config/test_velocity_goal_publishers_config.yaml
[10.272s] -- Installing: /home/admin/ros_ws/src/eta_robots/Universal_Robots_ROS2_Driver/install/ur_robot_driver/share/ur_robot_driver/config/ur7e_update_rate.yaml
[10.272s] -- Installing: /home/admin/ros_ws/src/eta_robots/Universal_Robots_ROS2_Driver/install/ur_robot_driver/share/ur_robot_driver/config/ur3_update_rate.yaml
[10.272s] -- Installing: /home/admin/ros_ws/src/eta_robots/Universal_Robots_ROS2_Driver/install/ur_robot_driver/share/ur_robot_driver/config/ur5e_update_rate.yaml
[10.272s] -- Installing: /home/admin/ros_ws/src/eta_robots/Universal_Robots_ROS2_Driver/install/ur_robot_driver/share/ur_robot_driver/config/ur20_update_rate.yaml
[10.273s] -- Installing: /home/admin/ros_ws/src/eta_robots/Universal_Robots_ROS2_Driver/install/ur_robot_driver/share/ur_robot_driver/config/ur12e_update_rate.yaml
[10.273s] -- Installing: /home/admin/ros_ws/src/eta_robots/Universal_Robots_ROS2_Driver/install/ur_robot_driver/share/ur_robot_driver/config/ur30_update_rate.yaml
[10.273s] -- Installing: /home/admin/ros_ws/src/eta_robots/Universal_Robots_ROS2_Driver/install/ur_robot_driver/share/ur_robot_driver/config/ur_controllers.yaml
[10.273s] -- Installing: /home/admin/ros_ws/src/eta_robots/Universal_Robots_ROS2_Driver/install/ur_robot_driver/share/ur_robot_driver/config/test_goal_publishers_config.yaml
[10.273s] -- Installing: /home/admin/ros_ws/src/eta_robots/Universal_Robots_ROS2_Driver/install/ur_robot_driver/share/ur_robot_driver/config/ur10e_update_rate.yaml
[10.273s] -- Installing: /home/admin/ros_ws/src/eta_robots/Universal_Robots_ROS2_Driver/install/ur_robot_driver/share/ur_robot_driver/config/ur18_update_rate.yaml
[10.273s] -- Installing: /home/admin/ros_ws/src/eta_robots/Universal_Robots_ROS2_Driver/install/ur_robot_driver/share/ur_robot_driver/config/ur16e_update_rate.yaml
[10.273s] -- Installing: /home/admin/ros_ws/src/eta_robots/Universal_Robots_ROS2_Driver/install/ur_robot_driver/share/ur_robot_driver/launch
[10.273s] -- Installing: /home/admin/ros_ws/src/eta_robots/Universal_Robots_ROS2_Driver/install/ur_robot_driver/share/ur_robot_driver/launch/ur5.launch.py
[10.273s] -- Installing: /home/admin/ros_ws/src/eta_robots/Universal_Robots_ROS2_Driver/install/ur_robot_driver/share/ur_robot_driver/launch/ur16e.launch.py
[10.274s] -- Installing: /home/admin/ros_ws/src/eta_robots/Universal_Robots_ROS2_Driver/install/ur_robot_driver/share/ur_robot_driver/launch/ur12e.launch.py
[10.274s] -- Installing: /home/admin/ros_ws/src/eta_robots/Universal_Robots_ROS2_Driver/install/ur_robot_driver/share/ur_robot_driver/launch/ur3e.launch.py
[10.274s] -- Installing: /home/admin/ros_ws/src/eta_robots/Universal_Robots_ROS2_Driver/install/ur_robot_driver/share/ur_robot_driver/launch/ur3.launch.py
[10.274s] -- Installing: /home/admin/ros_ws/src/eta_robots/Universal_Robots_ROS2_Driver/install/ur_robot_driver/share/ur_robot_driver/launch/ur5e.launch.py
[10.274s] -- Installing: /home/admin/ros_ws/src/eta_robots/Universal_Robots_ROS2_Driver/install/ur_robot_driver/share/ur_robot_driver/launch/ur30.launch.py
[10.274s] -- Installing: /home/admin/ros_ws/src/eta_robots/Universal_Robots_ROS2_Driver/install/ur_robot_driver/share/ur_robot_driver/launch/test_scaled_joint_trajectory_controller.launch.py
[10.274s] -- Installing: /home/admin/ros_ws/src/eta_robots/Universal_Robots_ROS2_Driver/install/ur_robot_driver/share/ur_robot_driver/launch/ur_rsp.launch.py
[10.274s] -- Installing: /home/admin/ros_ws/src/eta_robots/Universal_Robots_ROS2_Driver/install/ur_robot_driver/share/ur_robot_driver/launch/ur10.launch.py
[10.274s] -- Installing: /home/admin/ros_ws/src/eta_robots/Universal_Robots_ROS2_Driver/install/ur_robot_driver/share/ur_robot_driver/launch/ur_dashboard_client.launch.py
[10.274s] -- Installing: /home/admin/ros_ws/src/eta_robots/Universal_Robots_ROS2_Driver/install/ur_robot_driver/share/ur_robot_driver/launch/ur20.launch.py
[10.275s] -- Installing: /home/admin/ros_ws/src/eta_robots/Universal_Robots_ROS2_Driver/install/ur_robot_driver/share/ur_robot_driver/launch/ur18.launch.py
[10.275s] -- Installing: /home/admin/ros_ws/src/eta_robots/Universal_Robots_ROS2_Driver/install/ur_robot_driver/share/ur_robot_driver/launch/ur15.launch.py
[10.275s] -- Installing: /home/admin/ros_ws/src/eta_robots/Universal_Robots_ROS2_Driver/install/ur_robot_driver/share/ur_robot_driver/launch/test_joint_trajectory_controller.launch.py
[10.275s] -- Installing: /home/admin/ros_ws/src/eta_robots/Universal_Robots_ROS2_Driver/install/ur_robot_driver/share/ur_robot_driver/launch/test_forward_velocity_controller.launch.py
[10.275s] -- Installing: /home/admin/ros_ws/src/eta_robots/Universal_Robots_ROS2_Driver/install/ur_robot_driver/share/ur_robot_driver/launch/ur10e.launch.py
[10.275s] -- Installing: /home/admin/ros_ws/src/eta_robots/Universal_Robots_ROS2_Driver/install/ur_robot_driver/share/ur_robot_driver/launch/ur_control.launch.py
[10.275s] -- Installing: /home/admin/ros_ws/src/eta_robots/Universal_Robots_ROS2_Driver/install/ur_robot_driver/share/ur_robot_driver/launch/ur8long.launch.py
[10.275s] -- Installing: /home/admin/ros_ws/src/eta_robots/Universal_Robots_ROS2_Driver/install/ur_robot_driver/share/ur_robot_driver/launch/ur7e.launch.py
[10.275s] -- Installing: /home/admin/ros_ws/src/eta_robots/Universal_Robots_ROS2_Driver/install/ur_robot_driver/share/ur_robot_driver/urdf
[10.276s] -- Installing: /home/admin/ros_ws/src/eta_robots/Universal_Robots_ROS2_Driver/install/ur_robot_driver/share/ur_robot_driver/urdf/ur.ros2_control.xacro
[10.276s] -- Installing: /home/admin/ros_ws/src/eta_robots/Universal_Robots_ROS2_Driver/install/ur_robot_driver/share/ur_robot_driver/urdf/ur.urdf.xacro
[10.276s] -- Installing: /home/admin/ros_ws/src/eta_robots/Universal_Robots_ROS2_Driver/install/ur_robot_driver/share/ament_index/resource_index/package_run_dependencies/ur_robot_driver
[10.276s] -- Installing: /home/admin/ros_ws/src/eta_robots/Universal_Robots_ROS2_Driver/install/ur_robot_driver/share/ament_index/resource_index/parent_prefix_path/ur_robot_driver
[10.276s] -- Installing: /home/admin/ros_ws/src/eta_robots/Universal_Robots_ROS2_Driver/install/ur_robot_driver/share/ur_robot_driver/environment/ament_prefix_path.sh
[10.276s] -- Installing: /home/admin/ros_ws/src/eta_robots/Universal_Robots_ROS2_Driver/install/ur_robot_driver/share/ur_robot_driver/environment/ament_prefix_path.dsv
[10.277s] -- Installing: /home/admin/ros_ws/src/eta_robots/Universal_Robots_ROS2_Driver/install/ur_robot_driver/share/ur_robot_driver/environment/path.sh
[10.277s] -- Installing: /home/admin/ros_ws/src/eta_robots/Universal_Robots_ROS2_Driver/install/ur_robot_driver/share/ur_robot_driver/environment/path.dsv
[10.277s] -- Installing: /home/admin/ros_ws/src/eta_robots/Universal_Robots_ROS2_Driver/install/ur_robot_driver/share/ur_robot_driver/local_setup.bash
[10.277s] -- Installing: /home/admin/ros_ws/src/eta_robots/Universal_Robots_ROS2_Driver/install/ur_robot_driver/share/ur_robot_driver/local_setup.sh
[10.277s] -- Installing: /home/admin/ros_ws/src/eta_robots/Universal_Robots_ROS2_Driver/install/ur_robot_driver/share/ur_robot_driver/local_setup.zsh
[10.277s] -- Installing: /home/admin/ros_ws/src/eta_robots/Universal_Robots_ROS2_Driver/install/ur_robot_driver/share/ur_robot_driver/local_setup.dsv
[10.277s] -- Installing: /home/admin/ros_ws/src/eta_robots/Universal_Robots_ROS2_Driver/install/ur_robot_driver/share/ur_robot_driver/package.dsv
[10.278s] -- Installing: /home/admin/ros_ws/src/eta_robots/Universal_Robots_ROS2_Driver/install/ur_robot_driver/share/ament_index/resource_index/packages/ur_robot_driver
[10.278s] -- Installing: /home/admin/ros_ws/src/eta_robots/Universal_Robots_ROS2_Driver/install/ur_robot_driver/share/ament_index/resource_index/hardware_interface__pluginlib__plugin/ur_robot_driver
[10.278s] -- Installing: /home/admin/ros_ws/src/eta_robots/Universal_Robots_ROS2_Driver/install/ur_robot_driver/share/ur_robot_driver/cmake/export_ur_robot_driverExport.cmake
[10.278s] -- Installing: /home/admin/ros_ws/src/eta_robots/Universal_Robots_ROS2_Driver/install/ur_robot_driver/share/ur_robot_driver/cmake/export_ur_robot_driverExport-relwithdebinfo.cmake
[10.278s] -- Installing: /home/admin/ros_ws/src/eta_robots/Universal_Robots_ROS2_Driver/install/ur_robot_driver/share/ur_robot_driver/cmake/ament_cmake_export_include_directories-extras.cmake
[10.278s] -- Installing: /home/admin/ros_ws/src/eta_robots/Universal_Robots_ROS2_Driver/install/ur_robot_driver/share/ur_robot_driver/cmake/ament_cmake_export_libraries-extras.cmake
[10.278s] -- Installing: /home/admin/ros_ws/src/eta_robots/Universal_Robots_ROS2_Driver/install/ur_robot_driver/share/ur_robot_driver/cmake/ament_cmake_export_targets-extras.cmake
[10.279s] -- Installing: /home/admin/ros_ws/src/eta_robots/Universal_Robots_ROS2_Driver/install/ur_robot_driver/share/ur_robot_driver/cmake/ament_cmake_export_dependencies-extras.cmake
[10.279s] -- Installing: /home/admin/ros_ws/src/eta_robots/Universal_Robots_ROS2_Driver/install/ur_robot_driver/share/ur_robot_driver/cmake/ur_robot_driverConfig.cmake
[10.279s] -- Installing: /home/admin/ros_ws/src/eta_robots/Universal_Robots_ROS2_Driver/install/ur_robot_driver/share/ur_robot_driver/cmake/ur_robot_driverConfig-version.cmake
[10.279s] -- Installing: /home/admin/ros_ws/src/eta_robots/Universal_Robots_ROS2_Driver/install/ur_robot_driver/share/ur_robot_driver/package.xml
[10.283s] Invoked command in '/home/admin/ros_ws/src/eta_robots/Universal_Robots_ROS2_Driver/build/ur_robot_driver' returned '0': AMENT_PREFIX_PATH=/home/admin/ros_ws/src/eta_robots/Universal_Robots_ROS2_Driver/install/ur_controllers:/home/admin/ros_ws/src/eta_robots/Universal_Robots_ROS2_Driver/install/ur_dashboard_msgs:/home/admin/ros_ws/src/eta_robots/Universal_Robots_ROS2_Driver/install/my_ur_msgs:${AMENT_PREFIX_PATH} CMAKE_PREFIX_PATH=/home/admin/ros_ws/src/eta_robots/Universal_Robots_ROS2_Driver/install/ur_controllers:/home/admin/ros_ws/src/eta_robots/Universal_Robots_ROS2_Driver/install/ur_dashboard_msgs:/home/admin/ros_ws/src/eta_robots/Universal_Robots_ROS2_Driver/install/my_ur_msgs:/home/admin/ros_ws/install/my_ur_msgs:/home/admin/ros_ws/install/ur_controllers:/home/admin/ros_ws/install/ur_msgs:/home/admin/ros_ws/install/ur_moveit_config:/home/admin/ros_ws/install/ur_description:/home/admin/ros_ws/install/ur_dashboard_msgs:/home/admin/ros_ws/install/ur_client_library:/home/admin/ros_ws/install/srdfdom:/home/admin/ros_ws/install/ros2_control_test_assets:/home/admin/ros_ws/install/joint_limits:/home/admin/ros_ws/install/realtime_tools:/home/admin/ros_ws/install/moveit_resources_prbt_support:/home/admin/ros_ws/install/moveit_resources_pr2_description:/home/admin/ros_ws/install/dual_arm_panda_moveit_config:/home/admin/ros_ws/install/moveit_resources_panda_description:/home/admin/ros_ws/install/moveit_resources_fanuc_description:/home/admin/ros_ws/install/moveit_common:/home/admin/ros_ws/install/kinematics_interface_kdl:/home/admin/ros_ws/install/kinematics_interface:/home/admin/ros_ws/install/controller_manager_msgs:/home/admin/ros_ws/install/eta_slam:/home/admin/ros_ws/install/eta_navigation:/home/admin/ros_ws/install/eta_hardware:/home/admin/ros_ws/install/eta_firmware:/home/admin/ros_ws/install/eta_bringup:/home/admin/ros_ws/install/eta_control:/home/admin/ros_ws/install/eta_description:/home/admin/ros_ws/install/eta_base:/opt/ros/kilted/opt/gz_sim_vendor:/opt/ros/kilted/opt/gz_sensors_vendor:/opt/ros/kilted/opt/gz_physics_vendor:/opt/ros/kilted/opt/sdformat_vendor:/opt/ros/kilted/opt/gz_gui_vendor:/opt/ros/kilted/opt/gz_transport_vendor:/opt/ros/kilted/opt/gz_rendering_vendor:/opt/ros/kilted/opt/gz_plugin_vendor:/opt/ros/kilted/opt/gz_fuel_tools_vendor:/opt/ros/kilted/opt/gz_msgs_vendor:/opt/ros/kilted/opt/gz_common_vendor:/opt/ros/kilted/opt/gz_math_vendor:/opt/ros/kilted/opt/gz_utils_vendor:/opt/ros/kilted/opt/gz_tools_vendor:/opt/ros/kilted/opt/gz_ogre_next_vendor:/opt/ros/kilted/opt/gz_dartsim_vendor:/opt/ros/kilted/opt/gz_cmake_vendor:/home/admin/ros_ws/install/moveit_configs_utils:/home/admin/ros_ws/install/ros2_controllers_test_nodes:/opt/ros/kilted LD_LIBRARY_PATH=/home/admin/ros_ws/src/eta_robots/Universal_Robots_ROS2_Driver/install/ur_controllers/lib:/home/admin/ros_ws/src/eta_robots/Universal_Robots_ROS2_Driver/install/ur_dashboard_msgs/lib:/home/admin/ros_ws/src/eta_robots/Universal_Robots_ROS2_Driver/install/my_ur_msgs/lib:${LD_LIBRARY_PATH} PYTHONPATH=/home/admin/ros_ws/src/eta_robots/Universal_Robots_ROS2_Driver/install/ur_dashboard_msgs/lib/python3.12/site-packages:/home/admin/ros_ws/src/eta_robots/Universal_Robots_ROS2_Driver/install/my_ur_msgs/lib/python3.12/site-packages:${PYTHONPATH} /usr/bin/cmake --install /home/admin/ros_ws/src/eta_robots/Universal_Robots_ROS2_Driver/build/ur_robot_driver
