[0.013s] Invoking command in '/home/admin/ros_ws/src/eta_robots/Universal_Robots_ROS2_Driver/build/my_ur_msgs': CMAKE_PREFIX_PATH=${CMAKE_PREFIX_PATH}:/home/admin/ros_ws/install/moveit_configs_utils:/home/admin/ros_ws/install/ros2_controllers_test_nodes:/opt/ros/kilted /usr/bin/cmake /home/admin/ros_ws/src/eta_robots/Universal_Robots_ROS2_Driver/my_ur_msgs -DCMAKE_INSTALL_PREFIX=/home/admin/ros_ws/src/eta_robots/Universal_Robots_ROS2_Driver/install/my_ur_msgs
[0.023s] -- Found ament_cmake: 2.7.5 (/opt/ros/kilted/share/ament_cmake/cmake)
[0.200s] -- Found rclcpp: 29.5.8 (/opt/ros/kilted/share/rclcpp/cmake)
[0.217s] -- Found rosidl_generator_c: 4.9.6 (/opt/ros/kilted/share/rosidl_generator_c/cmake)
[0.221s] -- Found rosidl_generator_cpp: 4.9.6 (/opt/ros/kilted/share/rosidl_generator_cpp/cmake)
[0.228s] -- Using all available rosidl_typesupport_c: rosidl_typesupport_fastrtps_c;rosidl_typesupport_introspection_c
[0.235s] -- Using all available rosidl_typesupport_cpp: rosidl_typesupport_fastrtps_cpp;rosidl_typesupport_introspection_cpp
[0.269s] -- Found rmw_implementation_cmake: 7.8.2 (/opt/ros/kilted/share/rmw_implementation_cmake/cmake)
[0.270s] -- Found rmw_fastrtps_cpp: 9.3.4 (/opt/ros/kilted/share/rmw_fastrtps_cpp/cmake)
[0.295s] -- Using RMW implementation 'rmw_fastrtps_cpp' as default
[0.337s] -- Found std_msgs: 5.5.2 (/opt/ros/kilted/share/std_msgs/cmake)
[0.344s] -- Found geometry_msgs: 5.5.2 (/opt/ros/kilted/share/geometry_msgs/cmake)
[0.352s] -- Found rosidl_default_generators: 1.7.2 (/opt/ros/kilted/share/rosidl_default_generators/cmake)
[0.359s] -- Found rosidl_adapter: 4.9.6 (/opt/ros/kilted/share/rosidl_adapter/cmake)
[0.823s] -- Found ament_cmake_ros_core: 0.14.7 (/opt/ros/kilted/share/ament_cmake_ros_core/cmake)
[1.312s] -- Using all available rosidl_typesupport_c: rosidl_typesupport_fastrtps_c;rosidl_typesupport_introspection_c
[1.504s] -- Using all available rosidl_typesupport_cpp: rosidl_typesupport_fastrtps_cpp;rosidl_typesupport_introspection_cpp
[1.815s] -- Found Python3: /usr/bin/python3 (found version "3.12.3") found components: Interpreter Development NumPy Development.Module Development.Embed 
[1.866s] -- Found Python3: /usr/bin/python3 (found version "3.12.3") found components: Interpreter 
[1.875s] -- Found ament_lint_auto: 0.19.3 (/opt/ros/kilted/share/ament_lint_auto/cmake)
[1.875s] [31mCMake Error at /opt/ros/kilted/share/ament_lint_auto/cmake/ament_lint_auto-extras.cmake:18 (message):
[1.875s]   find_package(ament_lint_auto) must be called before ament_package()
[1.875s] Call Stack (most recent call first):
[1.876s]   /opt/ros/kilted/share/ament_lint_auto/cmake/ament_lint_autoConfig.cmake:41 (include)
[1.876s]   CMakeLists.txt:29 (find_package)
[1.876s] 
[1.876s] [0m
[1.876s] -- Configuring incomplete, errors occurred!
[1.882s] Invoked command in '/home/admin/ros_ws/src/eta_robots/Universal_Robots_ROS2_Driver/build/my_ur_msgs' returned '1': CMAKE_PREFIX_PATH=${CMAKE_PREFIX_PATH}:/home/admin/ros_ws/install/moveit_configs_utils:/home/admin/ros_ws/install/ros2_controllers_test_nodes:/opt/ros/kilted /usr/bin/cmake /home/admin/ros_ws/src/eta_robots/Universal_Robots_ROS2_Driver/my_ur_msgs -DCMAKE_INSTALL_PREFIX=/home/admin/ros_ws/src/eta_robots/Universal_Robots_ROS2_Driver/install/my_ur_msgs
