-- Found ament_cmake: 2.7.5 (/opt/ros/kilted/share/ament_cmake/cmake)
-- Found controller_manager: 5.14.2 (/opt/ros/kilted/share/controller_manager/cmake)
-- Found rosidl_generator_c: 4.9.6 (/opt/ros/kilted/share/rosidl_generator_c/cmake)
-- Found rosidl_generator_cpp: 4.9.6 (/opt/ros/kilted/share/rosidl_generator_cpp/cmake)
-- Using all available rosidl_typesupport_c: rosidl_typesupport_fastrtps_c;rosidl_typesupport_introspection_c
-- Using all available rosidl_typesupport_cpp: rosidl_typesupport_fastrtps_cpp;rosidl_typesupport_introspection_cpp
-- Found rmw_implementation_cmake: 7.8.2 (/opt/ros/kilted/share/rmw_implementation_cmake/cmake)
-- Found rmw_fastrtps_cpp: 9.3.4 (/opt/ros/kilted/share/rmw_fastrtps_cpp/cmake)
-- Using RMW implementation 'rmw_fastrtps_cpp' as default
-- Found std_srvs: 5.5.2 (/opt/ros/kilted/share/std_srvs/cmake)
-- Found tf2_geometry_msgs: 0.41.7 (/opt/ros/kilted/share/tf2_geometry_msgs/cmake)
-- Found eigen3_cmake_module: 0.4.0 (/opt/ros/kilted/share/eigen3_cmake_module/cmake)
-- Ensuring Eigen3 include directory is part of orocos-kdl CMake target
-- Found ur_dashboard_msgs: 4.8.0 (/home/admin/ros_ws/src/eta_robots/Universal_Robots_ROS2_Driver/install/ur_dashboard_msgs/share/ur_dashboard_msgs/cmake)
-- Found ur_msgs: 2.6.0 (/home/admin/ros_ws/install/ur_msgs/share/ur_msgs/cmake)
-- Found my_ur_msgs: 0.0.0 (/home/admin/ros_ws/src/eta_robots/Universal_Robots_ROS2_Driver/install/my_ur_msgs/share/my_ur_msgs/cmake)
-- Found motion_primitives_controllers: 5.15.1 (/opt/ros/kilted/share/motion_primitives_controllers/cmake)
-- Found ur_controllers: 4.8.0 (/home/admin/ros_ws/src/eta_robots/Universal_Robots_ROS2_Driver/install/ur_controllers/share/ur_controllers/cmake)
-- Found ur_description: 4.3.1 (/home/admin/ros_ws/install/ur_description/share/ur_description/cmake)
-- Found launch_testing_ament_cmake: 3.8.7 (/opt/ros/kilted/share/launch_testing_ament_cmake/cmake)
-- Configuring done (0.9s)
-- Generating done (0.0s)
-- Build files have been written to: /home/admin/ros_ws/src/eta_robots/Universal_Robots_ROS2_Driver/build/ur_robot_driver
[  4%] [32mBuilding CXX object CMakeFiles/urscript_interface.dir/src/urscript_interface.cpp.o[0m
[  4%] Built target ament_cmake_python_copy_ur_robot_driver
[ 28%] Built target ur_robot_driver_log_handler
[ 28%] Built target controller_stopper_node
[ 47%] Built target robot_state_helper
[ 66%] Built target dashboard_client
[ 76%] Built target trajectory_until_node
[ 80%] [32mBuilding CXX object CMakeFiles/ur_robot_driver_plugin.dir/src/hardware_interface.cpp.o[0m
running egg_info
creating ur_robot_driver.egg-info
writing ur_robot_driver.egg-info/PKG-INFO
writing dependency_links to ur_robot_driver.egg-info/dependency_links.txt
writing top-level names to ur_robot_driver.egg-info/top_level.txt
writing manifest file 'ur_robot_driver.egg-info/SOURCES.txt'
reading manifest file 'ur_robot_driver.egg-info/SOURCES.txt'
writing manifest file 'ur_robot_driver.egg-info/SOURCES.txt'
[ 80%] Built target ament_cmake_python_build_ur_robot_driver_egg
[ 85%] [32m[1mLinking CXX shared library libur_robot_driver_plugin.so[0m
[ 95%] Built target ur_robot_driver_plugin
