[0.015s] Invoking command in '/home/admin/ros_ws/src/eta_robots/Universal_Robots_ROS2_Driver/build/ur_robot_driver': AMENT_PREFIX_PATH=/home/admin/ros_ws/src/eta_robots/Universal_Robots_ROS2_Driver/install/ur_controllers:/home/admin/ros_ws/src/eta_robots/Universal_Robots_ROS2_Driver/install/ur_dashboard_msgs:/home/admin/ros_ws/src/eta_robots/Universal_Robots_ROS2_Driver/install/my_ur_msgs:${AMENT_PREFIX_PATH} CMAKE_PREFIX_PATH=/home/admin/ros_ws/src/eta_robots/Universal_Robots_ROS2_Driver/install/ur_controllers:/home/admin/ros_ws/src/eta_robots/Universal_Robots_ROS2_Driver/install/ur_dashboard_msgs:/home/admin/ros_ws/src/eta_robots/Universal_Robots_ROS2_Driver/install/my_ur_msgs:/home/admin/ros_ws/install/my_ur_msgs:/home/admin/ros_ws/install/ur_controllers:/home/admin/ros_ws/install/ur_msgs:/home/admin/ros_ws/install/ur_moveit_config:/home/admin/ros_ws/install/ur_description:/home/admin/ros_ws/install/ur_dashboard_msgs:/home/admin/ros_ws/install/ur_client_library:/home/admin/ros_ws/install/srdfdom:/home/admin/ros_ws/install/ros2_control_test_assets:/home/admin/ros_ws/install/joint_limits:/home/admin/ros_ws/install/realtime_tools:/home/admin/ros_ws/install/moveit_resources_prbt_support:/home/admin/ros_ws/install/moveit_resources_pr2_description:/home/admin/ros_ws/install/dual_arm_panda_moveit_config:/home/admin/ros_ws/install/moveit_resources_panda_description:/home/admin/ros_ws/install/moveit_resources_fanuc_description:/home/admin/ros_ws/install/moveit_common:/home/admin/ros_ws/install/kinematics_interface_kdl:/home/admin/ros_ws/install/kinematics_interface:/home/admin/ros_ws/install/controller_manager_msgs:/home/admin/ros_ws/install/eta_slam:/home/admin/ros_ws/install/eta_navigation:/home/admin/ros_ws/install/eta_hardware:/home/admin/ros_ws/install/eta_firmware:/home/admin/ros_ws/install/eta_bringup:/home/admin/ros_ws/install/eta_control:/home/admin/ros_ws/install/eta_description:/home/admin/ros_ws/install/eta_base:/opt/ros/kilted/opt/gz_sim_vendor:/opt/ros/kilted/opt/gz_sensors_vendor:/opt/ros/kilted/opt/gz_physics_vendor:/opt/ros/kilted/opt/sdformat_vendor:/opt/ros/kilted/opt/gz_gui_vendor:/opt/ros/kilted/opt/gz_transport_vendor:/opt/ros/kilted/opt/gz_rendering_vendor:/opt/ros/kilted/opt/gz_plugin_vendor:/opt/ros/kilted/opt/gz_fuel_tools_vendor:/opt/ros/kilted/opt/gz_msgs_vendor:/opt/ros/kilted/opt/gz_common_vendor:/opt/ros/kilted/opt/gz_math_vendor:/opt/ros/kilted/opt/gz_utils_vendor:/opt/ros/kilted/opt/gz_tools_vendor:/opt/ros/kilted/opt/gz_ogre_next_vendor:/opt/ros/kilted/opt/gz_dartsim_vendor:/opt/ros/kilted/opt/gz_cmake_vendor:/home/admin/ros_ws/install/moveit_configs_utils:/home/admin/ros_ws/install/ros2_controllers_test_nodes:/opt/ros/kilted LD_LIBRARY_PATH=/home/admin/ros_ws/src/eta_robots/Universal_Robots_ROS2_Driver/install/ur_controllers/lib:/home/admin/ros_ws/src/eta_robots/Universal_Robots_ROS2_Driver/install/ur_dashboard_msgs/lib:/home/admin/ros_ws/src/eta_robots/Universal_Robots_ROS2_Driver/install/my_ur_msgs/lib:${LD_LIBRARY_PATH} PYTHONPATH=/home/admin/ros_ws/src/eta_robots/Universal_Robots_ROS2_Driver/install/ur_dashboard_msgs/lib/python3.12/site-packages:/home/admin/ros_ws/src/eta_robots/Universal_Robots_ROS2_Driver/install/my_ur_msgs/lib/python3.12/site-packages:${PYTHONPATH} /usr/bin/cmake --build /home/admin/ros_ws/src/eta_robots/Universal_Robots_ROS2_Driver/build/ur_robot_driver -- -j14 -l14
[0.036s] [0mur_robot_driver: You did not request a specific build type: selecting 'RelWithDebInfo'.[0m
[0.036s] -- Found ament_cmake: 2.7.5 (/opt/ros/kilted/share/ament_cmake/cmake)
[0.201s] -- Found controller_manager: 5.14.2 (/opt/ros/kilted/share/controller_manager/cmake)
[0.215s] -- Found rosidl_generator_c: 4.9.6 (/opt/ros/kilted/share/rosidl_generator_c/cmake)
[0.221s] -- Found rosidl_generator_cpp: 4.9.6 (/opt/ros/kilted/share/rosidl_generator_cpp/cmake)
[0.228s] -- Using all available rosidl_typesupport_c: rosidl_typesupport_fastrtps_c;rosidl_typesupport_introspection_c
[0.237s] -- Using all available rosidl_typesupport_cpp: rosidl_typesupport_fastrtps_cpp;rosidl_typesupport_introspection_cpp
[0.289s] -- Found rmw_implementation_cmake: 7.8.2 (/opt/ros/kilted/share/rmw_implementation_cmake/cmake)
[0.290s] -- Found rmw_fastrtps_cpp: 9.3.4 (/opt/ros/kilted/share/rmw_fastrtps_cpp/cmake)
[0.319s] -- Using RMW implementation 'rmw_fastrtps_cpp' as default
[0.368s] [0mCMake Deprecation Warning at /opt/ros/kilted/share/tl_expected/cmake/tl_expectedConfig.cmake:37 (message):
[0.369s]   Package 'tl_expected' is deprecated (This package will be removed in ROS 2
[0.369s]   Lyrical Luth.
[0.369s] 
[0.369s]         Use tl/expected.hpp from libexpected-dev,
[0.369s]         or rcpputils/tl_expected/expected.hpp if the system header is not available)
[0.370s] Call Stack (most recent call first):
[0.370s]   /opt/ros/kilted/share/parameter_traits/cmake/ament_cmake_export_dependencies-extras.cmake:21 (find_package)
[0.370s]   /opt/ros/kilted/share/parameter_traits/cmake/parameter_traitsConfig.cmake:41 (include)
[0.370s]   /opt/ros/kilted/share/controller_manager/cmake/ament_cmake_export_dependencies-extras.cmake:21 (find_package)
[0.370s]   /opt/ros/kilted/share/controller_manager/cmake/controller_managerConfig.cmake:41 (include)
[0.371s]   CMakeLists.txt:35 (find_package)
[0.371s] 
[0.371s] [0m
[0.540s] -- Found std_srvs: 5.5.2 (/opt/ros/kilted/share/std_srvs/cmake)
[0.548s] -- Found tf2_geometry_msgs: 0.41.7 (/opt/ros/kilted/share/tf2_geometry_msgs/cmake)
[0.550s] -- Found eigen3_cmake_module: 0.4.0 (/opt/ros/kilted/share/eigen3_cmake_module/cmake)
[0.550s] -- Ensuring Eigen3 include directory is part of orocos-kdl CMake target
[0.588s] -- Found ur_dashboard_msgs: 4.8.0 (/home/admin/ros_ws/src/eta_robots/Universal_Robots_ROS2_Driver/install/ur_dashboard_msgs/share/ur_dashboard_msgs/cmake)
[0.612s] -- Found ur_msgs: 2.6.0 (/home/admin/ros_ws/install/ur_msgs/share/ur_msgs/cmake)
[0.642s] -- Found my_ur_msgs: 0.0.0 (/home/admin/ros_ws/src/eta_robots/Universal_Robots_ROS2_Driver/install/my_ur_msgs/share/my_ur_msgs/cmake)
[0.654s] -- Found motion_primitives_controllers: 5.15.1 (/opt/ros/kilted/share/motion_primitives_controllers/cmake)
[0.806s] -- Found ur_controllers: 4.8.0 (/home/admin/ros_ws/src/eta_robots/Universal_Robots_ROS2_Driver/install/ur_controllers/share/ur_controllers/cmake)
[0.884s] -- Found ur_description: 4.3.1 (/home/admin/ros_ws/install/ur_description/share/ur_description/cmake)
[0.884s] -- Found launch_testing_ament_cmake: 3.8.7 (/opt/ros/kilted/share/launch_testing_ament_cmake/cmake)
[0.884s] -- Configuring done (0.9s)
[0.916s] -- Generating done (0.0s)
[0.925s] -- Build files have been written to: /home/admin/ros_ws/src/eta_robots/Universal_Robots_ROS2_Driver/build/ur_robot_driver
[0.956s] [  4%] [32mBuilding CXX object CMakeFiles/urscript_interface.dir/src/urscript_interface.cpp.o[0m
[0.963s] [  4%] Built target ament_cmake_python_copy_ur_robot_driver
[0.965s] [ 28%] Built target ur_robot_driver_log_handler
[0.965s] [ 28%] Built target controller_stopper_node
[0.968s] [ 47%] Built target robot_state_helper
[0.973s] [ 66%] Built target dashboard_client
[0.974s] [ 76%] Built target trajectory_until_node
[0.976s] [ 80%] [32mBuilding CXX object CMakeFiles/ur_robot_driver_plugin.dir/src/hardware_interface.cpp.o[0m
[1.035s] [01m[K/home/admin/ros_ws/src/eta_robots/Universal_Robots_ROS2_Driver/ur_robot_driver/src/urscript_interface.cpp:43:10:[m[K [01;31m[Kfatal error: [m[Kmy_ur_msgs/action/send_script.hpp: No such file or directory
[1.035s]    43 | #include [01;31m[K<my_ur_msgs/action/send_script.hpp>[m[K
[1.035s]       |          [01;31m[K^~~~~~~~~~~~~~~~~~~~~~~~~~~~~~~~~~~[m[K
[1.035s] compilation terminated.
[1.037s] gmake[2]: *** [CMakeFiles/urscript_interface.dir/build.make:76: CMakeFiles/urscript_interface.dir/src/urscript_interface.cpp.o] Error 1
[1.037s] gmake[1]: *** [CMakeFiles/Makefile2:282: CMakeFiles/urscript_interface.dir/all] Error 2
[1.037s] gmake[1]: *** Waiting for unfinished jobs....
[1.108s] running egg_info
[1.109s] creating ur_robot_driver.egg-info
[1.120s] writing ur_robot_driver.egg-info/PKG-INFO
[1.120s] writing dependency_links to ur_robot_driver.egg-info/dependency_links.txt
[1.121s] writing top-level names to ur_robot_driver.egg-info/top_level.txt
[1.121s] writing manifest file 'ur_robot_driver.egg-info/SOURCES.txt'
[1.155s] reading manifest file 'ur_robot_driver.egg-info/SOURCES.txt'
[1.155s] writing manifest file 'ur_robot_driver.egg-info/SOURCES.txt'
[1.173s] [ 80%] Built target ament_cmake_python_build_ur_robot_driver_egg
[10.752s] [ 85%] [32m[1mLinking CXX shared library libur_robot_driver_plugin.so[0m
[11.242s] [ 95%] Built target ur_robot_driver_plugin
[11.243s] gmake: *** [Makefile:146: all] Error 2
[11.245s] Invoked command in '/home/admin/ros_ws/src/eta_robots/Universal_Robots_ROS2_Driver/build/ur_robot_driver' returned '2': AMENT_PREFIX_PATH=/home/admin/ros_ws/src/eta_robots/Universal_Robots_ROS2_Driver/install/ur_controllers:/home/admin/ros_ws/src/eta_robots/Universal_Robots_ROS2_Driver/install/ur_dashboard_msgs:/home/admin/ros_ws/src/eta_robots/Universal_Robots_ROS2_Driver/install/my_ur_msgs:${AMENT_PREFIX_PATH} CMAKE_PREFIX_PATH=/home/admin/ros_ws/src/eta_robots/Universal_Robots_ROS2_Driver/install/ur_controllers:/home/admin/ros_ws/src/eta_robots/Universal_Robots_ROS2_Driver/install/ur_dashboard_msgs:/home/admin/ros_ws/src/eta_robots/Universal_Robots_ROS2_Driver/install/my_ur_msgs:/home/admin/ros_ws/install/my_ur_msgs:/home/admin/ros_ws/install/ur_controllers:/home/admin/ros_ws/install/ur_msgs:/home/admin/ros_ws/install/ur_moveit_config:/home/admin/ros_ws/install/ur_description:/home/admin/ros_ws/install/ur_dashboard_msgs:/home/admin/ros_ws/install/ur_client_library:/home/admin/ros_ws/install/srdfdom:/home/admin/ros_ws/install/ros2_control_test_assets:/home/admin/ros_ws/install/joint_limits:/home/admin/ros_ws/install/realtime_tools:/home/admin/ros_ws/install/moveit_resources_prbt_support:/home/admin/ros_ws/install/moveit_resources_pr2_description:/home/admin/ros_ws/install/dual_arm_panda_moveit_config:/home/admin/ros_ws/install/moveit_resources_panda_description:/home/admin/ros_ws/install/moveit_resources_fanuc_description:/home/admin/ros_ws/install/moveit_common:/home/admin/ros_ws/install/kinematics_interface_kdl:/home/admin/ros_ws/install/kinematics_interface:/home/admin/ros_ws/install/controller_manager_msgs:/home/admin/ros_ws/install/eta_slam:/home/admin/ros_ws/install/eta_navigation:/home/admin/ros_ws/install/eta_hardware:/home/admin/ros_ws/install/eta_firmware:/home/admin/ros_ws/install/eta_bringup:/home/admin/ros_ws/install/eta_control:/home/admin/ros_ws/install/eta_description:/home/admin/ros_ws/install/eta_base:/opt/ros/kilted/opt/gz_sim_vendor:/opt/ros/kilted/opt/gz_sensors_vendor:/opt/ros/kilted/opt/gz_physics_vendor:/opt/ros/kilted/opt/sdformat_vendor:/opt/ros/kilted/opt/gz_gui_vendor:/opt/ros/kilted/opt/gz_transport_vendor:/opt/ros/kilted/opt/gz_rendering_vendor:/opt/ros/kilted/opt/gz_plugin_vendor:/opt/ros/kilted/opt/gz_fuel_tools_vendor:/opt/ros/kilted/opt/gz_msgs_vendor:/opt/ros/kilted/opt/gz_common_vendor:/opt/ros/kilted/opt/gz_math_vendor:/opt/ros/kilted/opt/gz_utils_vendor:/opt/ros/kilted/opt/gz_tools_vendor:/opt/ros/kilted/opt/gz_ogre_next_vendor:/opt/ros/kilted/opt/gz_dartsim_vendor:/opt/ros/kilted/opt/gz_cmake_vendor:/home/admin/ros_ws/install/moveit_configs_utils:/home/admin/ros_ws/install/ros2_controllers_test_nodes:/opt/ros/kilted LD_LIBRARY_PATH=/home/admin/ros_ws/src/eta_robots/Universal_Robots_ROS2_Driver/install/ur_controllers/lib:/home/admin/ros_ws/src/eta_robots/Universal_Robots_ROS2_Driver/install/ur_dashboard_msgs/lib:/home/admin/ros_ws/src/eta_robots/Universal_Robots_ROS2_Driver/install/my_ur_msgs/lib:${LD_LIBRARY_PATH} PYTHONPATH=/home/admin/ros_ws/src/eta_robots/Universal_Robots_ROS2_Driver/install/ur_dashboard_msgs/lib/python3.12/site-packages:/home/admin/ros_ws/src/eta_robots/Universal_Robots_ROS2_Driver/install/my_ur_msgs/lib/python3.12/site-packages:${PYTHONPATH} /usr/bin/cmake --build /home/admin/ros_ws/src/eta_robots/Universal_Robots_ROS2_Driver/build/ur_robot_driver -- -j14 -l14
