[0mur_robot_driver: You did not request a specific build type: selecting 'RelWithDebInfo'.[0m
[0mCMake Deprecation Warning at /opt/ros/kilted/share/tl_expected/cmake/tl_expectedConfig.cmake:37 (message):
  Package 'tl_expected' is deprecated (This package will be removed in ROS 2
  Lyrical Luth.

        Use tl/expected.hpp from libexpected-dev,
        or rcpputils/tl_expected/expected.hpp if the system header is not available)
Call Stack (most recent call first):
  /opt/ros/kilted/share/parameter_traits/cmake/ament_cmake_export_dependencies-extras.cmake:21 (find_package)
  /opt/ros/kilted/share/parameter_traits/cmake/parameter_traitsConfig.cmake:41 (include)
  /opt/ros/kilted/share/controller_manager/cmake/ament_cmake_export_dependencies-extras.cmake:21 (find_package)
  /opt/ros/kilted/share/controller_manager/cmake/controller_managerConfig.cmake:41 (include)
  CMakeLists.txt:35 (find_package)

[0m
[01m[K/home/admin/ros_ws/src/eta_robots/Universal_Robots_ROS2_Driver/ur_robot_driver/src/urscript_interface.cpp:43:10:[m[K [01;31m[Kfatal error: [m[Kmy_ur_msgs/action/send_script.hpp: No such file or directory
   43 | #include [01;31m[K<my_ur_msgs/action/send_script.hpp>[m[K
      |          [01;31m[K^~~~~~~~~~~~~~~~~~~~~~~~~~~~~~~~~~~[m[K
compilation terminated.
gmake[2]: *** [CMakeFiles/urscript_interface.dir/build.make:76: CMakeFiles/urscript_interface.dir/src/urscript_interface.cpp.o] Error 1
gmake[1]: *** [CMakeFiles/Makefile2:282: CMakeFiles/urscript_interface.dir/all] Error 2
gmake[1]: *** Waiting for unfinished jobs....
[01m[K/home/admin/ros_ws/src/eta_robots/Universal_Robots_ROS2_Driver/ur_robot_driver/src/hardware_interface.cpp:[m[K In member function ‘[01m[Kvoid ur_robot_driver::URPositionHardwareInterface::[01;32m[KcheckAsyncIO[m[K()[m[K’:
[01m[K/home/admin/ros_ws/src/eta_robots/Universal_Robots_ROS2_Driver/ur_robot_driver/src/hardware_interface.cpp:1239:42:[m[K [01;31m[Kerror: [m[K‘[01m[Kusing std::__shared_ptr_access<urcl::UrDriver, __gnu_cxx::_S_atomic, false, false>::element_type = class urcl::UrDriver[m[K’ {aka ‘[01m[Kclass urcl::UrDriver[m[K’} has no member named ‘[01m[KsetTargetPayload[m[K’; did you mean ‘[01m[KsetPayload[m[K’?
 1239 |     payload_async_success_ = ur_driver_->[01;31m[KsetTargetPayload[m[K(payload_mass_, payload_center_of_gravity_, payload_inertia_,
      |                                          [01;31m[K^~~~~~~~~~~~~~~~[m[K
      |                                          [32m[KsetPayload[m[K
gmake[2]: *** [CMakeFiles/ur_robot_driver_plugin.dir/build.make:90: CMakeFiles/ur_robot_driver_plugin.dir/src/hardware_interface.cpp.o] Error 1
gmake[2]: *** Waiting for unfinished jobs....
gmake[1]: *** [CMakeFiles/Makefile2:152: CMakeFiles/ur_robot_driver_plugin.dir/all] Error 2
gmake: *** [Makefile:146: all] Error 2
