[0.013s] Invoking command in '/home/admin/ros_ws/src/eta_robots/Universal_Robots_ROS2_Driver/build/ur_robot_driver': AMENT_PREFIX_PATH=/home/admin/ros_ws/src/eta_robots/Universal_Robots_ROS2_Driver/install/ur_controllers:/home/admin/ros_ws/src/eta_robots/Universal_Robots_ROS2_Driver/install/ur_dashboard_msgs:/home/admin/ros_ws/src/eta_robots/Universal_Robots_ROS2_Driver/install/my_ur_msgs:${AMENT_PREFIX_PATH} CMAKE_PREFIX_PATH=/home/admin/ros_ws/src/eta_robots/Universal_Robots_ROS2_Driver/install/ur_controllers:/home/admin/ros_ws/src/eta_robots/Universal_Robots_ROS2_Driver/install/ur_dashboard_msgs:/home/admin/ros_ws/src/eta_robots/Universal_Robots_ROS2_Driver/install/my_ur_msgs:/home/admin/ros_ws/install/my_ur_msgs:/home/admin/ros_ws/install/ur_controllers:/home/admin/ros_ws/install/ur_msgs:/home/admin/ros_ws/install/ur_moveit_config:/home/admin/ros_ws/install/ur_description:/home/admin/ros_ws/install/ur_dashboard_msgs:/home/admin/ros_ws/install/ur_client_library:/home/admin/ros_ws/install/srdfdom:/home/admin/ros_ws/install/ros2_control_test_assets:/home/admin/ros_ws/install/joint_limits:/home/admin/ros_ws/install/realtime_tools:/home/admin/ros_ws/install/moveit_resources_prbt_support:/home/admin/ros_ws/install/moveit_resources_pr2_description:/home/admin/ros_ws/install/dual_arm_panda_moveit_config:/home/admin/ros_ws/install/moveit_resources_panda_description:/home/admin/ros_ws/install/moveit_resources_fanuc_description:/home/admin/ros_ws/install/moveit_common:/home/admin/ros_ws/install/kinematics_interface_kdl:/home/admin/ros_ws/install/kinematics_interface:/home/admin/ros_ws/install/controller_manager_msgs:/home/admin/ros_ws/install/eta_slam:/home/admin/ros_ws/install/eta_navigation:/home/admin/ros_ws/install/eta_hardware:/home/admin/ros_ws/install/eta_firmware:/home/admin/ros_ws/install/eta_bringup:/home/admin/ros_ws/install/eta_control:/home/admin/ros_ws/install/eta_description:/home/admin/ros_ws/install/eta_base:/opt/ros/kilted/opt/gz_sim_vendor:/opt/ros/kilted/opt/gz_sensors_vendor:/opt/ros/kilted/opt/gz_physics_vendor:/opt/ros/kilted/opt/sdformat_vendor:/opt/ros/kilted/opt/gz_gui_vendor:/opt/ros/kilted/opt/gz_transport_vendor:/opt/ros/kilted/opt/gz_rendering_vendor:/opt/ros/kilted/opt/gz_plugin_vendor:/opt/ros/kilted/opt/gz_fuel_tools_vendor:/opt/ros/kilted/opt/gz_msgs_vendor:/opt/ros/kilted/opt/gz_common_vendor:/opt/ros/kilted/opt/gz_math_vendor:/opt/ros/kilted/opt/gz_utils_vendor:/opt/ros/kilted/opt/gz_tools_vendor:/opt/ros/kilted/opt/gz_ogre_next_vendor:/opt/ros/kilted/opt/gz_dartsim_vendor:/opt/ros/kilted/opt/gz_cmake_vendor:/home/admin/ros_ws/install/moveit_configs_utils:/home/admin/ros_ws/install/ros2_controllers_test_nodes:/opt/ros/kilted LD_LIBRARY_PATH=/home/admin/ros_ws/src/eta_robots/Universal_Robots_ROS2_Driver/install/ur_controllers/lib:/home/admin/ros_ws/src/eta_robots/Universal_Robots_ROS2_Driver/install/ur_dashboard_msgs/lib:/home/admin/ros_ws/src/eta_robots/Universal_Robots_ROS2_Driver/install/my_ur_msgs/lib:${LD_LIBRARY_PATH} PYTHONPATH=/home/admin/ros_ws/src/eta_robots/Universal_Robots_ROS2_Driver/install/ur_dashboard_msgs/lib/python3.12/site-packages:/home/admin/ros_ws/src/eta_robots/Universal_Robots_ROS2_Driver/install/my_ur_msgs/lib/python3.12/site-packages:${PYTHONPATH} /usr/bin/cmake /home/admin/ros_ws/src/eta_robots/Universal_Robots_ROS2_Driver/ur_robot_driver -DCMAKE_INSTALL_PREFIX=/home/admin/ros_ws/src/eta_robots/Universal_Robots_ROS2_Driver/install/ur_robot_driver
[0.058s] -- The C compiler identification is GNU 13.3.0
[0.102s] -- The CXX compiler identification is GNU 13.3.0
[0.114s] -- Detecting C compiler ABI info
[0.177s] -- Detecting C compiler ABI info - done
[0.182s] -- Check for working C compiler: /usr/bin/cc - skipped
[0.183s] -- Detecting C compile features
[0.183s] -- Detecting C compile features - done
[0.189s] -- Detecting CXX compiler ABI info
[0.259s] -- Detecting CXX compiler ABI info - done
[0.265s] -- Check for working CXX compiler: /usr/bin/c++ - skipped
[0.265s] -- Detecting CXX compile features
[0.265s] -- Detecting CXX compile features - done
[0.266s] [0mur_robot_driver: You did not request a specific build type: selecting 'RelWithDebInfo'.[0m
[0.271s] -- Found ament_cmake: 2.7.5 (/opt/ros/kilted/share/ament_cmake/cmake)
[0.396s] -- Found Python3: /usr/bin/python3 (found version "3.12.3") found components: Interpreter 
[0.527s] -- Found controller_manager: 5.14.2 (/opt/ros/kilted/share/controller_manager/cmake)
[0.589s] -- Found rosidl_generator_c: 4.9.6 (/opt/ros/kilted/share/rosidl_generator_c/cmake)
[0.601s] -- Found rosidl_generator_cpp: 4.9.6 (/opt/ros/kilted/share/rosidl_generator_cpp/cmake)
[0.617s] -- Using all available rosidl_typesupport_c: rosidl_typesupport_fastrtps_c;rosidl_typesupport_introspection_c
[0.632s] -- Using all available rosidl_typesupport_cpp: rosidl_typesupport_fastrtps_cpp;rosidl_typesupport_introspection_cpp
[0.694s] -- Found rmw_implementation_cmake: 7.8.2 (/opt/ros/kilted/share/rmw_implementation_cmake/cmake)
[0.698s] -- Found rmw_fastrtps_cpp: 9.3.4 (/opt/ros/kilted/share/rmw_fastrtps_cpp/cmake)
[0.775s] -- Found OpenSSL: /usr/lib/x86_64-linux-gnu/libcrypto.so (found version "3.0.13")  
[0.783s] -- Using RMW implementation 'rmw_fastrtps_cpp' as default
[0.880s] [0mCMake Deprecation Warning at /opt/ros/kilted/share/tl_expected/cmake/tl_expectedConfig.cmake:37 (message):
[0.880s]   Package 'tl_expected' is deprecated (This package will be removed in ROS 2
[0.880s]   Lyrical Luth.
[0.880s] 
[0.880s]         Use tl/expected.hpp from libexpected-dev,
[0.880s]         or rcpputils/tl_expected/expected.hpp if the system header is not available)
[0.880s] Call Stack (most recent call first):
[0.880s]   /opt/ros/kilted/share/parameter_traits/cmake/ament_cmake_export_dependencies-extras.cmake:21 (find_package)
[0.880s]   /opt/ros/kilted/share/parameter_traits/cmake/parameter_traitsConfig.cmake:41 (include)
[0.880s]   /opt/ros/kilted/share/controller_manager/cmake/ament_cmake_export_dependencies-extras.cmake:21 (find_package)
[0.880s]   /opt/ros/kilted/share/controller_manager/cmake/controller_managerConfig.cmake:41 (include)
[0.881s]   CMakeLists.txt:35 (find_package)
[0.881s] 
[0.881s] [0m
[1.054s] -- Found Boost: /usr/lib/x86_64-linux-gnu/cmake/Boost-1.83.0/BoostConfig.cmake (found version "1.83.0")  
[1.246s] -- Found std_srvs: 5.5.2 (/opt/ros/kilted/share/std_srvs/cmake)
[1.258s] -- Found tf2_geometry_msgs: 0.41.7 (/opt/ros/kilted/share/tf2_geometry_msgs/cmake)
[1.270s] -- Found eigen3_cmake_module: 0.4.0 (/opt/ros/kilted/share/eigen3_cmake_module/cmake)
[1.271s] -- Found Eigen3: TRUE (found version "3.4.0") 
[1.271s] -- Ensuring Eigen3 include directory is part of orocos-kdl CMake target
[1.328s] -- Found ur_dashboard_msgs: 4.8.0 (/home/admin/ros_ws/src/eta_robots/Universal_Robots_ROS2_Driver/install/ur_dashboard_msgs/share/ur_dashboard_msgs/cmake)
[1.352s] -- Found ur_msgs: 2.6.0 (/home/admin/ros_ws/install/ur_msgs/share/ur_msgs/cmake)
[1.385s] -- Found motion_primitives_controllers: 5.15.1 (/opt/ros/kilted/share/motion_primitives_controllers/cmake)
[1.553s] -- Found ur_controllers: 4.8.0 (/home/admin/ros_ws/src/eta_robots/Universal_Robots_ROS2_Driver/install/ur_controllers/share/ur_controllers/cmake)
[1.643s] -- Found ur_description: 4.3.1 (/home/admin/ros_ws/install/ur_description/share/ur_description/cmake)
[1.646s] -- Found launch_testing_ament_cmake: 3.8.7 (/opt/ros/kilted/share/launch_testing_ament_cmake/cmake)
[1.647s] -- Configuring done (1.6s)
[1.678s] -- Generating done (0.0s)
[1.686s] -- Build files have been written to: /home/admin/ros_ws/src/eta_robots/Universal_Robots_ROS2_Driver/build/ur_robot_driver
[1.695s] Invoked command in '/home/admin/ros_ws/src/eta_robots/Universal_Robots_ROS2_Driver/build/ur_robot_driver' returned '0': AMENT_PREFIX_PATH=/home/admin/ros_ws/src/eta_robots/Universal_Robots_ROS2_Driver/install/ur_controllers:/home/admin/ros_ws/src/eta_robots/Universal_Robots_ROS2_Driver/install/ur_dashboard_msgs:/home/admin/ros_ws/src/eta_robots/Universal_Robots_ROS2_Driver/install/my_ur_msgs:${AMENT_PREFIX_PATH} CMAKE_PREFIX_PATH=/home/admin/ros_ws/src/eta_robots/Universal_Robots_ROS2_Driver/install/ur_controllers:/home/admin/ros_ws/src/eta_robots/Universal_Robots_ROS2_Driver/install/ur_dashboard_msgs:/home/admin/ros_ws/src/eta_robots/Universal_Robots_ROS2_Driver/install/my_ur_msgs:/home/admin/ros_ws/install/my_ur_msgs:/home/admin/ros_ws/install/ur_controllers:/home/admin/ros_ws/install/ur_msgs:/home/admin/ros_ws/install/ur_moveit_config:/home/admin/ros_ws/install/ur_description:/home/admin/ros_ws/install/ur_dashboard_msgs:/home/admin/ros_ws/install/ur_client_library:/home/admin/ros_ws/install/srdfdom:/home/admin/ros_ws/install/ros2_control_test_assets:/home/admin/ros_ws/install/joint_limits:/home/admin/ros_ws/install/realtime_tools:/home/admin/ros_ws/install/moveit_resources_prbt_support:/home/admin/ros_ws/install/moveit_resources_pr2_description:/home/admin/ros_ws/install/dual_arm_panda_moveit_config:/home/admin/ros_ws/install/moveit_resources_panda_description:/home/admin/ros_ws/install/moveit_resources_fanuc_description:/home/admin/ros_ws/install/moveit_common:/home/admin/ros_ws/install/kinematics_interface_kdl:/home/admin/ros_ws/install/kinematics_interface:/home/admin/ros_ws/install/controller_manager_msgs:/home/admin/ros_ws/install/eta_slam:/home/admin/ros_ws/install/eta_navigation:/home/admin/ros_ws/install/eta_hardware:/home/admin/ros_ws/install/eta_firmware:/home/admin/ros_ws/install/eta_bringup:/home/admin/ros_ws/install/eta_control:/home/admin/ros_ws/install/eta_description:/home/admin/ros_ws/install/eta_base:/opt/ros/kilted/opt/gz_sim_vendor:/opt/ros/kilted/opt/gz_sensors_vendor:/opt/ros/kilted/opt/gz_physics_vendor:/opt/ros/kilted/opt/sdformat_vendor:/opt/ros/kilted/opt/gz_gui_vendor:/opt/ros/kilted/opt/gz_transport_vendor:/opt/ros/kilted/opt/gz_rendering_vendor:/opt/ros/kilted/opt/gz_plugin_vendor:/opt/ros/kilted/opt/gz_fuel_tools_vendor:/opt/ros/kilted/opt/gz_msgs_vendor:/opt/ros/kilted/opt/gz_common_vendor:/opt/ros/kilted/opt/gz_math_vendor:/opt/ros/kilted/opt/gz_utils_vendor:/opt/ros/kilted/opt/gz_tools_vendor:/opt/ros/kilted/opt/gz_ogre_next_vendor:/opt/ros/kilted/opt/gz_dartsim_vendor:/opt/ros/kilted/opt/gz_cmake_vendor:/home/admin/ros_ws/install/moveit_configs_utils:/home/admin/ros_ws/install/ros2_controllers_test_nodes:/opt/ros/kilted LD_LIBRARY_PATH=/home/admin/ros_ws/src/eta_robots/Universal_Robots_ROS2_Driver/install/ur_controllers/lib:/home/admin/ros_ws/src/eta_robots/Universal_Robots_ROS2_Driver/install/ur_dashboard_msgs/lib:/home/admin/ros_ws/src/eta_robots/Universal_Robots_ROS2_Driver/install/my_ur_msgs/lib:${LD_LIBRARY_PATH} PYTHONPATH=/home/admin/ros_ws/src/eta_robots/Universal_Robots_ROS2_Driver/install/ur_dashboard_msgs/lib/python3.12/site-packages:/home/admin/ros_ws/src/eta_robots/Universal_Robots_ROS2_Driver/install/my_ur_msgs/lib/python3.12/site-packages:${PYTHONPATH} /usr/bin/cmake /home/admin/ros_ws/src/eta_robots/Universal_Robots_ROS2_Driver/ur_robot_driver -DCMAKE_INSTALL_PREFIX=/home/admin/ros_ws/src/eta_robots/Universal_Robots_ROS2_Driver/install/ur_robot_driver
[1.696s] Invoking command in '/home/admin/ros_ws/src/eta_robots/Universal_Robots_ROS2_Driver/build/ur_robot_driver': AMENT_PREFIX_PATH=/home/admin/ros_ws/src/eta_robots/Universal_Robots_ROS2_Driver/install/ur_controllers:/home/admin/ros_ws/src/eta_robots/Universal_Robots_ROS2_Driver/install/ur_dashboard_msgs:/home/admin/ros_ws/src/eta_robots/Universal_Robots_ROS2_Driver/install/my_ur_msgs:${AMENT_PREFIX_PATH} CMAKE_PREFIX_PATH=/home/admin/ros_ws/src/eta_robots/Universal_Robots_ROS2_Driver/install/ur_controllers:/home/admin/ros_ws/src/eta_robots/Universal_Robots_ROS2_Driver/install/ur_dashboard_msgs:/home/admin/ros_ws/src/eta_robots/Universal_Robots_ROS2_Driver/install/my_ur_msgs:/home/admin/ros_ws/install/my_ur_msgs:/home/admin/ros_ws/install/ur_controllers:/home/admin/ros_ws/install/ur_msgs:/home/admin/ros_ws/install/ur_moveit_config:/home/admin/ros_ws/install/ur_description:/home/admin/ros_ws/install/ur_dashboard_msgs:/home/admin/ros_ws/install/ur_client_library:/home/admin/ros_ws/install/srdfdom:/home/admin/ros_ws/install/ros2_control_test_assets:/home/admin/ros_ws/install/joint_limits:/home/admin/ros_ws/install/realtime_tools:/home/admin/ros_ws/install/moveit_resources_prbt_support:/home/admin/ros_ws/install/moveit_resources_pr2_description:/home/admin/ros_ws/install/dual_arm_panda_moveit_config:/home/admin/ros_ws/install/moveit_resources_panda_description:/home/admin/ros_ws/install/moveit_resources_fanuc_description:/home/admin/ros_ws/install/moveit_common:/home/admin/ros_ws/install/kinematics_interface_kdl:/home/admin/ros_ws/install/kinematics_interface:/home/admin/ros_ws/install/controller_manager_msgs:/home/admin/ros_ws/install/eta_slam:/home/admin/ros_ws/install/eta_navigation:/home/admin/ros_ws/install/eta_hardware:/home/admin/ros_ws/install/eta_firmware:/home/admin/ros_ws/install/eta_bringup:/home/admin/ros_ws/install/eta_control:/home/admin/ros_ws/install/eta_description:/home/admin/ros_ws/install/eta_base:/opt/ros/kilted/opt/gz_sim_vendor:/opt/ros/kilted/opt/gz_sensors_vendor:/opt/ros/kilted/opt/gz_physics_vendor:/opt/ros/kilted/opt/sdformat_vendor:/opt/ros/kilted/opt/gz_gui_vendor:/opt/ros/kilted/opt/gz_transport_vendor:/opt/ros/kilted/opt/gz_rendering_vendor:/opt/ros/kilted/opt/gz_plugin_vendor:/opt/ros/kilted/opt/gz_fuel_tools_vendor:/opt/ros/kilted/opt/gz_msgs_vendor:/opt/ros/kilted/opt/gz_common_vendor:/opt/ros/kilted/opt/gz_math_vendor:/opt/ros/kilted/opt/gz_utils_vendor:/opt/ros/kilted/opt/gz_tools_vendor:/opt/ros/kilted/opt/gz_ogre_next_vendor:/opt/ros/kilted/opt/gz_dartsim_vendor:/opt/ros/kilted/opt/gz_cmake_vendor:/home/admin/ros_ws/install/moveit_configs_utils:/home/admin/ros_ws/install/ros2_controllers_test_nodes:/opt/ros/kilted LD_LIBRARY_PATH=/home/admin/ros_ws/src/eta_robots/Universal_Robots_ROS2_Driver/install/ur_controllers/lib:/home/admin/ros_ws/src/eta_robots/Universal_Robots_ROS2_Driver/install/ur_dashboard_msgs/lib:/home/admin/ros_ws/src/eta_robots/Universal_Robots_ROS2_Driver/install/my_ur_msgs/lib:${LD_LIBRARY_PATH} PYTHONPATH=/home/admin/ros_ws/src/eta_robots/Universal_Robots_ROS2_Driver/install/ur_dashboard_msgs/lib/python3.12/site-packages:/home/admin/ros_ws/src/eta_robots/Universal_Robots_ROS2_Driver/install/my_ur_msgs/lib/python3.12/site-packages:${PYTHONPATH} /usr/bin/cmake --build /home/admin/ros_ws/src/eta_robots/Universal_Robots_ROS2_Driver/build/ur_robot_driver -- -j14 -l14
[1.741s] [ 38%] [32mBuilding CXX object CMakeFiles/dashboard_client.dir/src/dashboard_client_ros.cpp.o[0m
[1.741s] [ 38%] [32mBuilding CXX object CMakeFiles/dashboard_client.dir/src/dashboard_client_node.cpp.o[0m
[1.742s] [ 38%] [32mBuilding CXX object CMakeFiles/robot_state_helper.dir/src/robot_state_helper.cpp.o[0m
[1.742s] [ 38%] [32mBuilding CXX object CMakeFiles/robot_state_helper.dir/src/urcl_log_handler.cpp.o[0m
[1.742s] [ 38%] [32mBuilding CXX object CMakeFiles/robot_state_helper.dir/src/robot_state_helper_node.cpp.o[0m
[1.742s] [ 38%] [32mBuilding CXX object CMakeFiles/ur_robot_driver_log_handler.dir/src/urcl_log_handler.cpp.o[0m
[1.742s] [ 38%] [32mBuilding CXX object CMakeFiles/controller_stopper_node.dir/src/controller_stopper.cpp.o[0m
[1.742s] [ 38%] [32mBuilding CXX object CMakeFiles/controller_stopper_node.dir/src/controller_stopper_node.cpp.o[0m
[1.745s] [ 42%] [32mBuilding CXX object CMakeFiles/dashboard_client.dir/src/urcl_log_handler.cpp.o[0m
[1.747s] [ 47%] [32mBuilding CXX object CMakeFiles/trajectory_until_node.dir/src/trajectory_until_node.cpp.o[0m
[1.757s] [ 52%] [32mBuilding CXX object CMakeFiles/urscript_interface.dir/src/urscript_interface.cpp.o[0m
[1.760s] [ 57%] [32mBuilding CXX object CMakeFiles/ur_robot_driver_plugin.dir/src/hardware_interface.cpp.o[0m
[1.762s] [ 57%] Built target ament_cmake_python_copy_ur_robot_driver
[1.767s] [ 61%] [32mBuilding CXX object CMakeFiles/ur_robot_driver_plugin.dir/src/dashboard_client_ros.cpp.o[0m
[1.772s] [ 66%] [32mBuilding CXX object CMakeFiles/ur_robot_driver_plugin.dir/src/urcl_log_handler.cpp.o[0m
[2.000s] [01m[K/home/admin/ros_ws/src/eta_robots/Universal_Robots_ROS2_Driver/ur_robot_driver/src/urscript_interface.cpp:43:10:[m[K [01;31m[Kfatal error: [m[Kmy_ur_msgs/action/send_script.hpp: No such file or directory
[2.000s]    43 | #include [01;31m[K<my_ur_msgs/action/send_script.hpp>[m[K
[2.000s]       |          [01;31m[K^~~~~~~~~~~~~~~~~~~~~~~~~~~~~~~~~~~[m[K
[2.000s] compilation terminated.
[2.000s] gmake[2]: *** [CMakeFiles/urscript_interface.dir/build.make:76: CMakeFiles/urscript_interface.dir/src/urscript_interface.cpp.o] Error 1
[2.000s] gmake[1]: *** [CMakeFiles/Makefile2:282: CMakeFiles/urscript_interface.dir/all] Error 2
[2.001s] gmake[1]: *** Waiting for unfinished jobs....
[2.481s] [ 71%] [32m[1mLinking CXX shared library libur_robot_driver_log_handler.so[0m
[2.584s] [ 71%] Built target ur_robot_driver_log_handler
[5.530s] [01m[K/home/admin/ros_ws/src/eta_robots/Universal_Robots_ROS2_Driver/ur_robot_driver/src/hardware_interface.cpp:[m[K In member function ‘[01m[Kvoid ur_robot_driver::URPositionHardwareInterface::[01;32m[KcheckAsyncIO[m[K()[m[K’:
[5.530s] [01m[K/home/admin/ros_ws/src/eta_robots/Universal_Robots_ROS2_Driver/ur_robot_driver/src/hardware_interface.cpp:1239:42:[m[K [01;31m[Kerror: [m[K‘[01m[Kusing std::__shared_ptr_access<urcl::UrDriver, __gnu_cxx::_S_atomic, false, false>::element_type = class urcl::UrDriver[m[K’ {aka ‘[01m[Kclass urcl::UrDriver[m[K’} has no member named ‘[01m[KsetTargetPayload[m[K’; did you mean ‘[01m[KsetPayload[m[K’?
[5.530s]  1239 |     payload_async_success_ = ur_driver_->[01;31m[KsetTargetPayload[m[K(payload_mass_, payload_center_of_gravity_, payload_inertia_,
[5.530s]       |                                          [01;31m[K^~~~~~~~~~~~~~~~[m[K
[5.531s]       |                                          [32m[KsetPayload[m[K
[7.538s] gmake[2]: *** [CMakeFiles/ur_robot_driver_plugin.dir/build.make:90: CMakeFiles/ur_robot_driver_plugin.dir/src/hardware_interface.cpp.o] Error 1
[7.538s] gmake[2]: *** Waiting for unfinished jobs....
[9.658s] [ 76%] [32m[1mLinking CXX executable trajectory_until_node[0m
[9.839s] [ 76%] Built target trajectory_until_node
[13.717s] [ 80%] [32m[1mLinking CXX executable controller_stopper_node[0m
[13.953s] [ 80%] Built target controller_stopper_node
[18.654s] [ 85%] [32m[1mLinking CXX executable robot_state_helper[0m
[19.023s] [ 85%] Built target robot_state_helper
[25.700s] gmake[1]: *** [CMakeFiles/Makefile2:152: CMakeFiles/ur_robot_driver_plugin.dir/all] Error 2
[27.021s] [ 90%] [32m[1mLinking CXX executable dashboard_client[0m
[27.390s] [ 90%] Built target dashboard_client
[27.391s] gmake: *** [Makefile:146: all] Error 2
[27.393s] Invoked command in '/home/admin/ros_ws/src/eta_robots/Universal_Robots_ROS2_Driver/build/ur_robot_driver' returned '2': AMENT_PREFIX_PATH=/home/admin/ros_ws/src/eta_robots/Universal_Robots_ROS2_Driver/install/ur_controllers:/home/admin/ros_ws/src/eta_robots/Universal_Robots_ROS2_Driver/install/ur_dashboard_msgs:/home/admin/ros_ws/src/eta_robots/Universal_Robots_ROS2_Driver/install/my_ur_msgs:${AMENT_PREFIX_PATH} CMAKE_PREFIX_PATH=/home/admin/ros_ws/src/eta_robots/Universal_Robots_ROS2_Driver/install/ur_controllers:/home/admin/ros_ws/src/eta_robots/Universal_Robots_ROS2_Driver/install/ur_dashboard_msgs:/home/admin/ros_ws/src/eta_robots/Universal_Robots_ROS2_Driver/install/my_ur_msgs:/home/admin/ros_ws/install/my_ur_msgs:/home/admin/ros_ws/install/ur_controllers:/home/admin/ros_ws/install/ur_msgs:/home/admin/ros_ws/install/ur_moveit_config:/home/admin/ros_ws/install/ur_description:/home/admin/ros_ws/install/ur_dashboard_msgs:/home/admin/ros_ws/install/ur_client_library:/home/admin/ros_ws/install/srdfdom:/home/admin/ros_ws/install/ros2_control_test_assets:/home/admin/ros_ws/install/joint_limits:/home/admin/ros_ws/install/realtime_tools:/home/admin/ros_ws/install/moveit_resources_prbt_support:/home/admin/ros_ws/install/moveit_resources_pr2_description:/home/admin/ros_ws/install/dual_arm_panda_moveit_config:/home/admin/ros_ws/install/moveit_resources_panda_description:/home/admin/ros_ws/install/moveit_resources_fanuc_description:/home/admin/ros_ws/install/moveit_common:/home/admin/ros_ws/install/kinematics_interface_kdl:/home/admin/ros_ws/install/kinematics_interface:/home/admin/ros_ws/install/controller_manager_msgs:/home/admin/ros_ws/install/eta_slam:/home/admin/ros_ws/install/eta_navigation:/home/admin/ros_ws/install/eta_hardware:/home/admin/ros_ws/install/eta_firmware:/home/admin/ros_ws/install/eta_bringup:/home/admin/ros_ws/install/eta_control:/home/admin/ros_ws/install/eta_description:/home/admin/ros_ws/install/eta_base:/opt/ros/kilted/opt/gz_sim_vendor:/opt/ros/kilted/opt/gz_sensors_vendor:/opt/ros/kilted/opt/gz_physics_vendor:/opt/ros/kilted/opt/sdformat_vendor:/opt/ros/kilted/opt/gz_gui_vendor:/opt/ros/kilted/opt/gz_transport_vendor:/opt/ros/kilted/opt/gz_rendering_vendor:/opt/ros/kilted/opt/gz_plugin_vendor:/opt/ros/kilted/opt/gz_fuel_tools_vendor:/opt/ros/kilted/opt/gz_msgs_vendor:/opt/ros/kilted/opt/gz_common_vendor:/opt/ros/kilted/opt/gz_math_vendor:/opt/ros/kilted/opt/gz_utils_vendor:/opt/ros/kilted/opt/gz_tools_vendor:/opt/ros/kilted/opt/gz_ogre_next_vendor:/opt/ros/kilted/opt/gz_dartsim_vendor:/opt/ros/kilted/opt/gz_cmake_vendor:/home/admin/ros_ws/install/moveit_configs_utils:/home/admin/ros_ws/install/ros2_controllers_test_nodes:/opt/ros/kilted LD_LIBRARY_PATH=/home/admin/ros_ws/src/eta_robots/Universal_Robots_ROS2_Driver/install/ur_controllers/lib:/home/admin/ros_ws/src/eta_robots/Universal_Robots_ROS2_Driver/install/ur_dashboard_msgs/lib:/home/admin/ros_ws/src/eta_robots/Universal_Robots_ROS2_Driver/install/my_ur_msgs/lib:${LD_LIBRARY_PATH} PYTHONPATH=/home/admin/ros_ws/src/eta_robots/Universal_Robots_ROS2_Driver/install/ur_dashboard_msgs/lib/python3.12/site-packages:/home/admin/ros_ws/src/eta_robots/Universal_Robots_ROS2_Driver/install/my_ur_msgs/lib/python3.12/site-packages:${PYTHONPATH} /usr/bin/cmake --build /home/admin/ros_ws/src/eta_robots/Universal_Robots_ROS2_Driver/build/ur_robot_driver -- -j14 -l14
