[0.015s] Invoking command in '/home/admin/ros_ws/src/eta_robots/Universal_Robots_ROS2_Driver/build/ur_controllers': AMENT_PREFIX_PATH=/home/admin/ros_ws/src/eta_robots/Universal_Robots_ROS2_Driver/install/ur_dashboard_msgs:/home/admin/ros_ws/src/eta_robots/Universal_Robots_ROS2_Driver/install/my_ur_msgs:${AMENT_PREFIX_PATH} CMAKE_PREFIX_PATH=/home/admin/ros_ws/src/eta_robots/Universal_Robots_ROS2_Driver/install/ur_dashboard_msgs:/home/admin/ros_ws/src/eta_robots/Universal_Robots_ROS2_Driver/install/my_ur_msgs:/home/admin/ros_ws/install/my_ur_msgs:/home/admin/ros_ws/install/ur_controllers:/home/admin/ros_ws/install/ur_msgs:/home/admin/ros_ws/install/ur_moveit_config:/home/admin/ros_ws/install/ur_description:/home/admin/ros_ws/install/ur_dashboard_msgs:/home/admin/ros_ws/install/ur_client_library:/home/admin/ros_ws/install/srdfdom:/home/admin/ros_ws/install/ros2_control_test_assets:/home/admin/ros_ws/install/joint_limits:/home/admin/ros_ws/install/realtime_tools:/home/admin/ros_ws/install/moveit_resources_prbt_support:/home/admin/ros_ws/install/moveit_resources_pr2_description:/home/admin/ros_ws/install/dual_arm_panda_moveit_config:/home/admin/ros_ws/install/moveit_resources_panda_description:/home/admin/ros_ws/install/moveit_resources_fanuc_description:/home/admin/ros_ws/install/moveit_common:/home/admin/ros_ws/install/kinematics_interface_kdl:/home/admin/ros_ws/install/kinematics_interface:/home/admin/ros_ws/install/controller_manager_msgs:/home/admin/ros_ws/install/eta_slam:/home/admin/ros_ws/install/eta_navigation:/home/admin/ros_ws/install/eta_hardware:/home/admin/ros_ws/install/eta_firmware:/home/admin/ros_ws/install/eta_bringup:/home/admin/ros_ws/install/eta_control:/home/admin/ros_ws/install/eta_description:/home/admin/ros_ws/install/eta_base:/opt/ros/kilted/opt/gz_sim_vendor:/opt/ros/kilted/opt/gz_sensors_vendor:/opt/ros/kilted/opt/gz_physics_vendor:/opt/ros/kilted/opt/sdformat_vendor:/opt/ros/kilted/opt/gz_gui_vendor:/opt/ros/kilted/opt/gz_transport_vendor:/opt/ros/kilted/opt/gz_rendering_vendor:/opt/ros/kilted/opt/gz_plugin_vendor:/opt/ros/kilted/opt/gz_fuel_tools_vendor:/opt/ros/kilted/opt/gz_msgs_vendor:/opt/ros/kilted/opt/gz_common_vendor:/opt/ros/kilted/opt/gz_math_vendor:/opt/ros/kilted/opt/gz_utils_vendor:/opt/ros/kilted/opt/gz_tools_vendor:/opt/ros/kilted/opt/gz_ogre_next_vendor:/opt/ros/kilted/opt/gz_dartsim_vendor:/opt/ros/kilted/opt/gz_cmake_vendor:/home/admin/ros_ws/install/moveit_configs_utils:/home/admin/ros_ws/install/ros2_controllers_test_nodes:/opt/ros/kilted LD_LIBRARY_PATH=/home/admin/ros_ws/src/eta_robots/Universal_Robots_ROS2_Driver/install/ur_dashboard_msgs/lib:/home/admin/ros_ws/src/eta_robots/Universal_Robots_ROS2_Driver/install/my_ur_msgs/lib:${LD_LIBRARY_PATH} PYTHONPATH=/home/admin/ros_ws/src/eta_robots/Universal_Robots_ROS2_Driver/install/ur_dashboard_msgs/lib/python3.12/site-packages:/home/admin/ros_ws/src/eta_robots/Universal_Robots_ROS2_Driver/install/my_ur_msgs/lib/python3.12/site-packages:${PYTHONPATH} /usr/bin/cmake --build /home/admin/ros_ws/src/eta_robots/Universal_Robots_ROS2_Driver/build/ur_controllers -- -j14 -l14
[0.060s] [ 15%] Built target force_mode_controller_parameters
[0.060s] [ 15%] Built target gravity_update_controller_parameters
[0.060s] [ 15%] Built target tool_contact_controller_parameters
[0.060s] [ 20%] Built target passthrough_trajectory_controller_parameters
[0.060s] [ 25%] Built target speed_scaling_state_broadcaster_parameters
[0.060s] [ 30%] Built target freedrive_mode_controller_parameters
[0.063s] [ 35%] Built target scaled_joint_trajectory_controller_parameters
[0.068s] [ 46%] Built target friction_model_controller_parameters
[0.068s] [ 46%] Built target ur_configuration_controller_parameters
[0.068s] [ 51%] Built target gmock_main
[0.070s] [ 58%] Built target gmock
[0.104s] [ 84%] Built target ur_controllers
[0.128s] [100%] Built target test_load_freedrive_mode_controller
[0.128s] [100%] Built target test_load_force_mode_controller
[0.128s] [100%] Built target test_load_friction_model_controller
[0.138s] Invoked command in '/home/admin/ros_ws/src/eta_robots/Universal_Robots_ROS2_Driver/build/ur_controllers' returned '0': AMENT_PREFIX_PATH=/home/admin/ros_ws/src/eta_robots/Universal_Robots_ROS2_Driver/install/ur_dashboard_msgs:/home/admin/ros_ws/src/eta_robots/Universal_Robots_ROS2_Driver/install/my_ur_msgs:${AMENT_PREFIX_PATH} CMAKE_PREFIX_PATH=/home/admin/ros_ws/src/eta_robots/Universal_Robots_ROS2_Driver/install/ur_dashboard_msgs:/home/admin/ros_ws/src/eta_robots/Universal_Robots_ROS2_Driver/install/my_ur_msgs:/home/admin/ros_ws/install/my_ur_msgs:/home/admin/ros_ws/install/ur_controllers:/home/admin/ros_ws/install/ur_msgs:/home/admin/ros_ws/install/ur_moveit_config:/home/admin/ros_ws/install/ur_description:/home/admin/ros_ws/install/ur_dashboard_msgs:/home/admin/ros_ws/install/ur_client_library:/home/admin/ros_ws/install/srdfdom:/home/admin/ros_ws/install/ros2_control_test_assets:/home/admin/ros_ws/install/joint_limits:/home/admin/ros_ws/install/realtime_tools:/home/admin/ros_ws/install/moveit_resources_prbt_support:/home/admin/ros_ws/install/moveit_resources_pr2_description:/home/admin/ros_ws/install/dual_arm_panda_moveit_config:/home/admin/ros_ws/install/moveit_resources_panda_description:/home/admin/ros_ws/install/moveit_resources_fanuc_description:/home/admin/ros_ws/install/moveit_common:/home/admin/ros_ws/install/kinematics_interface_kdl:/home/admin/ros_ws/install/kinematics_interface:/home/admin/ros_ws/install/controller_manager_msgs:/home/admin/ros_ws/install/eta_slam:/home/admin/ros_ws/install/eta_navigation:/home/admin/ros_ws/install/eta_hardware:/home/admin/ros_ws/install/eta_firmware:/home/admin/ros_ws/install/eta_bringup:/home/admin/ros_ws/install/eta_control:/home/admin/ros_ws/install/eta_description:/home/admin/ros_ws/install/eta_base:/opt/ros/kilted/opt/gz_sim_vendor:/opt/ros/kilted/opt/gz_sensors_vendor:/opt/ros/kilted/opt/gz_physics_vendor:/opt/ros/kilted/opt/sdformat_vendor:/opt/ros/kilted/opt/gz_gui_vendor:/opt/ros/kilted/opt/gz_transport_vendor:/opt/ros/kilted/opt/gz_rendering_vendor:/opt/ros/kilted/opt/gz_plugin_vendor:/opt/ros/kilted/opt/gz_fuel_tools_vendor:/opt/ros/kilted/opt/gz_msgs_vendor:/opt/ros/kilted/opt/gz_common_vendor:/opt/ros/kilted/opt/gz_math_vendor:/opt/ros/kilted/opt/gz_utils_vendor:/opt/ros/kilted/opt/gz_tools_vendor:/opt/ros/kilted/opt/gz_ogre_next_vendor:/opt/ros/kilted/opt/gz_dartsim_vendor:/opt/ros/kilted/opt/gz_cmake_vendor:/home/admin/ros_ws/install/moveit_configs_utils:/home/admin/ros_ws/install/ros2_controllers_test_nodes:/opt/ros/kilted LD_LIBRARY_PATH=/home/admin/ros_ws/src/eta_robots/Universal_Robots_ROS2_Driver/install/ur_dashboard_msgs/lib:/home/admin/ros_ws/src/eta_robots/Universal_Robots_ROS2_Driver/install/my_ur_msgs/lib:${LD_LIBRARY_PATH} PYTHONPATH=/home/admin/ros_ws/src/eta_robots/Universal_Robots_ROS2_Driver/install/ur_dashboard_msgs/lib/python3.12/site-packages:/home/admin/ros_ws/src/eta_robots/Universal_Robots_ROS2_Driver/install/my_ur_msgs/lib/python3.12/site-packages:${PYTHONPATH} /usr/bin/cmake --build /home/admin/ros_ws/src/eta_robots/Universal_Robots_ROS2_Driver/build/ur_controllers -- -j14 -l14
[0.139s] Invoking command in '/home/admin/ros_ws/src/eta_robots/Universal_Robots_ROS2_Driver/build/ur_controllers': AMENT_PREFIX_PATH=/home/admin/ros_ws/src/eta_robots/Universal_Robots_ROS2_Driver/install/ur_dashboard_msgs:/home/admin/ros_ws/src/eta_robots/Universal_Robots_ROS2_Driver/install/my_ur_msgs:${AMENT_PREFIX_PATH} CMAKE_PREFIX_PATH=/home/admin/ros_ws/src/eta_robots/Universal_Robots_ROS2_Driver/install/ur_dashboard_msgs:/home/admin/ros_ws/src/eta_robots/Universal_Robots_ROS2_Driver/install/my_ur_msgs:/home/admin/ros_ws/install/my_ur_msgs:/home/admin/ros_ws/install/ur_controllers:/home/admin/ros_ws/install/ur_msgs:/home/admin/ros_ws/install/ur_moveit_config:/home/admin/ros_ws/install/ur_description:/home/admin/ros_ws/install/ur_dashboard_msgs:/home/admin/ros_ws/install/ur_client_library:/home/admin/ros_ws/install/srdfdom:/home/admin/ros_ws/install/ros2_control_test_assets:/home/admin/ros_ws/install/joint_limits:/home/admin/ros_ws/install/realtime_tools:/home/admin/ros_ws/install/moveit_resources_prbt_support:/home/admin/ros_ws/install/moveit_resources_pr2_description:/home/admin/ros_ws/install/dual_arm_panda_moveit_config:/home/admin/ros_ws/install/moveit_resources_panda_description:/home/admin/ros_ws/install/moveit_resources_fanuc_description:/home/admin/ros_ws/install/moveit_common:/home/admin/ros_ws/install/kinematics_interface_kdl:/home/admin/ros_ws/install/kinematics_interface:/home/admin/ros_ws/install/controller_manager_msgs:/home/admin/ros_ws/install/eta_slam:/home/admin/ros_ws/install/eta_navigation:/home/admin/ros_ws/install/eta_hardware:/home/admin/ros_ws/install/eta_firmware:/home/admin/ros_ws/install/eta_bringup:/home/admin/ros_ws/install/eta_control:/home/admin/ros_ws/install/eta_description:/home/admin/ros_ws/install/eta_base:/opt/ros/kilted/opt/gz_sim_vendor:/opt/ros/kilted/opt/gz_sensors_vendor:/opt/ros/kilted/opt/gz_physics_vendor:/opt/ros/kilted/opt/sdformat_vendor:/opt/ros/kilted/opt/gz_gui_vendor:/opt/ros/kilted/opt/gz_transport_vendor:/opt/ros/kilted/opt/gz_rendering_vendor:/opt/ros/kilted/opt/gz_plugin_vendor:/opt/ros/kilted/opt/gz_fuel_tools_vendor:/opt/ros/kilted/opt/gz_msgs_vendor:/opt/ros/kilted/opt/gz_common_vendor:/opt/ros/kilted/opt/gz_math_vendor:/opt/ros/kilted/opt/gz_utils_vendor:/opt/ros/kilted/opt/gz_tools_vendor:/opt/ros/kilted/opt/gz_ogre_next_vendor:/opt/ros/kilted/opt/gz_dartsim_vendor:/opt/ros/kilted/opt/gz_cmake_vendor:/home/admin/ros_ws/install/moveit_configs_utils:/home/admin/ros_ws/install/ros2_controllers_test_nodes:/opt/ros/kilted LD_LIBRARY_PATH=/home/admin/ros_ws/src/eta_robots/Universal_Robots_ROS2_Driver/install/ur_dashboard_msgs/lib:/home/admin/ros_ws/src/eta_robots/Universal_Robots_ROS2_Driver/install/my_ur_msgs/lib:${LD_LIBRARY_PATH} PYTHONPATH=/home/admin/ros_ws/src/eta_robots/Universal_Robots_ROS2_Driver/install/ur_dashboard_msgs/lib/python3.12/site-packages:/home/admin/ros_ws/src/eta_robots/Universal_Robots_ROS2_Driver/install/my_ur_msgs/lib/python3.12/site-packages:${PYTHONPATH} /usr/bin/cmake --install /home/admin/ros_ws/src/eta_robots/Universal_Robots_ROS2_Driver/build/ur_controllers
[0.147s] -- Install configuration: ""
[0.147s] -- Up-to-date: /home/admin/ros_ws/src/eta_robots/Universal_Robots_ROS2_Driver/install/ur_controllers/include/ur_controllers
[0.147s] -- Up-to-date: /home/admin/ros_ws/src/eta_robots/Universal_Robots_ROS2_Driver/install/ur_controllers/include/ur_controllers/friction_model_controller_parameters.hpp
[0.147s] -- Up-to-date: /home/admin/ros_ws/src/eta_robots/Universal_Robots_ROS2_Driver/install/ur_controllers/include/ur_controllers/freedrive_mode_controller_parameters.hpp
[0.147s] -- Up-to-date: /home/admin/ros_ws/src/eta_robots/Universal_Robots_ROS2_Driver/install/ur_controllers/include/ur_controllers/scaled_joint_trajectory_controller_parameters.hpp
[0.147s] -- Up-to-date: /home/admin/ros_ws/src/eta_robots/Universal_Robots_ROS2_Driver/install/ur_controllers/include/ur_controllers/tool_contact_controller_parameters.hpp
[0.148s] -- Up-to-date: /home/admin/ros_ws/src/eta_robots/Universal_Robots_ROS2_Driver/install/ur_controllers/include/ur_controllers/force_mode_controller_parameters.hpp
[0.148s] -- Up-to-date: /home/admin/ros_ws/src/eta_robots/Universal_Robots_ROS2_Driver/install/ur_controllers/include/ur_controllers/passthrough_trajectory_controller_parameters.hpp
[0.148s] -- Up-to-date: /home/admin/ros_ws/src/eta_robots/Universal_Robots_ROS2_Driver/install/ur_controllers/include/ur_controllers/gravity_update_controller_parameters.hpp
[0.149s] -- Up-to-date: /home/admin/ros_ws/src/eta_robots/Universal_Robots_ROS2_Driver/install/ur_controllers/include/ur_controllers/ur_configuration_controller_parameters.hpp
[0.149s] -- Up-to-date: /home/admin/ros_ws/src/eta_robots/Universal_Robots_ROS2_Driver/install/ur_controllers/include/ur_controllers/speed_scaling_state_broadcaster_parameters.hpp
[0.149s] -- Up-to-date: /home/admin/ros_ws/src/eta_robots/Universal_Robots_ROS2_Driver/install/ur_controllers/include/ur_controllers
[0.149s] -- Up-to-date: /home/admin/ros_ws/src/eta_robots/Universal_Robots_ROS2_Driver/install/ur_controllers/include/ur_controllers/friction_model_controller_parameters.hpp
[0.149s] -- Up-to-date: /home/admin/ros_ws/src/eta_robots/Universal_Robots_ROS2_Driver/install/ur_controllers/include/ur_controllers/freedrive_mode_controller_parameters.hpp
[0.149s] -- Up-to-date: /home/admin/ros_ws/src/eta_robots/Universal_Robots_ROS2_Driver/install/ur_controllers/include/ur_controllers/scaled_joint_trajectory_controller_parameters.hpp
[0.149s] -- Up-to-date: /home/admin/ros_ws/src/eta_robots/Universal_Robots_ROS2_Driver/install/ur_controllers/include/ur_controllers/tool_contact_controller_parameters.hpp
[0.149s] -- Up-to-date: /home/admin/ros_ws/src/eta_robots/Universal_Robots_ROS2_Driver/install/ur_controllers/include/ur_controllers/force_mode_controller_parameters.hpp
[0.149s] -- Up-to-date: /home/admin/ros_ws/src/eta_robots/Universal_Robots_ROS2_Driver/install/ur_controllers/include/ur_controllers/passthrough_trajectory_controller_parameters.hpp
[0.150s] -- Up-to-date: /home/admin/ros_ws/src/eta_robots/Universal_Robots_ROS2_Driver/install/ur_controllers/include/ur_controllers/gravity_update_controller_parameters.hpp
[0.150s] -- Up-to-date: /home/admin/ros_ws/src/eta_robots/Universal_Robots_ROS2_Driver/install/ur_controllers/include/ur_controllers/ur_configuration_controller_parameters.hpp
[0.150s] -- Up-to-date: /home/admin/ros_ws/src/eta_robots/Universal_Robots_ROS2_Driver/install/ur_controllers/include/ur_controllers/speed_scaling_state_broadcaster_parameters.hpp
[0.150s] -- Up-to-date: /home/admin/ros_ws/src/eta_robots/Universal_Robots_ROS2_Driver/install/ur_controllers/include/ur_controllers
[0.150s] -- Up-to-date: /home/admin/ros_ws/src/eta_robots/Universal_Robots_ROS2_Driver/install/ur_controllers/include/ur_controllers/friction_model_controller_parameters.hpp
[0.150s] -- Up-to-date: /home/admin/ros_ws/src/eta_robots/Universal_Robots_ROS2_Driver/install/ur_controllers/include/ur_controllers/freedrive_mode_controller_parameters.hpp
[0.150s] -- Up-to-date: /home/admin/ros_ws/src/eta_robots/Universal_Robots_ROS2_Driver/install/ur_controllers/include/ur_controllers/scaled_joint_trajectory_controller_parameters.hpp
[0.150s] -- Up-to-date: /home/admin/ros_ws/src/eta_robots/Universal_Robots_ROS2_Driver/install/ur_controllers/include/ur_controllers/tool_contact_controller_parameters.hpp
[0.150s] -- Up-to-date: /home/admin/ros_ws/src/eta_robots/Universal_Robots_ROS2_Driver/install/ur_controllers/include/ur_controllers/force_mode_controller_parameters.hpp
[0.150s] -- Up-to-date: /home/admin/ros_ws/src/eta_robots/Universal_Robots_ROS2_Driver/install/ur_controllers/include/ur_controllers/passthrough_trajectory_controller_parameters.hpp
[0.151s] -- Up-to-date: /home/admin/ros_ws/src/eta_robots/Universal_Robots_ROS2_Driver/install/ur_controllers/include/ur_controllers/gravity_update_controller_parameters.hpp
[0.151s] -- Up-to-date: /home/admin/ros_ws/src/eta_robots/Universal_Robots_ROS2_Driver/install/ur_controllers/include/ur_controllers/ur_configuration_controller_parameters.hpp
[0.152s] -- Up-to-date: /home/admin/ros_ws/src/eta_robots/Universal_Robots_ROS2_Driver/install/ur_controllers/include/ur_controllers/speed_scaling_state_broadcaster_parameters.hpp
[0.152s] -- Up-to-date: /home/admin/ros_ws/src/eta_robots/Universal_Robots_ROS2_Driver/install/ur_controllers/include/ur_controllers
[0.152s] -- Up-to-date: /home/admin/ros_ws/src/eta_robots/Universal_Robots_ROS2_Driver/install/ur_controllers/include/ur_controllers/friction_model_controller_parameters.hpp
[0.153s] -- Up-to-date: /home/admin/ros_ws/src/eta_robots/Universal_Robots_ROS2_Driver/install/ur_controllers/include/ur_controllers/freedrive_mode_controller_parameters.hpp
[0.153s] -- Up-to-date: /home/admin/ros_ws/src/eta_robots/Universal_Robots_ROS2_Driver/install/ur_controllers/include/ur_controllers/scaled_joint_trajectory_controller_parameters.hpp
[0.153s] -- Up-to-date: /home/admin/ros_ws/src/eta_robots/Universal_Robots_ROS2_Driver/install/ur_controllers/include/ur_controllers/tool_contact_controller_parameters.hpp
[0.153s] -- Up-to-date: /home/admin/ros_ws/src/eta_robots/Universal_Robots_ROS2_Driver/install/ur_controllers/include/ur_controllers/force_mode_controller_parameters.hpp
[0.153s] -- Up-to-date: /home/admin/ros_ws/src/eta_robots/Universal_Robots_ROS2_Driver/install/ur_controllers/include/ur_controllers/passthrough_trajectory_controller_parameters.hpp
[0.154s] -- Up-to-date: /home/admin/ros_ws/src/eta_robots/Universal_Robots_ROS2_Driver/install/ur_controllers/include/ur_controllers/gravity_update_controller_parameters.hpp
[0.154s] -- Up-to-date: /home/admin/ros_ws/src/eta_robots/Universal_Robots_ROS2_Driver/install/ur_controllers/include/ur_controllers/ur_configuration_controller_parameters.hpp
[0.154s] -- Up-to-date: /home/admin/ros_ws/src/eta_robots/Universal_Robots_ROS2_Driver/install/ur_controllers/include/ur_controllers/speed_scaling_state_broadcaster_parameters.hpp
[0.154s] -- Up-to-date: /home/admin/ros_ws/src/eta_robots/Universal_Robots_ROS2_Driver/install/ur_controllers/include/ur_controllers
[0.154s] -- Up-to-date: /home/admin/ros_ws/src/eta_robots/Universal_Robots_ROS2_Driver/install/ur_controllers/include/ur_controllers/friction_model_controller_parameters.hpp
[0.154s] -- Up-to-date: /home/admin/ros_ws/src/eta_robots/Universal_Robots_ROS2_Driver/install/ur_controllers/include/ur_controllers/freedrive_mode_controller_parameters.hpp
[0.154s] -- Up-to-date: /home/admin/ros_ws/src/eta_robots/Universal_Robots_ROS2_Driver/install/ur_controllers/include/ur_controllers/scaled_joint_trajectory_controller_parameters.hpp
[0.155s] -- Up-to-date: /home/admin/ros_ws/src/eta_robots/Universal_Robots_ROS2_Driver/install/ur_controllers/include/ur_controllers/tool_contact_controller_parameters.hpp
[0.155s] -- Up-to-date: /home/admin/ros_ws/src/eta_robots/Universal_Robots_ROS2_Driver/install/ur_controllers/include/ur_controllers/force_mode_controller_parameters.hpp
[0.155s] -- Up-to-date: /home/admin/ros_ws/src/eta_robots/Universal_Robots_ROS2_Driver/install/ur_controllers/include/ur_controllers/passthrough_trajectory_controller_parameters.hpp
[0.155s] -- Up-to-date: /home/admin/ros_ws/src/eta_robots/Universal_Robots_ROS2_Driver/install/ur_controllers/include/ur_controllers/gravity_update_controller_parameters.hpp
[0.155s] -- Up-to-date: /home/admin/ros_ws/src/eta_robots/Universal_Robots_ROS2_Driver/install/ur_controllers/include/ur_controllers/ur_configuration_controller_parameters.hpp
[0.156s] -- Up-to-date: /home/admin/ros_ws/src/eta_robots/Universal_Robots_ROS2_Driver/install/ur_controllers/include/ur_controllers/speed_scaling_state_broadcaster_parameters.hpp
[0.156s] -- Up-to-date: /home/admin/ros_ws/src/eta_robots/Universal_Robots_ROS2_Driver/install/ur_controllers/include/ur_controllers
[0.156s] -- Up-to-date: /home/admin/ros_ws/src/eta_robots/Universal_Robots_ROS2_Driver/install/ur_controllers/include/ur_controllers/friction_model_controller_parameters.hpp
[0.157s] -- Up-to-date: /home/admin/ros_ws/src/eta_robots/Universal_Robots_ROS2_Driver/install/ur_controllers/include/ur_controllers/freedrive_mode_controller_parameters.hpp
[0.157s] -- Up-to-date: /home/admin/ros_ws/src/eta_robots/Universal_Robots_ROS2_Driver/install/ur_controllers/include/ur_controllers/scaled_joint_trajectory_controller_parameters.hpp
[0.157s] -- Up-to-date: /home/admin/ros_ws/src/eta_robots/Universal_Robots_ROS2_Driver/install/ur_controllers/include/ur_controllers/tool_contact_controller_parameters.hpp
[0.158s] -- Up-to-date: /home/admin/ros_ws/src/eta_robots/Universal_Robots_ROS2_Driver/install/ur_controllers/include/ur_controllers/force_mode_controller_parameters.hpp
[0.158s] -- Up-to-date: /home/admin/ros_ws/src/eta_robots/Universal_Robots_ROS2_Driver/install/ur_controllers/include/ur_controllers/passthrough_trajectory_controller_parameters.hpp
[0.158s] -- Up-to-date: /home/admin/ros_ws/src/eta_robots/Universal_Robots_ROS2_Driver/install/ur_controllers/include/ur_controllers/gravity_update_controller_parameters.hpp
[0.159s] -- Up-to-date: /home/admin/ros_ws/src/eta_robots/Universal_Robots_ROS2_Driver/install/ur_controllers/include/ur_controllers/ur_configuration_controller_parameters.hpp
[0.159s] -- Up-to-date: /home/admin/ros_ws/src/eta_robots/Universal_Robots_ROS2_Driver/install/ur_controllers/include/ur_controllers/speed_scaling_state_broadcaster_parameters.hpp
[0.159s] -- Up-to-date: /home/admin/ros_ws/src/eta_robots/Universal_Robots_ROS2_Driver/install/ur_controllers/include/ur_controllers
[0.159s] -- Up-to-date: /home/admin/ros_ws/src/eta_robots/Universal_Robots_ROS2_Driver/install/ur_controllers/include/ur_controllers/friction_model_controller_parameters.hpp
[0.160s] -- Up-to-date: /home/admin/ros_ws/src/eta_robots/Universal_Robots_ROS2_Driver/install/ur_controllers/include/ur_controllers/freedrive_mode_controller_parameters.hpp
[0.160s] -- Up-to-date: /home/admin/ros_ws/src/eta_robots/Universal_Robots_ROS2_Driver/install/ur_controllers/include/ur_controllers/scaled_joint_trajectory_controller_parameters.hpp
[0.160s] -- Up-to-date: /home/admin/ros_ws/src/eta_robots/Universal_Robots_ROS2_Driver/install/ur_controllers/include/ur_controllers/tool_contact_controller_parameters.hpp
[0.160s] -- Up-to-date: /home/admin/ros_ws/src/eta_robots/Universal_Robots_ROS2_Driver/install/ur_controllers/include/ur_controllers/force_mode_controller_parameters.hpp
[0.160s] -- Up-to-date: /home/admin/ros_ws/src/eta_robots/Universal_Robots_ROS2_Driver/install/ur_controllers/include/ur_controllers/passthrough_trajectory_controller_parameters.hpp
[0.161s] -- Up-to-date: /home/admin/ros_ws/src/eta_robots/Universal_Robots_ROS2_Driver/install/ur_controllers/include/ur_controllers/gravity_update_controller_parameters.hpp
[0.161s] -- Up-to-date: /home/admin/ros_ws/src/eta_robots/Universal_Robots_ROS2_Driver/install/ur_controllers/include/ur_controllers/ur_configuration_controller_parameters.hpp
[0.161s] -- Up-to-date: /home/admin/ros_ws/src/eta_robots/Universal_Robots_ROS2_Driver/install/ur_controllers/include/ur_controllers/speed_scaling_state_broadcaster_parameters.hpp
[0.161s] -- Up-to-date: /home/admin/ros_ws/src/eta_robots/Universal_Robots_ROS2_Driver/install/ur_controllers/include/ur_controllers
[0.162s] -- Up-to-date: /home/admin/ros_ws/src/eta_robots/Universal_Robots_ROS2_Driver/install/ur_controllers/include/ur_controllers/friction_model_controller_parameters.hpp
[0.163s] -- Up-to-date: /home/admin/ros_ws/src/eta_robots/Universal_Robots_ROS2_Driver/install/ur_controllers/include/ur_controllers/freedrive_mode_controller_parameters.hpp
[0.163s] -- Up-to-date: /home/admin/ros_ws/src/eta_robots/Universal_Robots_ROS2_Driver/install/ur_controllers/include/ur_controllers/scaled_joint_trajectory_controller_parameters.hpp
[0.163s] -- Up-to-date: /home/admin/ros_ws/src/eta_robots/Universal_Robots_ROS2_Driver/install/ur_controllers/include/ur_controllers/tool_contact_controller_parameters.hpp
[0.164s] -- Up-to-date: /home/admin/ros_ws/src/eta_robots/Universal_Robots_ROS2_Driver/install/ur_controllers/include/ur_controllers/force_mode_controller_parameters.hpp
[0.164s] -- Up-to-date: /home/admin/ros_ws/src/eta_robots/Universal_Robots_ROS2_Driver/install/ur_controllers/include/ur_controllers/passthrough_trajectory_controller_parameters.hpp
[0.164s] -- Up-to-date: /home/admin/ros_ws/src/eta_robots/Universal_Robots_ROS2_Driver/install/ur_controllers/include/ur_controllers/gravity_update_controller_parameters.hpp
[0.164s] -- Up-to-date: /home/admin/ros_ws/src/eta_robots/Universal_Robots_ROS2_Driver/install/ur_controllers/include/ur_controllers/ur_configuration_controller_parameters.hpp
[0.165s] -- Up-to-date: /home/admin/ros_ws/src/eta_robots/Universal_Robots_ROS2_Driver/install/ur_controllers/include/ur_controllers/speed_scaling_state_broadcaster_parameters.hpp
[0.165s] -- Up-to-date: /home/admin/ros_ws/src/eta_robots/Universal_Robots_ROS2_Driver/install/ur_controllers/include/ur_controllers
[0.165s] -- Up-to-date: /home/admin/ros_ws/src/eta_robots/Universal_Robots_ROS2_Driver/install/ur_controllers/include/ur_controllers/friction_model_controller_parameters.hpp
[0.165s] -- Up-to-date: /home/admin/ros_ws/src/eta_robots/Universal_Robots_ROS2_Driver/install/ur_controllers/include/ur_controllers/freedrive_mode_controller_parameters.hpp
[0.165s] -- Up-to-date: /home/admin/ros_ws/src/eta_robots/Universal_Robots_ROS2_Driver/install/ur_controllers/include/ur_controllers/scaled_joint_trajectory_controller_parameters.hpp
[0.165s] -- Up-to-date: /home/admin/ros_ws/src/eta_robots/Universal_Robots_ROS2_Driver/install/ur_controllers/include/ur_controllers/tool_contact_controller_parameters.hpp
[0.166s] -- Up-to-date: /home/admin/ros_ws/src/eta_robots/Universal_Robots_ROS2_Driver/install/ur_controllers/include/ur_controllers/force_mode_controller_parameters.hpp
[0.166s] -- Up-to-date: /home/admin/ros_ws/src/eta_robots/Universal_Robots_ROS2_Driver/install/ur_controllers/include/ur_controllers/passthrough_trajectory_controller_parameters.hpp
[0.166s] -- Up-to-date: /home/admin/ros_ws/src/eta_robots/Universal_Robots_ROS2_Driver/install/ur_controllers/include/ur_controllers/gravity_update_controller_parameters.hpp
[0.166s] -- Up-to-date: /home/admin/ros_ws/src/eta_robots/Universal_Robots_ROS2_Driver/install/ur_controllers/include/ur_controllers/ur_configuration_controller_parameters.hpp
[0.166s] -- Up-to-date: /home/admin/ros_ws/src/eta_robots/Universal_Robots_ROS2_Driver/install/ur_controllers/include/ur_controllers/speed_scaling_state_broadcaster_parameters.hpp
[0.166s] -- Up-to-date: /home/admin/ros_ws/src/eta_robots/Universal_Robots_ROS2_Driver/install/ur_controllers/share/ur_controllers/controller_plugins.xml
[0.167s] -- Up-to-date: /home/admin/ros_ws/src/eta_robots/Universal_Robots_ROS2_Driver/install/ur_controllers/lib/libur_controllers.so
[0.167s] -- Up-to-date: /home/admin/ros_ws/src/eta_robots/Universal_Robots_ROS2_Driver/install/ur_controllers/include
[0.167s] -- Up-to-date: /home/admin/ros_ws/src/eta_robots/Universal_Robots_ROS2_Driver/install/ur_controllers/include/ur_controllers
[0.167s] -- Up-to-date: /home/admin/ros_ws/src/eta_robots/Universal_Robots_ROS2_Driver/install/ur_controllers/include/ur_controllers/passthrough_trajectory_controller.hpp
[0.168s] -- Up-to-date: /home/admin/ros_ws/src/eta_robots/Universal_Robots_ROS2_Driver/install/ur_controllers/include/ur_controllers/scaled_joint_trajectory_controller.hpp
[0.168s] -- Up-to-date: /home/admin/ros_ws/src/eta_robots/Universal_Robots_ROS2_Driver/install/ur_controllers/include/ur_controllers/freedrive_mode_controller.hpp
[0.168s] -- Up-to-date: /home/admin/ros_ws/src/eta_robots/Universal_Robots_ROS2_Driver/install/ur_controllers/include/ur_controllers/ur_configuration_controller.hpp
[0.168s] -- Up-to-date: /home/admin/ros_ws/src/eta_robots/Universal_Robots_ROS2_Driver/install/ur_controllers/include/ur_controllers/speed_scaling_state_broadcaster.hpp
[0.168s] -- Up-to-date: /home/admin/ros_ws/src/eta_robots/Universal_Robots_ROS2_Driver/install/ur_controllers/include/ur_controllers/gpio_controller.hpp
[0.168s] -- Up-to-date: /home/admin/ros_ws/src/eta_robots/Universal_Robots_ROS2_Driver/install/ur_controllers/include/ur_controllers/friction_model_controller.hpp
[0.168s] -- Up-to-date: /home/admin/ros_ws/src/eta_robots/Universal_Robots_ROS2_Driver/install/ur_controllers/include/ur_controllers/tool_contact_controller.hpp
[0.168s] -- Up-to-date: /home/admin/ros_ws/src/eta_robots/Universal_Robots_ROS2_Driver/install/ur_controllers/include/ur_controllers/force_mode_controller.hpp
[0.169s] -- Up-to-date: /home/admin/ros_ws/src/eta_robots/Universal_Robots_ROS2_Driver/install/ur_controllers/include/ur_controllers/gravity_update_controller.hpp
[0.169s] -- Up-to-date: /home/admin/ros_ws/src/eta_robots/Universal_Robots_ROS2_Driver/install/ur_controllers/share/ur_controllers/controller_plugins.xml
[0.169s] -- Up-to-date: /home/admin/ros_ws/src/eta_robots/Universal_Robots_ROS2_Driver/install/ur_controllers/share/ur_controllers/environment/library_path.sh
[0.169s] -- Up-to-date: /home/admin/ros_ws/src/eta_robots/Universal_Robots_ROS2_Driver/install/ur_controllers/share/ur_controllers/environment/library_path.dsv
[0.169s] -- Up-to-date: /home/admin/ros_ws/src/eta_robots/Universal_Robots_ROS2_Driver/install/ur_controllers/share/ament_index/resource_index/package_run_dependencies/ur_controllers
[0.169s] -- Up-to-date: /home/admin/ros_ws/src/eta_robots/Universal_Robots_ROS2_Driver/install/ur_controllers/share/ament_index/resource_index/parent_prefix_path/ur_controllers
[0.169s] -- Up-to-date: /home/admin/ros_ws/src/eta_robots/Universal_Robots_ROS2_Driver/install/ur_controllers/share/ur_controllers/environment/ament_prefix_path.sh
[0.170s] -- Up-to-date: /home/admin/ros_ws/src/eta_robots/Universal_Robots_ROS2_Driver/install/ur_controllers/share/ur_controllers/environment/ament_prefix_path.dsv
[0.170s] -- Up-to-date: /home/admin/ros_ws/src/eta_robots/Universal_Robots_ROS2_Driver/install/ur_controllers/share/ur_controllers/environment/path.sh
[0.170s] -- Up-to-date: /home/admin/ros_ws/src/eta_robots/Universal_Robots_ROS2_Driver/install/ur_controllers/share/ur_controllers/environment/path.dsv
[0.170s] -- Up-to-date: /home/admin/ros_ws/src/eta_robots/Universal_Robots_ROS2_Driver/install/ur_controllers/share/ur_controllers/local_setup.bash
[0.171s] -- Up-to-date: /home/admin/ros_ws/src/eta_robots/Universal_Robots_ROS2_Driver/install/ur_controllers/share/ur_controllers/local_setup.sh
[0.171s] -- Up-to-date: /home/admin/ros_ws/src/eta_robots/Universal_Robots_ROS2_Driver/install/ur_controllers/share/ur_controllers/local_setup.zsh
[0.171s] -- Up-to-date: /home/admin/ros_ws/src/eta_robots/Universal_Robots_ROS2_Driver/install/ur_controllers/share/ur_controllers/local_setup.dsv
[0.171s] -- Installing: /home/admin/ros_ws/src/eta_robots/Universal_Robots_ROS2_Driver/install/ur_controllers/share/ur_controllers/package.dsv
[0.171s] -- Up-to-date: /home/admin/ros_ws/src/eta_robots/Universal_Robots_ROS2_Driver/install/ur_controllers/share/ament_index/resource_index/packages/ur_controllers
[0.172s] -- Up-to-date: /home/admin/ros_ws/src/eta_robots/Universal_Robots_ROS2_Driver/install/ur_controllers/share/ament_index/resource_index/controller_interface__pluginlib__plugin/ur_controllers
[0.172s] -- Up-to-date: /home/admin/ros_ws/src/eta_robots/Universal_Robots_ROS2_Driver/install/ur_controllers/share/ur_controllers/cmake/ament_cmake_export_dependencies-extras.cmake
[0.172s] -- Up-to-date: /home/admin/ros_ws/src/eta_robots/Universal_Robots_ROS2_Driver/install/ur_controllers/share/ur_controllers/cmake/ament_cmake_export_include_directories-extras.cmake
[0.173s] -- Up-to-date: /home/admin/ros_ws/src/eta_robots/Universal_Robots_ROS2_Driver/install/ur_controllers/share/ur_controllers/cmake/ament_cmake_export_libraries-extras.cmake
[0.173s] -- Up-to-date: /home/admin/ros_ws/src/eta_robots/Universal_Robots_ROS2_Driver/install/ur_controllers/share/ur_controllers/cmake/ur_controllersConfig.cmake
[0.174s] -- Up-to-date: /home/admin/ros_ws/src/eta_robots/Universal_Robots_ROS2_Driver/install/ur_controllers/share/ur_controllers/cmake/ur_controllersConfig-version.cmake
[0.174s] -- Up-to-date: /home/admin/ros_ws/src/eta_robots/Universal_Robots_ROS2_Driver/install/ur_controllers/share/ur_controllers/package.xml
[0.174s] Invoked command in '/home/admin/ros_ws/src/eta_robots/Universal_Robots_ROS2_Driver/build/ur_controllers' returned '0': AMENT_PREFIX_PATH=/home/admin/ros_ws/src/eta_robots/Universal_Robots_ROS2_Driver/install/ur_dashboard_msgs:/home/admin/ros_ws/src/eta_robots/Universal_Robots_ROS2_Driver/install/my_ur_msgs:${AMENT_PREFIX_PATH} CMAKE_PREFIX_PATH=/home/admin/ros_ws/src/eta_robots/Universal_Robots_ROS2_Driver/install/ur_dashboard_msgs:/home/admin/ros_ws/src/eta_robots/Universal_Robots_ROS2_Driver/install/my_ur_msgs:/home/admin/ros_ws/install/my_ur_msgs:/home/admin/ros_ws/install/ur_controllers:/home/admin/ros_ws/install/ur_msgs:/home/admin/ros_ws/install/ur_moveit_config:/home/admin/ros_ws/install/ur_description:/home/admin/ros_ws/install/ur_dashboard_msgs:/home/admin/ros_ws/install/ur_client_library:/home/admin/ros_ws/install/srdfdom:/home/admin/ros_ws/install/ros2_control_test_assets:/home/admin/ros_ws/install/joint_limits:/home/admin/ros_ws/install/realtime_tools:/home/admin/ros_ws/install/moveit_resources_prbt_support:/home/admin/ros_ws/install/moveit_resources_pr2_description:/home/admin/ros_ws/install/dual_arm_panda_moveit_config:/home/admin/ros_ws/install/moveit_resources_panda_description:/home/admin/ros_ws/install/moveit_resources_fanuc_description:/home/admin/ros_ws/install/moveit_common:/home/admin/ros_ws/install/kinematics_interface_kdl:/home/admin/ros_ws/install/kinematics_interface:/home/admin/ros_ws/install/controller_manager_msgs:/home/admin/ros_ws/install/eta_slam:/home/admin/ros_ws/install/eta_navigation:/home/admin/ros_ws/install/eta_hardware:/home/admin/ros_ws/install/eta_firmware:/home/admin/ros_ws/install/eta_bringup:/home/admin/ros_ws/install/eta_control:/home/admin/ros_ws/install/eta_description:/home/admin/ros_ws/install/eta_base:/opt/ros/kilted/opt/gz_sim_vendor:/opt/ros/kilted/opt/gz_sensors_vendor:/opt/ros/kilted/opt/gz_physics_vendor:/opt/ros/kilted/opt/sdformat_vendor:/opt/ros/kilted/opt/gz_gui_vendor:/opt/ros/kilted/opt/gz_transport_vendor:/opt/ros/kilted/opt/gz_rendering_vendor:/opt/ros/kilted/opt/gz_plugin_vendor:/opt/ros/kilted/opt/gz_fuel_tools_vendor:/opt/ros/kilted/opt/gz_msgs_vendor:/opt/ros/kilted/opt/gz_common_vendor:/opt/ros/kilted/opt/gz_math_vendor:/opt/ros/kilted/opt/gz_utils_vendor:/opt/ros/kilted/opt/gz_tools_vendor:/opt/ros/kilted/opt/gz_ogre_next_vendor:/opt/ros/kilted/opt/gz_dartsim_vendor:/opt/ros/kilted/opt/gz_cmake_vendor:/home/admin/ros_ws/install/moveit_configs_utils:/home/admin/ros_ws/install/ros2_controllers_test_nodes:/opt/ros/kilted LD_LIBRARY_PATH=/home/admin/ros_ws/src/eta_robots/Universal_Robots_ROS2_Driver/install/ur_dashboard_msgs/lib:/home/admin/ros_ws/src/eta_robots/Universal_Robots_ROS2_Driver/install/my_ur_msgs/lib:${LD_LIBRARY_PATH} PYTHONPATH=/home/admin/ros_ws/src/eta_robots/Universal_Robots_ROS2_Driver/install/ur_dashboard_msgs/lib/python3.12/site-packages:/home/admin/ros_ws/src/eta_robots/Universal_Robots_ROS2_Driver/install/my_ur_msgs/lib/python3.12/site-packages:${PYTHONPATH} /usr/bin/cmake --install /home/admin/ros_ws/src/eta_robots/Universal_Robots_ROS2_Driver/build/ur_controllers
